Component: Arm Compiler for Embedded 6.24 Tool: armlink [5f371500]

==============================================================================

Section Cross References

    startup_stm32f103xe.o(RESET) refers to startup_stm32f103xe.o(STACK) for __initial_sp
    startup_stm32f103xe.o(RESET) refers to startup_stm32f103xe.o(.text) for Reset_Handler
    startup_stm32f103xe.o(RESET) refers to stm32f1xx_it.o(.text.NMI_Handler) for NMI_Handler
    startup_stm32f103xe.o(RESET) refers to stm32f1xx_it.o(.text.HardFault_Handler) for HardFault_Handler
    startup_stm32f103xe.o(RESET) refers to stm32f1xx_it.o(.text.MemManage_Handler) for MemManage_Handler
    startup_stm32f103xe.o(RESET) refers to stm32f1xx_it.o(.text.BusFault_Handler) for BusFault_Handler
    startup_stm32f103xe.o(RESET) refers to stm32f1xx_it.o(.text.UsageFault_Handler) for UsageFault_Handler
    startup_stm32f103xe.o(RESET) refers to stm32f1xx_it.o(.text.SVC_Handler) for SVC_Handler
    startup_stm32f103xe.o(RESET) refers to stm32f1xx_it.o(.text.DebugMon_Handler) for DebugMon_Handler
    startup_stm32f103xe.o(RESET) refers to stm32f1xx_it.o(.text.PendSV_Handler) for PendSV_Handler
    startup_stm32f103xe.o(RESET) refers to stm32f1xx_it.o(.text.SysTick_Handler) for SysTick_Handler
    startup_stm32f103xe.o(RESET) refers to stm32f1xx_it.o(.text.USB_LP_CAN1_RX0_IRQHandler) for USB_LP_CAN1_RX0_IRQHandler
    startup_stm32f103xe.o(RESET) refers to uart.o(.text.USART1_IRQHandler) for USART1_IRQHandler
    startup_stm32f103xe.o(RESET) refers to uart.o(.text.USART2_IRQHandler) for USART2_IRQHandler
    startup_stm32f103xe.o(RESET) refers to uart.o(.text.USART3_IRQHandler) for USART3_IRQHandler
    startup_stm32f103xe.o(RESET) refers to uart.o(.text.UART4_IRQHandler) for UART4_IRQHandler
    startup_stm32f103xe.o(.text) refers to system_stm32f1xx.o(.text.SystemInit) for SystemInit
    startup_stm32f103xe.o(.text) refers to entry.o(.ARM.Collect$$$$00000000) for __main
    main.o(.text.main) refers to stm32f1xx_hal.o(.text.HAL_Init) for HAL_Init
    main.o(.text.main) refers to main.o(.text.SystemClock_Config) for SystemClock_Config
    main.o(.text.main) refers to stm32f1xx_hal_gpio.o(.text.HAL_GPIO_WritePin) for HAL_GPIO_WritePin
    main.o(.text.main) refers to stm32f1xx_hal_gpio.o(.text.HAL_GPIO_Init) for HAL_GPIO_Init
    main.o(.text.main) refers to main.o(.bss..L_MergedGlobals) for .L_MergedGlobals
    main.o(.text.main) refers to stm32f1xx_hal_dac.o(.text.HAL_DAC_Init) for HAL_DAC_Init
    main.o(.text.main) refers to fault_monitor.o(.text.fault_monitor_capture) for fault_monitor_capture
    main.o(.text.main) refers to stm32f1xx_hal_dac.o(.text.HAL_DAC_ConfigChannel) for HAL_DAC_ConfigChannel
    main.o(.text.main) refers to stm32f1xx_hal_tim.o(.text.HAL_TIM_Base_Init) for HAL_TIM_Base_Init
    main.o(.text.main) refers to stm32f1xx_hal_tim.o(.text.HAL_TIM_ConfigClockSource) for HAL_TIM_ConfigClockSource
    main.o(.text.main) refers to stm32f1xx_hal_tim.o(.text.HAL_TIM_PWM_Init) for HAL_TIM_PWM_Init
    main.o(.text.main) refers to stm32f1xx_hal_tim_ex.o(.text.HAL_TIMEx_MasterConfigSynchronization) for HAL_TIMEx_MasterConfigSynchronization
    main.o(.text.main) refers to stm32f1xx_hal_tim.o(.text.HAL_TIM_PWM_ConfigChannel) for HAL_TIM_PWM_ConfigChannel
    main.o(.text.main) refers to stm32f1xx_hal_tim_ex.o(.text.HAL_TIMEx_ConfigBreakDeadTime) for HAL_TIMEx_ConfigBreakDeadTime
    main.o(.text.main) refers to stm32f1xx_hal_msp.o(.text.HAL_TIM_MspPostInit) for HAL_TIM_MspPostInit
    main.o(.text.main) refers to main.o(.bss.htim2) for htim2
    main.o(.text.main) refers to stm32f1xx_hal_tim.o(.text.HAL_TIM_SlaveConfigSynchro) for HAL_TIM_SlaveConfigSynchro
    main.o(.text.main) refers to main.o(.bss.huart4) for huart4
    main.o(.text.main) refers to stm32f1xx_hal_uart.o(.text.HAL_UART_Init) for HAL_UART_Init
    main.o(.text.main) refers to main.o(.bss.huart1) for huart1
    main.o(.text.main) refers to main.o(.bss.huart2) for huart2
    main.o(.text.main) refers to main.o(.bss.huart3) for huart3
    main.o(.text.main) refers to usb_device.o(.text.MX_USB_DEVICE_Init) for MX_USB_DEVICE_Init
    main.o(.text.main) refers to modbus_master.o(.text.modbus_master_init) for modbus_master_init
    main.o(.text.main) refers to modbus_master_h2.o(.text.modbus_master_h2_init) for modbus_master_h2_init
    main.o(.text.main) refers to uart.o(.text.uart_startReceiveIT) for uart_startReceiveIT
    main.o(.text.main) refers to rtc.o(.text.rtc_init) for rtc_init
    main.o(.text.main) refers to dac.o(.text.DAC_OutputInit) for DAC_OutputInit
    main.o(.text.main) refers to pump.o(.text.pump_init) for pump_init
    main.o(.text.main) refers to fan.o(.text.fan_init) for fan_init
    main.o(.text.main) refers to hmi_task.o(.text.dgusii_HMI_task) for dgusii_HMI_task
    main.o(.text.main) refers to dgusii.o(.text.dgusii_init) for dgusii_init
    main.o(.text.main) refers to usb_task.o(.text.usb_task_init) for usb_task_init
[...]
    USBD_SetClassConfig                      0x0800595d   Thumb Code    28  usbd_core.o(.text.USBD_SetClassConfig)
    USBD_Start                               0x08005979   Thumb Code    10  usbd_core.o(.text.USBD_Start)
    USBD_StdDevReq                           0x08005985   Thumb Code   746  usbd_ctlreq.o(.text.USBD_StdDevReq)
    USBD_StdEPReq                            0x08005c71   Thumb Code   328  usbd_ctlreq.o(.text.USBD_StdEPReq)
    USBD_StdItfReq                           0x08005db9   Thumb Code    84  usbd_ctlreq.o(.text.USBD_StdItfReq)
    USBD_static_free                         0x08005e0d   Thumb Code     2  usbd_conf.o(.text.USBD_static_free)
    USBD_static_malloc                       0x08005e11   Thumb Code    10  usbd_conf.o(.text.USBD_static_malloc)
    USB_ActivateEndpoint                     0x08005e1d   Thumb Code   636  stm32f1xx_ll_usb.o(.text.USB_ActivateEndpoint)
    USB_CoreInit                             0x08006099   Thumb Code     4  stm32f1xx_ll_usb.o(.text.USB_CoreInit)
    USB_DeactivateEndpoint                   0x0800609d   Thumb Code   222  stm32f1xx_ll_usb.o(.text.USB_DeactivateEndpoint)
    USB_DevConnect                           0x0800617d   Thumb Code     4  stm32f1xx_ll_usb.o(.text.USB_DevConnect)
    USB_DevDisconnect                        0x08006181   Thumb Code     4  stm32f1xx_ll_usb.o(.text.USB_DevDisconnect)
    USB_DevInit                              0x08006185   Thumb Code    26  stm32f1xx_ll_usb.o(.text.USB_DevInit)
    USB_DisableGlobalInt                     0x080061a1   Thumb Code    20  stm32f1xx_ll_usb.o(.text.USB_DisableGlobalInt)
    USB_EP0_OutStart                         0x080061b5   Thumb Code     4  stm32f1xx_ll_usb.o(.text.USB_EP0_OutStart)
    USB_EPClearStall                         0x080061b9   Thumb Code   116  stm32f1xx_ll_usb.o(.text.USB_EPClearStall)
    USB_EPSetStall                           0x0800622d   Thumb Code    50  stm32f1xx_ll_usb.o(.text.USB_EPSetStall)
    USB_EPStartXfer                          0x08006261   Thumb Code  2098  stm32f1xx_ll_usb.o(.text.USB_EPStartXfer)
    USB_EnableGlobalInt                      0x08006a95   Thumb Code    18  stm32f1xx_ll_usb.o(.text.USB_EnableGlobalInt)
    USB_LP_CAN1_RX0_IRQHandler               0x08006aa9   Thumb Code    12  stm32f1xx_it.o(.text.USB_LP_CAN1_RX0_IRQHandler)
    USB_ReadInterrupts                       0x08006ab5   Thumb Code     6  stm32f1xx_ll_usb.o(.text.USB_ReadInterrupts)
    USB_ReadPMA                              0x08006abd   Thumb Code   180  stm32f1xx_ll_usb.o(.text.USB_ReadPMA)
    USB_SetCurrentMode                       0x08006b71   Thumb Code     4  stm32f1xx_ll_usb.o(.text.USB_SetCurrentMode)
    USB_SetDevAddress                        0x08006b75   Thumb Code    14  stm32f1xx_ll_usb.o(.text.USB_SetDevAddress)
    USB_WritePMA                             0x08006b85   Thumb Code   154  stm32f1xx_ll_usb.o(.text.USB_WritePMA)
    USB_rx_buffer                            0x08006c21   Thumb Code    10  usbd_cdc_if.o(.text.USB_rx_buffer)
    UsageFault_Handler                       0x08006c2d   Thumb Code    50  stm32f1xx_it.o(.text.UsageFault_Handler)
    _C2H2_getdata                            0x08006c65   Thumb Code    12  c2h2.o(.text._C2H2_getdata)
    app_scheduler_delay_ms                   0x080079cd   Thumb Code    24  app_scheduler.o(.text.app_scheduler_delay_ms)
    app_scheduler_millis                     0x080079e5   Thumb Code    12  app_scheduler.o(.text.app_scheduler_millis)
    app_scheduler_run                        0x080079f1   Thumb Code    96  app_scheduler.o(.text.app_scheduler_run)
    app_scheduler_set_millis                 0x08007a51   Thumb Code    12  app_scheduler.o(.text.app_scheduler_set_millis)
    app_scheduler_tick                       0x08007a5d   Thumb Code    16  app_scheduler.o(.text.app_scheduler_tick)
    app_tasks_run_running                    0x08007a99   Thumb Code    14  app_tasks.o(.text.app_tasks_run_running)
    app_tasks_run_stop                       0x08007aa9   Thumb Code    14  app_tasks.o(.text.app_tasks_run_stop)
    bcd2dec                                  0x08007ab9   Thumb Code    14  stats.o(.text.bcd2dec)
    bus485_request                           0x08007ac9   Thumb Code   300  bus485_task.o(.text.bus485_request)
    bus485_run                               0x08007c7d   Thumb Code   380  bus485_task.o(.text.bus485_run)
    cleanUSB_rev_data                        0x08007e5d   Thumb Code    30  usbd_cdc_if.o(.text.cleanUSB_rev_data)
    dataup_set_enable                        0x08007e7d   Thumb Code    84  dataup.o(.text.dataup_set_enable)
    dev_addr_save                            0x08007ed1   Thumb Code   116  dev_addr.o(.text.dev_addr_save)
    dg408_select                             0x08007f45   Thumb Code    76  dg408.o(.text.dg408_select)
    dgusii_HMI_task                          0x08007f91   Thumb Code   540  hmi_task.o(.text.dgusii_HMI_task)
    dgusii_init                              0x080081b1   Thumb Code    40  dgusii.o(.text.dgusii_init)
    dgusii_poll                              0x080081d9   Thumb Code   424  dgusii.o(.text.dgusii_poll)
    dgusii_recover                           0x08008381   Thumb Code    48  dgusii.o(.text.dgusii_recover)
    dgusii_request                           0x080083b1   Thumb Code   240  dgusii.o(.text.dgusii_request)
    dgusii_send                              0x080084a1   Thumb Code   100  dgusii.o(.text.dgusii_send)
    dgusii_tick_ms                           0x08008505   Thumb Code    20  dgusii.o(.text.dgusii_tick_ms)
    dgusii_timeout_expired                   0x08008519   Thumb Code    22  dgusii.o(.text.dgusii_timeout_expired)
    fan_init                                 0x080087a5   Thumb Code    74  fan.o(.text.fan_init)
    fan_set_speed                            0x080087f1   Thumb Code   118  fan.o(.text.fan_set_speed)
    fault_monitor_capture                    0x08008869   Thumb Code   192  fault_monitor.o(.text.fault_monitor_capture)
    getUSB_rev_state                         0x08008b31   Thumb Code    14  usbd_cdc_if.o(.text.getUSB_rev_state)
    getUSB_rx_buflen                         0x08008b41   Thumb Code    16  usbd_cdc_if.o(.text.getUSB_rx_buflen)
    main                                     0x08009025   Thumb Code  1586  main.o(.text.main)
    modbus_master_clear                      0x08009965   Thumb Code    48  modbus_master.o(.text.modbus_master_clear)
    modbus_master_get_state                  0x08009995   Thumb Code    12  modbus_master.o(.text.modbus_master_get_state)
    modbus_master_h2_clear                   0x080099a1   Thumb Code    48  modbus_master_h2.o(.text.modbus_master_h2_clear)
    modbus_master_h2_get_state               0x080099d1   Thumb Code    12  modbus_master_h2.o(.text.modbus_master_h2_get_state)
    modbus_master_h2_init                    0x080099dd   Thumb Code    30  modbus_master_h2.o(.text.modbus_master_h2_init)
    modbus_master_h2_poll                    0x080099fd   Thumb Code   108  modbus_master_h2.o(.text.modbus_master_h2_poll)
    modbus_master_h2_read_holding            0x08009a69   Thumb Code   138  modbus_master_h2.o(.text.modbus_master_h2_read_holding)
    modbus_master_h2_start_read_holding      0x08009af5   Thumb Code   698  modbus_master_h2.o(.text.modbus_master_h2_start_read_holding)
    modbus_master_init                       0x08009db1   Thumb Code    24  modbus_master.o(.text.modbus_master_init)
    modbus_master_poll                       0x08009dc9   Thumb Code   894  modbus_master.o(.text.modbus_master_poll)
    modbus_master_read_input                 0x0800a149   Thumb Code    98  modbus_master.o(.text.modbus_master_read_input)
    modbus_master_start_read_holding         0x0800a1ad   Thumb Code    32  modbus_master.o(.text.modbus_master_start_read_holding)
    modbus_master_start_read_input           0x0800a1cd   Thumb Code    32  modbus_master.o(.text.modbus_master_start_read_input)
    modbus_master_start_write_multi          0x0800a1ed   Thumb Code   646  modbus_master.o(.text.modbus_master_start_write_multi)
    modbus_master_write_multi                0x0800a475   Thumb Code    86  modbus_master.o(.text.modbus_master_write_multi)
    ndelay_expired                           0x0800a99d   Thumb Code    26  usb_task.o(.text.ndelay_expired)
    ndelay_ms                                0x0800a9b9   Thumb Code    34  usb_task.o(.text.ndelay_ms)
    pump_init                                0x0800aab5   Thumb Code    66  pump.o(.text.pump_init)
    pump_set_strength                        0x0800aaf9   Thumb Code   102  pump.o(.text.pump_set_strength)
    rs485_h2_init                            0x0800ab61   Thumb Code    30  rs485_h2_1.o(.text.rs485_h2_init)
    rs485_h2_read                            0x0800ab81   Thumb Code    10  rs485_h2_1.o(.text.rs485_h2_read)
    rs485_h2_write                           0x0800ab8d   Thumb Code   112  rs485_h2_1.o(.text.rs485_h2_write)
    rs485_init                               0x0800abfd   Thumb Code    28  rs485.o(.text.rs485_init)
    rs485_read                               0x0800ac19   Thumb Code    10  rs485.o(.text.rs485_read)
    rs485_write                              0x0800ac25   Thumb Code   110  rs485.o(.text.rs485_write)
    rtc_get_datetime                         0x0800ac95   Thumb Code   308  rtc.o(.text.rtc_get_datetime)
    rtc_init                                 0x0800adc9   Thumb Code   216  rtc.o(.text.rtc_init)
    rtc_set_datetime                         0x0800aea1   Thumb Code   838  rtc.o(.text.rtc_set_datetime)
    solenoid_set_duty                        0x0800b1e9   Thumb Code   110  solenoid.o(.text.solenoid_set_duty)
    start_task_readbase                      0x0800b259   Thumb Code  1324  start_task.o(.text.start_task_readbase)
    start_task_run                           0x0800b7a9   Thumb Code   992  start_task.o(.text.start_task_run)
    stats_floatToBytes                       0x0800bc0d   Thumb Code    10  stats.o(.text.stats_floatToBytes)
    stats_getFilteredMean                    0x0800bc19   Thumb Code   928  stats.o(.text.stats_getFilteredMean)
    stats_getSlope                           0x0800bfb9   Thumb Code  1088  stats.o(.text.stats_getSlope)
    stats_getStability                       0x0800c3f9   Thumb Code   738  stats.o(.text.stats_getStability)
    storage_log_erase                        0x0800c6dd   Thumb Code    74  flash_storage.o(.text.storage_log_erase)
    storage_log_read_offset                  0x0800c729   Thumb Code   134  flash_storage.o(.text.storage_log_read_offset)
    storage_log_size                         0x0800c7b1   Thumb Code    80  flash_storage.o(.text.storage_log_size)
    storage_log_write                        0x0800c801   Thumb Code   830  flash_storage.o(.text.storage_log_write)
    storage_param_read_all                   0x0800cb41   Thumb Code    90  flash_storage.o(.text.storage_param_read_all)
    storage_param_write_group                0x0800cb9d   Thumb Code   156  flash_storage.o(.text.storage_param_write_group)
    storage_set_addr                         0x0800cc39   Thumb Code    12  flash_storage.o(.text.storage_set_addr)
    uart_getData                             0x0800cc45   Thumb Code   116  uart.o(.text.uart_getData)
    uart_sendData                            0x0800ccb9   Thumb Code    44  uart.o(.text.uart_sendData)
    uart_setBaudRate                         0x0800cce5   Thumb Code   128  uart.o(.text.uart_setBaudRate)
    uart_startReceiveIT                      0x0800cda1   Thumb Code    38  uart.o(.text.uart_startReceiveIT)
    updata_sensor                            0x0800cdc9   Thumb Code  1416  dataup.o(.text.updata_sensor)
    usb_cdc_send_packet                      0x0800d3c5   Thumb Code   134  usbd_cdc_if.o(.text.usb_cdc_send_packet)
    usb_task_init                            0x0800dc99   Thumb Code    40  usb_task.o(.text.usb_task_init)
    usb_task_process                         0x0800dcd9   Thumb Code   340  usb_task.o(.text.usb_task_process)
    __0snprintf                              0x0800de8d   Thumb Code    48  printfa.o(i.__0snprintf)
    __1snprintf                              0x0800de8d   Thumb Code     0  printfa.o(i.__0snprintf)
    __2snprintf                              0x0800de8d   Thumb Code     0  printfa.o(i.__0snprintf)
    __c89snprintf                            0x0800de8d   Thumb Code     0  printfa.o(i.__0snprintf)
    snprintf                                 0x0800de8d   Thumb Code     0  printfa.o(i.__0snprintf)
    __0sprintf                               0x0800dec1   Thumb Code    34  printfa.o(i.__0sprintf)
    __1sprintf                               0x0800dec1   Thumb Code     0  printfa.o(i.__0sprintf)
    __2sprintf                               0x0800dec1   Thumb Code     0  printfa.o(i.__0sprintf)
    __c89sprintf                             0x0800dec1   Thumb Code     0  printfa.o(i.__0sprintf)
    sprintf                                  0x0800dec1   Thumb Code     0  printfa.o(i.__0sprintf)
    __0vsnprintf                             0x0800dee9   Thumb Code    46  printfa.o(i.__0vsnprintf)
    __1vsnprintf                             0x0800dee9   Thumb Code     0  printfa.o(i.__0vsnprintf)
    __2vsnprintf                             0x0800dee9   Thumb Code     0  printfa.o(i.__0vsnprintf)
    __c89vsnprintf                           0x0800dee9   Thumb Code     0  printfa.o(i.__0vsnprintf)
    vsnprintf                                0x0800dee9   Thumb Code     0  printfa.o(i.__0vsnprintf)
    __scatterload_copy                       0x0800df1d   Thumb Code    14  handlers.o(i.__scatterload_copy)
    __scatterload_null                       0x0800df2b   Thumb Code     2  handlers.o(i.__scatterload_null)
    __scatterload_zeroinit                   0x0800df2d   Thumb Code    14  handlers.o(i.__scatterload_zeroinit)
    __set_errno                              0x0800df3d   Thumb Code     6  errno.o(i.__set_errno)
    sqrt                                     0x0800e81b   Thumb Code    76  sqrt.o(i.sqrt)
    AHBPrescTable                            0x0800e8e4   Data          16  system_stm32f1xx.o(.rodata.AHBPrescTable)
    APBPrescTable                            0x0800e8f4   Data           8  system_stm32f1xx.o(.rodata.APBPrescTable)
    HMI_CLOSE_TOUCH                          0x0800e904   Data          10  hmi_text_gbk.o(.rodata.HMI_CLOSE_TOUCH)
    HMI_INTO_MENU                            0x0800e90e   Data          10  hmi_text_gbk.o(.rodata.HMI_INTO_MENU)
    HMI_OPEN_TOUCH                           0x0800e918   Data          10  hmi_text_gbk.o(.rodata.HMI_OPEN_TOUCH)
    HMI_SCREEN_LIGHT                         0x0800e922   Data           8  hmi_text_gbk.o(.rodata.HMI_SCREEN_LIGHT)
    HMI_TEXT_INITING_GBK                     0x0800e92a   Data          20  hmi_text_gbk.o(.rodata.HMI_TEXT_INITING_GBK)
    HMI_TEXT_PREHEAT_GBK                     0x0800e93e   Data          20  hmi_text_gbk.o(.rodata.HMI_TEXT_PREHEAT_GBK)
    HMI_TEXT_READ_FAIL_CAB_GBK               0x0800e952   Data           4  hmi_text_gbk.o(.rodata.HMI_TEXT_READ_FAIL_CAB_GBK)
    HMI_TEXT_READ_FAIL_GBK                   0x0800e956   Data          14  hmi_text_gbk.o(.rodata.HMI_TEXT_READ_FAIL_GBK)
    HMI_TEXT_READ_ING_GBK                    0x0800e964   Data          17  hmi_text_gbk.o(.rodata.HMI_TEXT_READ_ING_GBK)
    HMI_TEXT_READ_NOSTABLE_GBK               0x0800e975   Data          17  hmi_text_gbk.o(.rodata.HMI_TEXT_READ_NOSTABLE_GBK)
    HMI_TEXT_READ_OVER_GBK                   0x0800e986   Data          14  hmi_text_gbk.o(.rodata.HMI_TEXT_READ_OVER_GBK)
    Region$$Table$$Base                      0x0800ef48   Number         0  anon$$obj.o(Region$$Table)
    Image$$ER_IROM1$$Limit                   0x0800ef68   Number         0  anon$$obj.o ABSOLUTE
    Region$$Table$$Limit                     0x0800ef68   Number         0  anon$$obj.o(Region$$Table)
    uwTickFreq                               0x20000004   Data           1  stm32f1xx_hal.o(.data..L_MergedGlobals)
    uwTickPrio                               0x20000008   Data           4  stm32f1xx_hal.o(.data..L_MergedGlobals)
    FS_Desc                                  0x20000054   Data          28  usbd_desc.o(.data.FS_Desc)
    HMI_TEXT_INIT_ERR_ID_GBK                 0x20000071   Data          20  hmi_text_gbk.o(.data.HMI_TEXT_INIT_ERR_ID_GBK)
    SystemCoreClock                          0x20000088   Data           4  system_stm32f1xx.o(.data.SystemCoreClock)
    USBD_CDC                                 0x2000008c   Data          56  usbd_cdc.o(.data.USBD_CDC)
    USBD_CDC_CfgFSDesc                       0x200000c4   Data          67  usbd_cdc.o(.data.USBD_CDC_CfgFSDesc)
    USBD_CDC_CfgHSDesc                       0x20000108   Data          67  usbd_cdc.o(.data.USBD_CDC_CfgHSDesc)
    USBD_CDC_LineCoding                      0x20000158   Data           8  usbd_cdc_if.o(.data.USBD_CDC_LineCoding)
    USBD_CDC_OtherSpeedCfgDesc               0x20000160   Data          67  usbd_cdc.o(.data.USBD_CDC_OtherSpeedCfgDesc)
    USBD_FS_DeviceDesc                       0x200001a4   Data          18  usbd_desc.o(.data.USBD_FS_DeviceDesc)
    USBD_Interface_fops_FS                   0x200001b8   Data          16  usbd_cdc_if.o(.data.USBD_Interface_fops_FS)
    USBD_LangIDDesc                          0x200001c8   Data           4  usbd_desc.o(.data.USBD_LangIDDesc)
    USBD_StringSerial                        0x200001cc   Data          26  usbd_desc.o(.data.USBD_StringSerial)
    gas_wait_sec                             0x200001ec   Data           4  dataup.o(.data.gas_wait_sec)
    hdac                                     0x200002b4   Data          20  main.o(.bss..L_MergedGlobals)
    htim1                                    0x200002c8   Data          72  main.o(.bss..L_MergedGlobals)
    usb_delay                                0x2000037c   Data           8  usb_task.o(.bss..L_MergedGlobals)
    g_fault_monitor_stall_reported           0x20000434   Data           1  fault_monitor.o(.bss..L_MergedGlobals)
    g_fault_monitor_loop_age_ms              0x20000438   Data           4  fault_monitor.o(.bss..L_MergedGlobals)
    g_fault_monitor_r4_r11                   0x2000043c   Data          32  fault_monitor.o(.bss..L_MergedGlobals)
    ch4_delay                                0x20000468   Data           8  ch4.o(.bss..L_MergedGlobals)
    c2h2_data                                0x20000472   Data           8  c2h2.o(.bss..L_MergedGlobals)
    c2h6_flag                                0x200004b8   Data           1  c2h6.o(.bss..L_MergedGlobals.1)
    c2h6_delay                               0x200004bc   Data           8  c2h6.o(.bss..L_MergedGlobals.1)
    sensordata                               0x20000550   Data          44  dataup.o(.bss..L_MergedGlobals.12)
    USBD_StrDesc                             0x200005d4   Data         512  usbd_desc.o(.bss.USBD_StrDesc)
    UserRxBufferFS                           0x200009f4   Data        1024  usbd_cdc_if.o(.bss.UserRxBufferFS)
    UserTxBufferFS                           0x20000df4   Data        1024  usbd_cdc_if.o(.bss.UserTxBufferFS)
    base_data                                0x200012f4   Data          48  start_task.o(.bss.base_data)
    g_usb_usart_rx_buffer                    0x20001324   Data         200  usbd_cdc_if.o(.bss.g_usb_usart_rx_buffer)
    g_usb_usart_rx_sta                       0x200013ec   Data           2  usbd_cdc_if.o(.bss.g_usb_usart_rx_sta)
    hUsbDeviceFS                             0x20001430   Data         708  usb_device.o(.bss.hUsbDeviceFS)
    hpcd_USB_FS                              0x200016f4   Data         728  usbd_conf.o(.bss.hpcd_USB_FS)
    htim2                                    0x200019cc   Data          72  main.o(.bss.htim2)
    huart1                                   0x20001a14   Data          72  main.o(.bss.huart1)
    huart2                                   0x20001a5c   Data          72  main.o(.bss.huart2)
    huart3                                   0x20001aa4   Data          72  main.o(.bss.huart3)
    huart4                                   0x20001aec   Data          72  main.o(.bss.huart4)
    pFlash                                   0x20001b38   Data          32  stm32f1xx_hal_flash.o(.bss.pFlash)
    uwTick                                   0x20007c7c   Data           4  stm32f1xx_hal.o(.bss.uwTick)
    __initial_sp                             0x20008080   Data           0  startup_stm32f103xe.o(STACK)



==============================================================================

Memory Map of the image

  Image Entry point : 0x08000131

  Load Region LR_IROM1 (Base: 0x08000000, Size: 0x0000f218, Max: 0x00080000, ABSOLUTE, COMPRESSED[0x0000f090])

    Execution Region ER_IROM1 (Exec base: 0x08000000, Load base: 0x08000000, Size: 0x0000ef68, Max: 0x00080000, ABSOLUTE)

    Exec Addr    Load Addr    Size         Type   Attr      Idx    E Section Name        Object

    0x08000000   0x08000000   0x00000130   Data   RO            3    RESET               startup_stm32f103xe.o
    0x08000130   0x08000130   0x00000000   Code   RO         2308  * .ARM.Collect$$$$00000000  mc_w.l(entry.o)
    0x08000130   0x08000130   0x00000004   Code   RO         2618    .ARM.Collect$$$$00000001  mc_w.l(entry2.o)
    0x08000134   0x08000134   0x00000004   Code   RO         2621    .ARM.Collect$$$$00000004  mc_w.l(entry5.o)
    0x08000138   0x08000138   0x00000000   Code   RO         2623    .ARM.Collect$$$$00000008  mc_w.l(entry7b.o)
    0x08000138   0x08000138   0x00000000   Code   RO         2625    .ARM.Collect$$$$0000000A  mc_w.l(entry8b.o)
    0x08000138   0x08000138   0x00000008   Code   RO         2626    .ARM.Collect$$$$0000000B  mc_w.l(entry9a.o)
    0x08000140   0x08000140   0x00000000   Code   RO         2628    .ARM.Collect$$$$0000000D  mc_w.l(entry10a.o)
    0x08000140   0x08000140   0x00000000   Code   RO         2630    .ARM.Collect$$$$0000000F  mc_w.l(entry11a.o)
    0x08000140   0x08000140   0x00000004   Code   RO         2619    .ARM.Collect$$$$00002712  mc_w.l(entry2.o)
    0x08000144   0x08000144   0x00000024   Code   RO            4    .text               startup_stm32f103xe.o
    0x08000168   0x08000168   0x00000040   Code   RO         2313    .text               mc_w.l(memmovea.o)
    0x080001a8   0x080001a8   0x00000024   Code   RO         2315    .text               mc_w.l(memseta.o)
    0x080001cc   0x080001cc   0x0000000e   Code   RO         2317    .text               mc_w.l(strlen.o)
    0x080001da   0x080001da   0x0000001a   Code   RO         2319    .text               mc_w.l(memcmp.o)
    0x080001f4   0x080001f4   0x000000b0   Code   RO         2586    .text               mf_w.l(fadd.o)
    0x080002a4   0x080002a4   0x00000064   Code   RO         2588    .text               mf_w.l(fmul.o)
    0x08000308   0x08000308   0x0000007c   Code   RO         2590    .text               mf_w.l(fdiv.o)
    0x08000384   0x08000384   0x0000014e   Code   RO         2592    .text               mf_w.l(dadd.o)
    0x080004d2   0x080004d2   0x000000e4   Code   RO         2594    .text               mf_w.l(dmul.o)
    0x080005b6   0x080005b6   0x000000de   Code   RO         2596    .text               mf_w.l(ddiv.o)
    0x08000694   0x08000694   0x0000001c   Code   RO         2598    .text               mf_w.l(fcmple.o)
    0x080006b0   0x080006b0   0x0000001c   Code   RO         2600    .text               mf_w.l(fcmplt.o)
    0x080006cc   0x080006cc   0x0000001c   Code   RO         2602    .text               mf_w.l(fcmpge.o)
    0x080006e8   0x080006e8   0x0000001c   Code   RO         2604    .text               mf_w.l(fcmpgt.o)
    0x08000704   0x08000704   0x00000036   Code   RO         2606    .text               mf_w.l(dcmple.o)
    0x0800073a   0x0800073a   0x0000000a   Code   RO         2610    .text               mf_w.l(ffltui.o)
    0x08000744   0x08000744   0x0000001a   Code   RO         2612    .text               mf_w.l(dfltui.o)
    0x0800075e   0x0800075e   0x00000026   Code   RO         2614    .text               mf_w.l(f2d.o)
    0x08000784   0x08000784   0x00000038   Code   RO         2616    .text               mf_w.l(d2f.o)
    0x080007bc   0x080007bc   0x0000002c   Code   RO         2646    .text               mc_w.l(uidiv.o)
    0x080007e8   0x080007e8   0x00000062   Code   RO         2648    .text               mc_w.l(uldiv.o)
    0x0800084a   0x0800084a   0x0000001e   Code   RO         2650    .text               mc_w.l(llshl.o)
    0x08000868   0x08000868   0x00000024   Code   RO         2652    .text               mc_w.l(llsshr.o)
    0x0800088c   0x0800088c   0x00000000   Code   RO         2661    .text               mc_w.l(iusefp.o)
    0x0800088c   0x0800088c   0x0000006e   Code   RO         2662    .text               mf_w.l(fepilogue.o)
    0x080008fa   0x080008fa   0x000000ba   Code   RO         2664    .text               mf_w.l(depilogue.o)
    0x080009b4   0x080009b4   0x000000a2   Code   RO         2666    .text               mf_w.l(dsqrt.o)
    0x08000a56   0x08000a56   0x00000030   Code   RO         2668    .text               mf_w.l(dfixul.o)
    0x08000a86   0x08000a86   0x00000002   PAD
    0x08000a88   0x08000a88   0x00000030   Code   RO         2670    .text               mf_w.l(cdrcmple.o)
    0x08000ab8   0x08000ab8   0x00000030   Code   RO         2672    .text               mc_w.l(init.o)
    0x08000ae8   0x08000ae8   0x00000020   Code   RO         2675    .text               mc_w.l(llushr.o)
    0x08000b08   0x08000b08   0x00000056   Code   RO         2686    .text               mc_w.l(__dczerorl2.o)
    0x08000b5e   0x08000b5e   0x00000002   PAD
    0x08000b60   0x08000b60   0x00000038   Code   RO           40    .text.BusFault_Handler  stm32f1xx_it.o
    0x08000b98   0x08000b98   0x000000c2   Code   RO         2249    .text.C2H2_Getdata  c2h2.o
    0x08000c5a   0x08000c5a   0x00000002   PAD
    0x08000c5c   0x08000c5c   0x000000a0   Code   RO         2253    .text.C2H2_readinfo  c2h2.o
    0x08000cfc   0x08000cfc   0x000000cc   Code   RO         2212    .text.C2H6_SNverify  c2h6.o
    0x08000dc8   0x08000dc8   0x00000082   Code   RO         2216    .text.C2H6_conc     c2h6.o
    0x08000e4a   0x08000e4a   0x00000002   PAD
    0x08000e4c   0x08000e4c   0x00000016   Code   RO         2218    .text.C2H6_reset    c2h6.o
    0x08000e62   0x08000e62   0x00000002   PAD
    0x08000e64   0x08000e64   0x00000238   Code   RO         2220    .text.C2H6_run      c2h6.o
    0x0800109c   0x0800109c   0x00000168   Code   RO         2214    .text.C2H6_send_frame  c2h6.o
    0x08001204   0x08001204   0x00000052   Code   RO          154    .text.CDC_Control_FS  usbd_cdc_if.o
    0x08001256   0x08001256   0x00000002   PAD
    0x08001258   0x08001258   0x00000004   Code   RO          152    .text.CDC_DeInit_FS  usbd_cdc_if.o
    0x0800125c   0x0800125c   0x0000002c   Code   RO          150    .text.CDC_Init_FS   usbd_cdc_if.o
    0x08001288   0x08001288   0x000001b8   Code   RO          156    .text.CDC_Receive_FS  usbd_cdc_if.o
    0x08001440   0x08001440   0x00000036   Code   RO         2184    .text.CH4_CloseProject  ch4.o
    0x08001476   0x08001476   0x00000002   PAD
    0x08001478   0x08001478   0x0000012a   Code   RO         2196    .text.CH4_ReadInfo  ch4.o
    0x080015a2   0x080015a2   0x00000002   PAD
    0x080015a4   0x080015a4   0x00000268   Code   RO         2190    .text.CH4_exec      ch4.o
    0x0800180c   0x0800180c   0x0000000a   Code   RO         2188    .text.CH4_getCH4data  ch4.o
    0x08001816   0x08001816   0x00000002   PAD
    0x08001818   0x08001818   0x000000a0   Code   RO         2194    .text.CH4_getConc   ch4.o
    0x080018b8   0x080018b8   0x00000054   Code   RO         2192    .text.CH4_requestConc  ch4.o
    0x0800190c   0x0800190c   0x00000042   Code   RO         2186    .text.CH4_setCH4Ucode  ch4.o
    0x0800194e   0x0800194e   0x00000002   PAD
    0x08001950   0x08001950   0x00000018   Code   RO         2280    .text.DAC_OutputInit  dac.o
    0x08001968   0x08001968   0x00000042   Code   RO         2282    .text.DAC_OutputSetMv  dac.o
    0x080019aa   0x080019aa   0x00000002   PAD
    0x080019ac   0x080019ac   0x00000002   Code   RO           46    .text.DebugMon_Handler  stm32f1xx_it.o
    0x080019ae   0x080019ae   0x00000002   PAD
    0x080019b0   0x080019b0   0x00000012   Code   RO           15    .text.Error_Handler  main.o
    0x080019c2   0x080019c2   0x00000002   PAD
    0x080019c4   0x080019c4   0x000000c6   Code   RO          686    .text.FLASH_WaitForLastOperation  stm32f1xx_hal_flash.o
    0x08001a8a   0x08001a8a   0x00000002   PAD
    0x08001a8c   0x08001a8c   0x00000144   Code   RO         2264    .text.H2_Getdata    h2.o
    0x08001bd0   0x08001bd0   0x0000000c   Code   RO         2266    .text.H2_getData    h2.o
    0x08001bdc   0x08001bdc   0x00000056   Code   RO         2268    .text.H2_readConc   h2.o
    0x08001c32   0x08001c32   0x00000002   PAD
    0x08001c34   0x08001c34   0x0000005e   Code   RO          801    .text.HAL_DAC_ConfigChannel  stm32f1xx_hal_dac.o
    0x08001c92   0x08001c92   0x00000002   PAD
    0x08001c94   0x08001c94   0x0000002e   Code   RO          765    .text.HAL_DAC_Init  stm32f1xx_hal_dac.o
    0x08001cc2   0x08001cc2   0x00000002   PAD
    0x08001cc4   0x08001cc4   0x00000066   Code   RO           71    .text.HAL_DAC_MspInit  stm32f1xx_hal_msp.o
    0x08001d2a   0x08001d2a   0x00000002   PAD
    0x08001d2c   0x08001d2c   0x00000036   Code   RO          789    .text.HAL_DAC_SetValue  stm32f1xx_hal_dac.o
    0x08001d62   0x08001d62   0x00000002   PAD
    0x08001d64   0x08001d64   0x00000060   Code   RO          773    .text.HAL_DAC_Start  stm32f1xx_hal_dac.o
    0x08001dc4   0x08001dc4   0x00000028   Code   RO          452    .text.HAL_Delay     stm32f1xx_hal.o
    0x08001dec   0x08001dec   0x000000ee   Code   RO          717    .text.HAL_FLASHEx_Erase  stm32f1xx_hal_flash_ex.o
    0x08001eda   0x08001eda   0x00000002   PAD
    0x08001edc   0x08001edc   0x00000014   Code   RO          698    .text.HAL_FLASH_Lock  stm32f1xx_hal_flash.o
    0x08001ef0   0x08001ef0   0x00000116   Code   RO          684    .text.HAL_FLASH_Program  stm32f1xx_hal_flash.o
    0x08002006   0x08002006   0x00000002   PAD
    0x08002008   0x08002008   0x0000002e   Code   RO          696    .text.HAL_FLASH_Unlock  stm32f1xx_hal_flash.o
    0x08002036   0x08002036   0x00000002   PAD
    0x08002038   0x08002038   0x000001e6   Code   RO          544    .text.HAL_GPIO_Init  stm32f1xx_hal_gpio.o
    0x0800221e   0x0800221e   0x00000002   PAD
    0x08002220   0x08002220   0x0000000a   Code   RO          548    .text.HAL_GPIO_ReadPin  stm32f1xx_hal_gpio.o
    0x0800222a   0x0800222a   0x00000002   PAD
    0x0800222c   0x0800222c   0x0000000a   Code   RO          550    .text.HAL_GPIO_WritePin  stm32f1xx_hal_gpio.o
    0x08002236   0x08002236   0x00000002   PAD
    0x08002238   0x08002238   0x0000000c   Code   RO          444    .text.HAL_GetTick   stm32f1xx_hal.o
    0x08002244   0x08002244   0x0000001a   Code   RO          442    .text.HAL_IncTick   stm32f1xx_hal.o
    0x0800225e   0x0800225e   0x00000002   PAD
    0x08002260   0x08002260   0x00000026   Code   RO          432    .text.HAL_Init      stm32f1xx_hal.o
    0x08002286   0x08002286   0x00000002   PAD
    0x08002288   0x08002288   0x00000048   Code   RO          434    .text.HAL_InitTick  stm32f1xx_hal.o
    0x080022d0   0x080022d0   0x00000042   Code   RO           69    .text.HAL_MspInit   stm32f1xx_hal_msp.o
    0x08002312   0x08002312   0x00000002   PAD
    0x08002314   0x08002314   0x00000022   Code   RO          604    .text.HAL_NVIC_EnableIRQ  stm32f1xx_hal_cortex.o
    0x08002336   0x08002336   0x00000002   PAD
    0x08002338   0x08002338   0x00000056   Code   RO          602    .text.HAL_NVIC_SetPriority  stm32f1xx_hal_cortex.o
    0x0800238e   0x0800238e   0x00000002   PAD
    0x08002390   0x08002390   0x00000020   Code   RO          600    .text.HAL_NVIC_SetPriorityGrouping  stm32f1xx_hal_cortex.o
    0x080023b0   0x080023b0   0x0000004c   Code   RO          352    .text.HAL_PCDEx_PMAConfig  stm32f1xx_hal_pcd_ex.o
    0x080023fc   0x080023fc   0x00000002   Code   RO          250    .text.HAL_PCDEx_SetConnectionState  usbd_conf.o
    0x080023fe   0x080023fe   0x00000002   PAD
    0x08002400   0x08002400   0x00000014   Code   RO          198    .text.HAL_PCD_DataInStageCallback  usbd_conf.o
    0x08002414   0x08002414   0x00000016   Code   RO          196    .text.HAL_PCD_DataOutStageCallback  usbd_conf.o
    0x0800242a   0x0800242a   0x00000002   PAD
    0x0800242c   0x0800242c   0x00000050   Code   RO          322    .text.HAL_PCD_EP_Close  stm32f1xx_hal_pcd.o
    0x0800247c   0x0800247c   0x00000060   Code   RO          332    .text.HAL_PCD_EP_ClrStall  stm32f1xx_hal_pcd.o
    0x080024dc   0x080024dc   0x00000012   Code   RO          326    .text.HAL_PCD_EP_GetRxCount  stm32f1xx_hal_pcd.o
    0x080024ee   0x080024ee   0x00000002   PAD
    0x080024f0   0x080024f0   0x0000005c   Code   RO          320    .text.HAL_PCD_EP_Open  stm32f1xx_hal_pcd.o
    0x0800254c   0x0800254c   0x00000032   Code   RO          324    .text.HAL_PCD_EP_Receive  stm32f1xx_hal_pcd.o
    0x0800257e   0x0800257e   0x00000002   PAD
    0x08002580   0x08002580   0x0000006c   Code   RO          330    .text.HAL_PCD_EP_SetStall  stm32f1xx_hal_pcd.o
    0x080025ec   0x080025ec   0x00000036   Code   RO          328    .text.HAL_PCD_EP_Transmit  stm32f1xx_hal_pcd.o
    0x08002622   0x08002622   0x00000002   PAD
    0x08002624   0x08002624   0x0000093a   Code   RO          288    .text.HAL_PCD_IRQHandler  stm32f1xx_hal_pcd.o
    0x08002f5e   0x08002f5e   0x00000002   PAD
    0x08002f60   0x08002f60   0x00000246   Code   RO          276    .text.HAL_PCD_Init  stm32f1xx_hal_pcd.o
    0x080031a6   0x080031a6   0x00000002   PAD
    0x080031a8   0x080031a8   0x00000044   Code   RO          190    .text.HAL_PCD_MspInit  usbd_conf.o
    0x080031ec   0x080031ec   0x00000024   Code   RO          202    .text.HAL_PCD_ResetCallback  usbd_conf.o
    0x08003210   0x08003210   0x00000008   Code   RO          206    .text.HAL_PCD_ResumeCallback  usbd_conf.o
    0x08003218   0x08003218   0x00000008   Code   RO          200    .text.HAL_PCD_SOFCallback  usbd_conf.o
    0x08003220   0x08003220   0x00000028   Code   RO          292    .text.HAL_PCD_SetAddress  stm32f1xx_hal_pcd.o
    0x08003248   0x08003248   0x0000000e   Code   RO          194    .text.HAL_PCD_SetupStageCallback  usbd_conf.o
    0x08003256   0x08003256   0x00000002   PAD
    0x08003258   0x08003258   0x00000034   Code   RO          284    .text.HAL_PCD_Start  stm32f1xx_hal_pcd.o
    0x0800328c   0x0800328c   0x00000026   Code   RO          204    .text.HAL_PCD_SuspendCallback  usbd_conf.o
    0x080032b2   0x080032b2   0x00000002   PAD
    0x080032b4   0x080032b4   0x00000102   Code   RO          530    .text.HAL_RCCEx_PeriphCLKConfig  stm32f1xx_hal_rcc_ex.o
    0x080033b6   0x080033b6   0x00000002   PAD
    0x080033b8   0x080033b8   0x000001ba   Code   RO          496    .text.HAL_RCC_ClockConfig  stm32f1xx_hal_rcc.o
    0x08003572   0x08003572   0x00000002   PAD
    0x08003574   0x08003574   0x00000026   Code   RO          508    .text.HAL_RCC_GetPCLK1Freq  stm32f1xx_hal_rcc.o
    0x0800359a   0x0800359a   0x00000002   PAD
    0x0800359c   0x0800359c   0x00000026   Code   RO          510    .text.HAL_RCC_GetPCLK2Freq  stm32f1xx_hal_rcc.o
    0x080035c2   0x080035c2   0x00000002   PAD
    0x080035c4   0x080035c4   0x00000400   Code   RO          494    .text.HAL_RCC_OscConfig  stm32f1xx_hal_rcc.o
    0x080039c4   0x080039c4   0x0000002c   Code   RO          612    .text.HAL_SYSTICK_Config  stm32f1xx_hal_cortex.o
    0x080039f0   0x080039f0   0x0000004c   Code   RO         1228    .text.HAL_TIMEx_ConfigBreakDeadTime  stm32f1xx_hal_tim_ex.o
    0x08003a3c   0x08003a3c   0x00000096   Code   RO         1226    .text.HAL_TIMEx_MasterConfigSynchronization  stm32f1xx_hal_tim_ex.o
    0x08003ad2   0x08003ad2   0x00000002   PAD
    0x08003ad4   0x08003ad4   0x0000005a   Code   RO          931    .text.HAL_TIM_Base_Init  stm32f1xx_hal_tim.o
    0x08003b2e   0x08003b2e   0x00000002   PAD
    0x08003b30   0x08003b30   0x00000052   Code   RO           79    .text.HAL_TIM_Base_MspInit  stm32f1xx_hal_msp.o
    0x08003b82   0x08003b82   0x00000002   PAD
    0x08003b84   0x08003b84   0x000001a0   Code   RO         1111    .text.HAL_TIM_ConfigClockSource  stm32f1xx_hal_tim.o
    0x08003d24   0x08003d24   0x0000007a   Code   RO           81    .text.HAL_TIM_MspPostInit  stm32f1xx_hal_msp.o
    0x08003d9e   0x08003d9e   0x00000002   PAD
    0x08003da0   0x08003da0   0x0000025c   Code   RO         1085    .text.HAL_TIM_PWM_ConfigChannel  stm32f1xx_hal_tim.o
    0x08003ffc   0x08003ffc   0x0000005a   Code   RO          985    .text.HAL_TIM_PWM_Init  stm32f1xx_hal_tim.o
    0x08004056   0x08004056   0x00000002   PAD
    0x08004058   0x08004058   0x00000002   Code   RO          987    .text.HAL_TIM_PWM_MspInit  stm32f1xx_hal_tim.o
    0x0800405a   0x0800405a   0x00000002   PAD
    0x0800405c   0x0800405c   0x000000de   Code   RO          993    .text.HAL_TIM_PWM_Start  stm32f1xx_hal_tim.o
    0x0800413a   0x0800413a   0x00000002   PAD
    0x0800413c   0x0800413c   0x00000058   Code   RO         1115    .text.HAL_TIM_SlaveConfigSynchro  stm32f1xx_hal_tim.o
    0x08004194   0x08004194   0x000000e2   Code   RO         1250    .text.HAL_UART_Init  stm32f1xx_hal_uart.o
    0x08004276   0x08004276   0x00000002   PAD
    0x08004278   0x08004278   0x00000208   Code   RO           85    .text.HAL_UART_MspInit  stm32f1xx_hal_msp.o
    0x08004480   0x08004480   0x00000192   Code   RO         1264    .text.HAL_UART_Transmit  stm32f1xx_hal_uart.o
    0x08004612   0x08004612   0x00000002   PAD
    0x08004614   0x08004614   0x00000018   Code   RO         2119    .text.HMI_Powerstatus  hmi_task.o
    0x0800462c   0x0800462c   0x00000022   Code   RO         2121    .text.HMI_closeTouch  hmi_task.o
    0x0800464e   0x0800464e   0x00000002   PAD
    0x08004650   0x08004650   0x00000168   Code   RO         2109    .text.HMI_dataup_conc  hmi_task.o
    0x080047b8   0x080047b8   0x000000a2   Code   RO         2115    .text.HMI_dataup_conc_interim  hmi_task.o
    0x0800485a   0x0800485a   0x00000002   PAD
    0x0800485c   0x0800485c   0x00000036   Code   RO         2117    .text.HMI_dataup_show_timeout  hmi_task.o
    0x08004892   0x08004892   0x00000002   PAD
    0x08004894   0x08004894   0x0000001c   Code   RO         2111    .text.HMI_openTouch  hmi_task.o
    0x080048b0   0x080048b0   0x00000058   Code   RO         2103    .text.HMI_task_poll  hmi_task.o
    0x08004908   0x08004908   0x00000038   Code   RO           36    .text.HardFault_Handler  stm32f1xx_it.o
    0x08004940   0x08004940   0x00000072   Code   RO          114    .text.MX_USB_DEVICE_Init  usb_device.o
    0x080049b2   0x080049b2   0x00000002   PAD
    0x080049b4   0x080049b4   0x00000038   Code   RO           38    .text.MemManage_Handler  stm32f1xx_it.o
    0x080049ec   0x080049ec   0x00000002   Code   RO           34    .text.NMI_Handler   stm32f1xx_it.o
    0x080049ee   0x080049ee   0x00000002   PAD
    0x080049f0   0x080049f0   0x00000002   Code   RO           48    .text.PendSV_Handler  stm32f1xx_it.o
    0x080049f2   0x080049f2   0x00000002   PAD
    0x080049f4   0x080049f4   0x00000004   Code   RO         2067    .text.PowerOn_getTime  start_task.o
    0x080049f8   0x080049f8   0x00000004   Code   RO         2069    .text.PowerOn_setTime  start_task.o
    0x080049fc   0x080049fc   0x00000002   Code   RO           44    .text.SVC_Handler   stm32f1xx_it.o
    0x080049fe   0x080049fe   0x00000002   PAD
    0x08004a00   0x08004a00   0x0000000e   Code   RO           50    .text.SysTick_Handler  stm32f1xx_it.o
    0x08004a0e   0x08004a0e   0x00000002   PAD
    0x08004a10   0x08004a10   0x000000a8   Code   RO           13    .text.SystemClock_Config  main.o
    0x08004ab8   0x08004ab8   0x00000002   Code   RO         1370    .text.SystemInit    system_stm32f1xx.o
    0x08004aba   0x08004aba   0x00000002   PAD
    0x08004abc   0x08004abc   0x000000e0   Code   RO          935    .text.TIM_Base_SetConfig  stm32f1xx_hal_tim.o
    0x08004b9c   0x08004b9c   0x000000fa   Code   RO         1117    .text.TIM_SlaveTimer_SetConfig  stm32f1xx_hal_tim.o
    0x08004c96   0x08004c96   0x00000002   PAD
    0x08004c98   0x08004c98   0x0000001a   Code   RO         2113    .text.Time_DislayBot  hmi_task.o
    0x08004cb2   0x08004cb2   0x00000002   PAD
    0x08004cb4   0x08004cb4   0x0000005a   Code   RO         1529    .text.UART4_IRQHandler  uart.o
    0x08004d0e   0x08004d0e   0x00000002   PAD
    0x08004d10   0x08004d10   0x0000004c   Code   RO         1523    .text.USART1_IRQHandler  uart.o
    0x08004d5c   0x08004d5c   0x0000005a   Code   RO         1525    .text.USART2_IRQHandler  uart.o
    0x08004db6   0x08004db6   0x00000002   PAD
    0x08004db8   0x08004db8   0x0000005a   Code   RO         1527    .text.USART3_IRQHandler  uart.o
    0x08004e12   0x08004e12   0x00000002   PAD
    0x08004e14   0x08004e14   0x00000050   Code   RO         1484    .text.USBD_CDC_DataIn  usbd_cdc.o
    0x08004e64   0x08004e64   0x00000030   Code   RO         1486    .text.USBD_CDC_DataOut  usbd_cdc.o
    0x08004e94   0x08004e94   0x00000042   Code   RO         1478    .text.USBD_CDC_DeInit  usbd_cdc.o
    0x08004ed6   0x08004ed6   0x00000002   PAD
    0x08004ed8   0x08004ed8   0x0000002c   Code   RO         1482    .text.USBD_CDC_EP0_RxReady  usbd_cdc.o
    0x08004f04   0x08004f04   0x00000010   Code   RO         1494    .text.USBD_CDC_GetDeviceQualifierDescriptor  usbd_cdc.o
    0x08004f14   0x08004f14   0x00000010   Code   RO         1490    .text.USBD_CDC_GetFSCfgDesc  usbd_cdc.o
    0x08004f24   0x08004f24   0x00000010   Code   RO         1488    .text.USBD_CDC_GetHSCfgDesc  usbd_cdc.o
    0x08004f34   0x08004f34   0x00000010   Code   RO         1492    .text.USBD_CDC_GetOtherSpeedCfgDesc  usbd_cdc.o
    0x08004f44   0x08004f44   0x00000082   Code   RO         1476    .text.USBD_CDC_Init  usbd_cdc.o
    0x08004fc6   0x08004fc6   0x00000002   PAD
    0x08004fc8   0x08004fc8   0x0000002c   Code   RO         1504    .text.USBD_CDC_ReceivePacket  usbd_cdc.o
    0x08004ff4   0x08004ff4   0x0000000e   Code   RO         1496    .text.USBD_CDC_RegisterInterface  usbd_cdc.o
    0x08005002   0x08005002   0x00000002   PAD
    0x08005004   0x08005004   0x0000000c   Code   RO         1500    .text.USBD_CDC_SetRxBuffer  usbd_cdc.o
    0x08005010   0x08005010   0x00000010   Code   RO         1498    .text.USBD_CDC_SetTxBuffer  usbd_cdc.o
    0x08005020   0x08005020   0x000000c6   Code   RO         1480    .text.USBD_CDC_Setup  usbd_cdc.o
    0x080050e6   0x080050e6   0x00000002   PAD
    0x080050e8   0x080050e8   0x0000003e   Code   RO         1502    .text.USBD_CDC_TransmitPacket  usbd_cdc.o
    0x08005126   0x08005126   0x00000002   PAD
    0x08005128   0x08005128   0x0000000e   Code   RO         1399    .text.USBD_ClrClassConfig  usbd_core.o
    0x08005136   0x08005136   0x00000002   PAD
    0x08005138   0x08005138   0x00000010   Code   RO         1460    .text.USBD_CtlContinueRx  usbd_ioreq.o
    0x08005148   0x08005148   0x00000010   Code   RO         1456    .text.USBD_CtlContinueSendData  usbd_ioreq.o
    0x08005158   0x08005158   0x00000016   Code   RO         1435    .text.USBD_CtlError  usbd_ctlreq.o
    0x0800516e   0x0800516e   0x00000002   PAD
    0x08005170   0x08005170   0x0000001a   Code   RO         1458    .text.USBD_CtlPrepareRx  usbd_ioreq.o
    0x0800518a   0x0800518a   0x00000002   PAD
    0x0800518c   0x0800518c   0x00000016   Code   RO         1464    .text.USBD_CtlReceiveStatus  usbd_ioreq.o
    0x080051a2   0x080051a2   0x00000002   PAD
    0x080051a4   0x080051a4   0x0000001a   Code   RO         1454    .text.USBD_CtlSendData  usbd_ioreq.o
    0x080051be   0x080051be   0x00000002   PAD
    0x080051c0   0x080051c0   0x00000016   Code   RO         1462    .text.USBD_CtlSendStatus  usbd_ioreq.o
    0x080051d6   0x080051d6   0x00000002   PAD
    0x080051d8   0x080051d8   0x00000024   Code   RO          133    .text.USBD_FS_ConfigStrDescriptor  usbd_desc.o
    0x080051fc   0x080051fc   0x0000000e   Code   RO          123    .text.USBD_FS_DeviceDescriptor  usbd_desc.o
    0x0800520a   0x0800520a   0x00000002   PAD
    0x0800520c   0x0800520c   0x00000028   Code   RO          135    .text.USBD_FS_InterfaceStrDescriptor  usbd_desc.o
    0x08005234   0x08005234   0x0000000e   Code   RO          125    .text.USBD_FS_LangIDStrDescriptor  usbd_desc.o
    0x08005242   0x08005242   0x00000002   PAD
    0x08005244   0x08005244   0x0000002c   Code   RO          127    .text.USBD_FS_ManufacturerStrDescriptor  usbd_desc.o
    0x08005270   0x08005270   0x0000002c   Code   RO          129    .text.USBD_FS_ProductStrDescriptor  usbd_desc.o
    0x0800529c   0x0800529c   0x00000170   Code   RO          131    .text.USBD_FS_SerialStrDescriptor  usbd_desc.o
    0x0800540c   0x0800540c   0x000000d2   Code   RO         1443    .text.USBD_GetString  usbd_ctlreq.o
    0x080054de   0x080054de   0x00000002   PAD
    0x080054e0   0x080054e0   0x00000030   Code   RO         1385    .text.USBD_Init     usbd_core.o
    0x08005510   0x08005510   0x00000022   Code   RO          232    .text.USBD_LL_ClearStallEP  usbd_conf.o
    0x08005532   0x08005532   0x00000002   PAD
    0x08005534   0x08005534   0x00000022   Code   RO          226    .text.USBD_LL_CloseEP  usbd_conf.o
    0x08005556   0x08005556   0x00000002   PAD
    0x08005558   0x08005558   0x000000ca   Code   RO         1405    .text.USBD_LL_DataInStage  usbd_core.o
    0x08005622   0x08005622   0x00000002   PAD
    0x08005624   0x08005624   0x0000007c   Code   RO         1403    .text.USBD_LL_DataOutStage  usbd_core.o
    0x080056a0   0x080056a0   0x00000008   Code   RO          242    .text.USBD_LL_GetRxDataSize  usbd_conf.o
    0x080056a8   0x080056a8   0x00000086   Code   RO          216    .text.USBD_LL_Init  usbd_conf.o
    0x0800572e   0x0800572e   0x00000002   PAD
    0x08005730   0x08005730   0x0000002a   Code   RO          234    .text.USBD_LL_IsStallEP  usbd_conf.o
    0x0800575a   0x0800575a   0x00000002   PAD
    0x0800575c   0x0800575c   0x00000028   Code   RO          224    .text.USBD_LL_OpenEP  usbd_conf.o
    0x08005784   0x08005784   0x00000022   Code   RO          240    .text.USBD_LL_PrepareReceive  usbd_conf.o
    0x080057a6   0x080057a6   0x00000002   PAD
    0x080057a8   0x080057a8   0x00000054   Code   RO         1407    .text.USBD_LL_Reset  usbd_core.o
    0x080057fc   0x080057fc   0x00000014   Code   RO         1413    .text.USBD_LL_Resume  usbd_core.o
    0x08005810   0x08005810   0x0000001c   Code   RO         1415    .text.USBD_LL_SOF   usbd_core.o
    0x0800582c   0x0800582c   0x00000008   Code   RO         1409    .text.USBD_LL_SetSpeed  usbd_core.o
    0x08005834   0x08005834   0x00000022   Code   RO          236    .text.USBD_LL_SetUSBAddress  usbd_conf.o
    0x08005856   0x08005856   0x00000002   PAD
    0x08005858   0x08005858   0x0000005c   Code   RO         1401    .text.USBD_LL_SetupStage  usbd_core.o
    0x080058b4   0x080058b4   0x00000022   Code   RO          230    .text.USBD_LL_StallEP  usbd_conf.o
    0x080058d6   0x080058d6   0x00000002   PAD
    0x080058d8   0x080058d8   0x00000022   Code   RO          220    .text.USBD_LL_Start  usbd_conf.o
    0x080058fa   0x080058fa   0x00000002   PAD
    0x080058fc   0x080058fc   0x00000014   Code   RO         1411    .text.USBD_LL_Suspend  usbd_core.o
    0x08005910   0x08005910   0x00000022   Code   RO          238    .text.USBD_LL_Transmit  usbd_conf.o
    0x08005932   0x08005932   0x00000002   PAD
    0x08005934   0x08005934   0x00000016   Code   RO         1441    .text.USBD_ParseSetupRequest  usbd_ctlreq.o
    0x0800594a   0x0800594a   0x00000002   PAD
    0x0800594c   0x0800594c   0x0000000e   Code   RO         1389    .text.USBD_RegisterClass  usbd_core.o
    0x0800595a   0x0800595a   0x00000002   PAD
    0x0800595c   0x0800595c   0x0000001c   Code   RO         1397    .text.USBD_SetClassConfig  usbd_core.o
    0x08005978   0x08005978   0x0000000a   Code   RO         1391    .text.USBD_Start    usbd_core.o
    0x08005982   0x08005982   0x00000002   PAD
    0x08005984   0x08005984   0x000002ea   Code   RO         1433    .text.USBD_StdDevReq  usbd_ctlreq.o
    0x08005c6e   0x08005c6e   0x00000002   PAD
    0x08005c70   0x08005c70   0x00000148   Code   RO         1439    .text.USBD_StdEPReq  usbd_ctlreq.o
    0x08005db8   0x08005db8   0x00000054   Code   RO         1437    .text.USBD_StdItfReq  usbd_ctlreq.o
    0x08005e0c   0x08005e0c   0x00000002   Code   RO          248    .text.USBD_static_free  usbd_conf.o
    0x08005e0e   0x08005e0e   0x00000002   PAD
    0x08005e10   0x08005e10   0x0000000a   Code   RO          246    .text.USBD_static_malloc  usbd_conf.o
    0x08005e1a   0x08005e1a   0x00000002   PAD
    0x08005e1c   0x08005e1c   0x0000027c   Code   RO          382    .text.USB_ActivateEndpoint  stm32f1xx_ll_usb.o
    0x08006098   0x08006098   0x00000004   Code   RO          368    .text.USB_CoreInit  stm32f1xx_ll_usb.o
    0x0800609c   0x0800609c   0x000000de   Code   RO          384    .text.USB_DeactivateEndpoint  stm32f1xx_ll_usb.o
    0x0800617a   0x0800617a   0x00000002   PAD
    0x0800617c   0x0800617c   0x00000004   Code   RO          400    .text.USB_DevConnect  stm32f1xx_ll_usb.o
    0x08006180   0x08006180   0x00000004   Code   RO          402    .text.USB_DevDisconnect  stm32f1xx_ll_usb.o
    0x08006184   0x08006184   0x0000001a   Code   RO          376    .text.USB_DevInit   stm32f1xx_ll_usb.o
    0x0800619e   0x0800619e   0x00000002   PAD
    0x080061a0   0x080061a0   0x00000014   Code   RO          372    .text.USB_DisableGlobalInt  stm32f1xx_ll_usb.o
    0x080061b4   0x080061b4   0x00000004   Code   RO          416    .text.USB_EP0_OutStart  stm32f1xx_ll_usb.o
    0x080061b8   0x080061b8   0x00000074   Code   RO          392    .text.USB_EPClearStall  stm32f1xx_ll_usb.o
    0x0800622c   0x0800622c   0x00000032   Code   RO          390    .text.USB_EPSetStall  stm32f1xx_ll_usb.o
    0x0800625e   0x0800625e   0x00000002   PAD
    0x08006260   0x08006260   0x00000832   Code   RO          386    .text.USB_EPStartXfer  stm32f1xx_ll_usb.o
    0x08006a92   0x08006a92   0x00000002   PAD
    0x08006a94   0x08006a94   0x00000012   Code   RO          370    .text.USB_EnableGlobalInt  stm32f1xx_ll_usb.o
    0x08006aa6   0x08006aa6   0x00000002   PAD
    0x08006aa8   0x08006aa8   0x0000000c   Code   RO           52    .text.USB_LP_CAN1_RX0_IRQHandler  stm32f1xx_it.o
    0x08006ab4   0x08006ab4   0x00000006   Code   RO          404    .text.USB_ReadInterrupts  stm32f1xx_ll_usb.o
    0x08006aba   0x08006aba   0x00000002   PAD
    0x08006abc   0x08006abc   0x000000b4   Code   RO          422    .text.USB_ReadPMA   stm32f1xx_ll_usb.o
    0x08006b70   0x08006b70   0x00000004   Code   RO          374    .text.USB_SetCurrentMode  stm32f1xx_ll_usb.o
    0x08006b74   0x08006b74   0x0000000e   Code   RO          398    .text.USB_SetDevAddress  stm32f1xx_ll_usb.o
    0x08006b82   0x08006b82   0x00000002   PAD
    0x08006b84   0x08006b84   0x0000009a   Code   RO          388    .text.USB_WritePMA  stm32f1xx_ll_usb.o
    0x08006c1e   0x08006c1e   0x00000002   PAD
    0x08006c20   0x08006c20   0x0000000a   Code   RO          162    .text.USB_rx_buffer  usbd_cdc_if.o
    0x08006c2a   0x08006c2a   0x00000002   PAD
    0x08006c2c   0x08006c2c   0x00000038   Code   RO           42    .text.UsageFault_Handler  stm32f1xx_it.o
    0x08006c64   0x08006c64   0x0000000c   Code   RO         2251    .text._C2H2_getdata  c2h2.o
    0x08006c70   0x08006c70   0x000000be   Code   RO         1957    .text._cmd_getCH4info  usb_task.o
    0x08006d2e   0x08006d2e   0x00000002   PAD
    0x08006d30   0x08006d30   0x00000120   Code   RO         2147    .text._hmi_handle_button_key  hmi_task.o
    0x08006e50   0x08006e50   0x00000144   Code   RO         2161    .text._hmi_handle_fitfun_use  hmi_task.o
    0x08006f94   0x08006f94   0x00000168   Code   RO         2153    .text._hmi_handle_gas_button  hmi_task.o
    0x080070fc   0x080070fc   0x00000150   Code   RO         2155    .text._hmi_handle_gas_button_Cycletime  hmi_task.o
    0x0800724c   0x0800724c   0x00000014   Code   RO         2149    .text._hmi_handle_gas_select  hmi_task.o
    0x08007260   0x08007260   0x00000288   Code   RO         2159    .text._hmi_handle_log_print  hmi_task.o
    0x080074e8   0x080074e8   0x00000014   Code   RO         2151    .text._hmi_handle_param_input  hmi_task.o
    0x080074fc   0x080074fc   0x00000074   Code   RO         2163    .text._hmi_handle_param_save  hmi_task.o
    0x08007570   0x08007570   0x000000f4   Code   RO         2157    .text._hmi_handle_pump_start  hmi_task.o
    0x08007664   0x08007664   0x000000ac   Code   RO         1963    .text._usb_cmd_getC2H2data  usb_task.o
    0x08007710   0x08007710   0x000000e4   Code   RO         1961    .text._usb_cmd_getC2H6data  usb_task.o
    0x080077f4   0x080077f4   0x000000f4   Code   RO         1965    .text._usb_cmd_getH2temp  usb_task.o
    0x080078e8   0x080078e8   0x00000084   Code   RO         1967    .text._usb_cmd_intomenu  usb_task.o
    0x0800796c   0x0800796c   0x00000060   Code   RO         1959    .text._usb_cmd_setCH4id  usb_task.o
    0x080079cc   0x080079cc   0x00000018   Code   RO         1991    .text.app_scheduler_delay_ms  app_scheduler.o
    0x080079e4   0x080079e4   0x0000000c   Code   RO         1985    .text.app_scheduler_millis  app_scheduler.o
    0x080079f0   0x080079f0   0x00000060   Code   RO         1993    .text.app_scheduler_run  app_scheduler.o
    0x08007a50   0x08007a50   0x0000000c   Code   RO         1987    .text.app_scheduler_set_millis  app_scheduler.o
    0x08007a5c   0x08007a5c   0x00000010   Code   RO         1983    .text.app_scheduler_tick  app_scheduler.o
    0x08007a6c   0x08007a6c   0x00000004   Code   RO         2012    .text.app_task_bus485  app_tasks.o
    0x08007a70   0x08007a70   0x00000004   Code   RO         2014    .text.app_task_dataup  app_tasks.o
    0x08007a74   0x08007a74   0x00000004   Code   RO         2016    .text.app_task_dgusii  app_tasks.o
    0x08007a78   0x08007a78   0x00000018   Code   RO         2008    .text.app_task_fault_monitor  app_tasks.o
    0x08007a90   0x08007a90   0x00000004   Code   RO         2018    .text.app_task_hmi  app_tasks.o
    0x08007a94   0x08007a94   0x00000004   Code   RO         2010    .text.app_task_usb  app_tasks.o
    0x08007a98   0x08007a98   0x0000000e   Code   RO         2004    .text.app_tasks_run_running  app_tasks.o
    0x08007aa6   0x08007aa6   0x00000002   PAD
    0x08007aa8   0x08007aa8   0x0000000e   Code   RO         2006    .text.app_tasks_run_stop  app_tasks.o
    0x08007ab6   0x08007ab6   0x00000002   PAD
    0x08007ab8   0x08007ab8   0x0000000e   Code   RO         1798    .text.bcd2dec       stats.o
    0x08007ac6   0x08007ac6   0x00000002   PAD
    0x08007ac8   0x08007ac8   0x000001b4   Code   RO         2050    .text.bus485_request  bus485_task.o
    0x08007c7c   0x08007c7c   0x000001e0   Code   RO         2048    .text.bus485_run    bus485_task.o
    0x08007e5c   0x08007e5c   0x0000001e   Code   RO          170    .text.cleanUSB_rev_data  usbd_cdc_if.o
    0x08007e7a   0x08007e7a   0x00000002   PAD
    0x08007e7c   0x08007e7c   0x00000054   Code   RO         2031    .text.dataup_set_enable  dataup.o
    0x08007ed0   0x08007ed0   0x00000074   Code   RO         1879    .text.dev_addr_save  dev_addr.o
    0x08007f44   0x08007f44   0x0000004c   Code   RO         2239    .text.dg408_select  dg408.o
    0x08007f90   0x08007f90   0x00000220   Code   RO         2099    .text.dgusii_HMI_task  hmi_task.o
    0x080081b0   0x080081b0   0x00000028   Code   RO         1565    .text.dgusii_init   dgusii.o
    0x080081d8   0x080081d8   0x000001a8   Code   RO         1575    .text.dgusii_poll   dgusii.o
    0x08008380   0x08008380   0x00000030   Code   RO         1573    .text.dgusii_recover  dgusii.o
    0x080083b0   0x080083b0   0x000000f0   Code   RO         1579    .text.dgusii_request  dgusii.o
    0x080084a0   0x080084a0   0x00000064   Code   RO         1577    .text.dgusii_send   dgusii.o
    0x08008504   0x08008504   0x00000014   Code   RO         1569    .text.dgusii_tick_ms  dgusii.o
    0x08008518   0x08008518   0x00000016   Code   RO         1571    .text.dgusii_timeout_expired  dgusii.o
    0x0800852e   0x0800852e   0x00000002   PAD
    0x08008530   0x08008530   0x00000154   Code   RO         1612    .text.ds1302_read_reg  rtc.o
    0x08008684   0x08008684   0x00000120   Code   RO         1614    .text.ds1302_write_byte  rtc.o
    0x080087a4   0x080087a4   0x0000004a   Code   RO         1625    .text.fan_init      fan.o
    0x080087ee   0x080087ee   0x00000002   PAD
    0x080087f0   0x080087f0   0x00000076   Code   RO         1627    .text.fan_set_speed  fan.o
    0x08008866   0x08008866   0x00000002   PAD
    0x08008868   0x08008868   0x000000c0   Code   RO         2086    .text.fault_monitor_capture  fault_monitor.o
    0x08008928   0x08008928   0x00000208   Code   RO         2084    .text.fault_monitor_emit_dump  fault_monitor.o
    0x08008b30   0x08008b30   0x0000000e   Code   RO          166    .text.getUSB_rev_state  usbd_cdc_if.o
    0x08008b3e   0x08008b3e   0x00000002   PAD
    0x08008b40   0x08008b40   0x00000010   Code   RO          164    .text.getUSB_rx_buflen  usbd_cdc_if.o
    0x08008b50   0x08008b50   0x00000098   Code   RO         2125    .text.hmi_handle_button_key  hmi_task.o
    0x08008be8   0x08008be8   0x00000006   Code   RO         2139    .text.hmi_handle_close_sol  hmi_task.o
    0x08008bee   0x08008bee   0x00000002   PAD
    0x08008bf0   0x08008bf0   0x00000024   Code   RO         2135    .text.hmi_handle_disable_cyctime  hmi_task.o
    0x08008c14   0x08008c14   0x000000a6   Code   RO         2133    .text.hmi_handle_enable_cyctime  hmi_task.o
    0x08008cba   0x08008cba   0x00000002   PAD
    0x08008cbc   0x08008cbc   0x00000012   Code   RO         2143    .text.hmi_handle_fitfun_use  hmi_task.o
    0x08008cce   0x08008cce   0x00000002   PAD
    0x08008cd0   0x08008cd0   0x0000003c   Code   RO         2131    .text.hmi_handle_gas_button  hmi_task.o
    0x08008d0c   0x08008d0c   0x00000070   Code   RO         2137    .text.hmi_handle_gas_read  hmi_task.o
    0x08008d7c   0x08008d7c   0x00000074   Code   RO         2127    .text.hmi_handle_gas_select  hmi_task.o
    0x08008df0   0x08008df0   0x000000f4   Code   RO         2101    .text.hmi_handle_log_data  hmi_task.o
    0x08008ee4   0x08008ee4   0x000000d4   Code   RO         2141    .text.hmi_handle_log_print  hmi_task.o
    0x08008fb8   0x08008fb8   0x00000030   Code   RO         2129    .text.hmi_handle_param_input  hmi_task.o
    0x08008fe8   0x08008fe8   0x0000003c   Code   RO         2145    .text.hmi_log_dbg   hmi_task.o
    0x08009024   0x08009024   0x00000632   Code   RO           11    .text.main          main.o
    0x08009656   0x08009656   0x00000002   PAD
    0x08009658   0x08009658   0x0000001a   Code   RO         1754    .text.modbus_default_log_writer  modbus_master.o
    0x08009672   0x08009672   0x00000002   PAD
    0x08009674   0x08009674   0x000000b4   Code   RO         1740    .text.modbus_expect_exception_or_addr  modbus_master.o
    0x08009728   0x08009728   0x0000023c   Code   RO         1781    .text.modbus_h2_finalize_read_holding  modbus_master_h2.o
    0x08009964   0x08009964   0x00000030   Code   RO         1702    .text.modbus_master_clear  modbus_master.o
    0x08009994   0x08009994   0x0000000c   Code   RO         1704    .text.modbus_master_get_state  modbus_master.o
    0x080099a0   0x080099a0   0x00000030   Code   RO         1775    .text.modbus_master_h2_clear  modbus_master_h2.o
    0x080099d0   0x080099d0   0x0000000c   Code   RO         1777    .text.modbus_master_h2_get_state  modbus_master_h2.o
    0x080099dc   0x080099dc   0x0000001e   Code   RO         1771    .text.modbus_master_h2_init  modbus_master_h2.o
    0x080099fa   0x080099fa   0x00000002   PAD
    0x080099fc   0x080099fc   0x0000006c   Code   RO         1779    .text.modbus_master_h2_poll  modbus_master_h2.o
    0x08009a68   0x08009a68   0x0000008a   Code   RO         1785    .text.modbus_master_h2_read_holding  modbus_master_h2.o
    0x08009af2   0x08009af2   0x00000002   PAD
    0x08009af4   0x08009af4   0x000002ba   Code   RO         1783    .text.modbus_master_h2_start_read_holding  modbus_master_h2.o
    0x08009dae   0x08009dae   0x00000002   PAD
    0x08009db0   0x08009db0   0x00000018   Code   RO         1700    .text.modbus_master_init  modbus_master.o
    0x08009dc8   0x08009dc8   0x0000037e   Code   RO         1712    .text.modbus_master_poll  modbus_master.o
    0x0800a146   0x0800a146   0x00000002   PAD
    0x0800a148   0x0800a148   0x00000062   Code   RO         1734    .text.modbus_master_read_input  modbus_master.o
    0x0800a1aa   0x0800a1aa   0x00000002   PAD
    0x0800a1ac   0x0800a1ac   0x00000020   Code   RO         1716    .text.modbus_master_start_read_holding  modbus_master.o
    0x0800a1cc   0x0800a1cc   0x00000020   Code   RO         1720    .text.modbus_master_start_read_input  modbus_master.o
    0x0800a1ec   0x0800a1ec   0x00000286   Code   RO         1722    .text.modbus_master_start_write_multi  modbus_master.o
    0x0800a472   0x0800a472   0x00000002   PAD
    0x0800a474   0x0800a474   0x00000056   Code   RO         1746    .text.modbus_master_write_multi  modbus_master.o
    0x0800a4ca   0x0800a4ca   0x00000002   PAD
    0x0800a4cc   0x0800a4cc   0x000002c0   Code   RO         1718    .text.modbus_start_read_regs  modbus_master.o
    0x0800a78c   0x0800a78c   0x000000a0   Code   RO         1724    .text.modbus_start_transaction  modbus_master.o
    0x0800a82c   0x0800a82c   0x0000016e   Code   RO         1756    .text.modbus_validate_read_regs  modbus_master.o
    0x0800a99a   0x0800a99a   0x00000002   PAD
    0x0800a99c   0x0800a99c   0x0000001a   Code   RO         1893    .text.ndelay_expired  usb_task.o
    0x0800a9b6   0x0800a9b6   0x00000002   PAD
    0x0800a9b8   0x0800a9b8   0x00000022   Code   RO         1897    .text.ndelay_ms     usb_task.o
    0x0800a9da   0x0800a9da   0x00000002   PAD
    0x0800a9dc   0x0800a9dc   0x000000d8   Code   RO         1851    .text.param_erase_write  flash_storage.o
    0x0800aab4   0x0800aab4   0x00000042   Code   RO         1638    .text.pump_init     pump.o
    0x0800aaf6   0x0800aaf6   0x00000002   PAD
    0x0800aaf8   0x0800aaf8   0x00000066   Code   RO         1640    .text.pump_set_strength  pump.o
    0x0800ab5e   0x0800ab5e   0x00000002   PAD
    0x0800ab60   0x0800ab60   0x0000001e   Code   RO         1592    .text.rs485_h2_init  rs485_h2_1.o
    0x0800ab7e   0x0800ab7e   0x00000002   PAD
    0x0800ab80   0x0800ab80   0x0000000a   Code   RO         1594    .text.rs485_h2_read  rs485_h2_1.o
    0x0800ab8a   0x0800ab8a   0x00000002   PAD
    0x0800ab8c   0x0800ab8c   0x00000070   Code   RO         1596    .text.rs485_h2_write  rs485_h2_1.o
    0x0800abfc   0x0800abfc   0x0000001c   Code   RO         1551    .text.rs485_init    rs485.o
    0x0800ac18   0x0800ac18   0x0000000a   Code   RO         1553    .text.rs485_read    rs485.o
    0x0800ac22   0x0800ac22   0x00000002   PAD
    0x0800ac24   0x0800ac24   0x0000006e   Code   RO         1555    .text.rs485_write   rs485.o
    0x0800ac92   0x0800ac92   0x00000002   PAD
    0x0800ac94   0x0800ac94   0x00000134   Code   RO         1608    .text.rtc_get_datetime  rtc.o
    0x0800adc8   0x0800adc8   0x000000d8   Code   RO         1606    .text.rtc_init      rtc.o
    0x0800aea0   0x0800aea0   0x00000346   Code   RO         1610    .text.rtc_set_datetime  rtc.o
    0x0800b1e6   0x0800b1e6   0x00000002   PAD
    0x0800b1e8   0x0800b1e8   0x0000006e   Code   RO         2294    .text.solenoid_set_duty  solenoid.o
    0x0800b256   0x0800b256   0x00000002   PAD
    0x0800b258   0x0800b258   0x00000550   Code   RO         2065    .text.start_task_readbase  start_task.o
    0x0800b7a8   0x0800b7a8   0x00000464   Code   RO         2063    .text.start_task_run  start_task.o
    0x0800bc0c   0x0800bc0c   0x0000000a   Code   RO         1808    .text.stats_floatToBytes  stats.o
    0x0800bc16   0x0800bc16   0x00000002   PAD
    0x0800bc18   0x0800bc18   0x000003a0   Code   RO         1806    .text.stats_getFilteredMean  stats.o
    0x0800bfb8   0x0800bfb8   0x00000440   Code   RO         1802    .text.stats_getSlope  stats.o
    0x0800c3f8   0x0800c3f8   0x000002e2   Code   RO         1804    .text.stats_getStability  stats.o
    0x0800c6da   0x0800c6da   0x00000002   PAD
    0x0800c6dc   0x0800c6dc   0x0000004a   Code   RO         1865    .text.storage_log_erase  flash_storage.o
    0x0800c726   0x0800c726   0x00000002   PAD
    0x0800c728   0x0800c728   0x00000086   Code   RO         1867    .text.storage_log_read_offset  flash_storage.o
    0x0800c7ae   0x0800c7ae   0x00000002   PAD
    0x0800c7b0   0x0800c7b0   0x00000050   Code   RO         1863    .text.storage_log_size  flash_storage.o
    0x0800c800   0x0800c800   0x0000033e   Code   RO         1859    .text.storage_log_write  flash_storage.o
    0x0800cb3e   0x0800cb3e   0x00000002   PAD
    0x0800cb40   0x0800cb40   0x0000005a   Code   RO         1857    .text.storage_param_read_all  flash_storage.o
    0x0800cb9a   0x0800cb9a   0x00000002   PAD
    0x0800cb9c   0x0800cb9c   0x0000009c   Code   RO         1855    .text.storage_param_write_group  flash_storage.o
    0x0800cc38   0x0800cc38   0x0000000c   Code   RO         1847    .text.storage_set_addr  flash_storage.o
    0x0800cc44   0x0800cc44   0x00000074   Code   RO         1533    .text.uart_getData  uart.o
    0x0800ccb8   0x0800ccb8   0x0000002c   Code   RO         1535    .text.uart_sendData  uart.o
    0x0800cce4   0x0800cce4   0x000000bc   Code   RO         1537    .text.uart_setBaudRate  uart.o
    0x0800cda0   0x0800cda0   0x00000026   Code   RO         1519    .text.uart_startReceiveIT  uart.o
    0x0800cdc6   0x0800cdc6   0x00000002   PAD
    0x0800cdc8   0x0800cdc8   0x000005fc   Code   RO         2035    .text.updata_sensor  dataup.o
    0x0800d3c4   0x0800d3c4   0x00000086   Code   RO          172    .text.usb_cdc_send_packet  usbd_cdc_if.o
    0x0800d44a   0x0800d44a   0x00000002   PAD
    0x0800d44c   0x0800d44c   0x000000b2   Code   RO         1943    .text.usb_cmd_base  usb_task.o
    0x0800d4fe   0x0800d4fe   0x00000002   PAD
    0x0800d500   0x0800d500   0x0000002c   Code   RO         1953    .text.usb_cmd_erase_log  usb_task.o
    0x0800d52c   0x0800d52c   0x00000072   Code   RO         1945    .text.usb_cmd_fixFLASHbase  usb_task.o
    0x0800d59e   0x0800d59e   0x00000002   PAD
    0x0800d5a0   0x0800d5a0   0x0000000e   Code   RO         1931    .text.usb_cmd_getC2H2conc  usb_task.o
    0x0800d5ae   0x0800d5ae   0x00000002   PAD
    0x0800d5b0   0x0800d5b0   0x00000014   Code   RO         1927    .text.usb_cmd_getC2H2data  usb_task.o
    0x0800d5c4   0x0800d5c4   0x0000000e   Code   RO         1933    .text.usb_cmd_getC2H6conc  usb_task.o
    0x0800d5d2   0x0800d5d2   0x00000002   PAD
    0x0800d5d4   0x0800d5d4   0x0000007c   Code   RO         1915    .text.usb_cmd_getC2H6data  usb_task.o
    0x0800d650   0x0800d650   0x0000000e   Code   RO         1929    .text.usb_cmd_getCH4conc  usb_task.o
    0x0800d65e   0x0800d65e   0x00000002   PAD
    0x0800d660   0x0800d660   0x00000014   Code   RO         1911    .text.usb_cmd_getCH4info  usb_task.o
    0x0800d674   0x0800d674   0x0000000e   Code   RO         1935    .text.usb_cmd_getH2conc  usb_task.o
    0x0800d682   0x0800d682   0x00000002   PAD
    0x0800d684   0x0800d684   0x00000014   Code   RO         1937    .text.usb_cmd_getH2temp  usb_task.o
    0x0800d698   0x0800d698   0x00000044   Code   RO         1905    .text.usb_cmd_get_sysinfo  usb_task.o
    0x0800d6dc   0x0800d6dc   0x00000078   Code   RO         1907    .text.usb_cmd_get_time  usb_task.o
    0x0800d754   0x0800d754   0x00000014   Code   RO         1939    .text.usb_cmd_intomenu  usb_task.o
    0x0800d768   0x0800d768   0x00000194   Code   RO         1949    .text.usb_cmd_read_log  usb_task.o
    0x0800d8fc   0x0800d8fc   0x00000054   Code   RO         1955    .text.usb_cmd_read_log_raw  usb_task.o
    0x0800d950   0x0800d950   0x000000f4   Code   RO         1947    .text.usb_cmd_read_param  usb_task.o
    0x0800da44   0x0800da44   0x00000054   Code   RO         1913    .text.usb_cmd_setCH4id  usb_task.o
    0x0800da98   0x0800da98   0x00000048   Code   RO         1917    .text.usb_cmd_setDAC  usb_task.o
    0x0800dae0   0x0800dae0   0x0000001a   Code   RO         1925    .text.usb_cmd_setDG408add  usb_task.o
    0x0800dafa   0x0800dafa   0x00000002   PAD
    0x0800dafc   0x0800dafc   0x00000022   Code   RO         1919    .text.usb_cmd_setFANduty  usb_task.o
    0x0800db1e   0x0800db1e   0x00000002   PAD
    0x0800db20   0x0800db20   0x00000022   Code   RO         1921    .text.usb_cmd_setPUMPduty  usb_task.o
    0x0800db42   0x0800db42   0x00000002   PAD
    0x0800db44   0x0800db44   0x00000022   Code   RO         1923    .text.usb_cmd_setSOLduty  usb_task.o
    0x0800db66   0x0800db66   0x00000002   PAD
    0x0800db68   0x0800db68   0x0000002e   Code   RO         1909    .text.usb_cmd_set_baudrate  usb_task.o
    0x0800db96   0x0800db96   0x00000002   PAD
    0x0800db98   0x0800db98   0x000000b4   Code   RO         1903    .text.usb_cmd_set_time  usb_task.o
    0x0800dc4c   0x0800dc4c   0x0000002c   Code   RO         1941    .text.usb_cmd_touch_ctrl  usb_task.o
    0x0800dc78   0x0800dc78   0x0000001e   Code   RO         1951    .text.usb_cmd_write_param  usb_task.o
    0x0800dc96   0x0800dc96   0x00000002   PAD
    0x0800dc98   0x0800dc98   0x00000040   Code   RO         1895    .text.usb_task_init  usb_task.o
    0x0800dcd8   0x0800dcd8   0x000001b4   Code   RO         1891    .text.usb_task_process  usb_task.o
    0x0800de8c   0x0800de8c   0x00000034   Code   RO         2559    i.__0snprintf       mc_w.l(printfa.o)
    0x0800dec0   0x0800dec0   0x00000028   Code   RO         2560    i.__0sprintf        mc_w.l(printfa.o)
    0x0800dee8   0x0800dee8   0x00000034   Code   RO         2563    i.__0vsnprintf      mc_w.l(printfa.o)
    0x0800df1c   0x0800df1c   0x0000000e   Code   RO         2680    i.__scatterload_copy  mc_w.l(handlers.o)
    0x0800df2a   0x0800df2a   0x00000002   Code   RO         2681    i.__scatterload_null  mc_w.l(handlers.o)
    0x0800df2c   0x0800df2c   0x0000000e   Code   RO         2682    i.__scatterload_zeroinit  mc_w.l(handlers.o)
    0x0800df3a   0x0800df3a   0x00000002   PAD
    0x0800df3c   0x0800df3c   0x0000000c   Code   RO         2656    i.__set_errno       mc_w.l(errno.o)
    0x0800df48   0x0800df48   0x00000184   Code   RO         2565    i._fp_digits        mc_w.l(printfa.o)
    0x0800e0cc   0x0800e0cc   0x000006dc   Code   RO         2566    i._printf_core      mc_w.l(printfa.o)
    0x0800e7a8   0x0800e7a8   0x00000024   Code   RO         2567    i._printf_post_padding  mc_w.l(printfa.o)
    0x0800e7cc   0x0800e7cc   0x0000002e   Code   RO         2568    i._printf_pre_padding  mc_w.l(printfa.o)
    0x0800e7fa   0x0800e7fa   0x00000016   Code   RO         2569    i._snputc           mc_w.l(printfa.o)
    0x0800e810   0x0800e810   0x0000000a   Code   RO         2570    i._sputc            mc_w.l(printfa.o)
    0x0800e81a   0x0800e81a   0x0000004c   Code   RO         2305    i.sqrt              m_ws.l(sqrt.o)
    0x0800e866   0x0800e866   0x00000002   PAD
    0x0800e868   0x0800e868   0x00000010   Data   RO         1542    .rodata..Lswitch.table.uart_setBaudRate.1  uart.o
    0x0800e878   0x0800e878   0x0000006c   Data   RO         1973    .rodata..Lswitch.table.usb_task_process  usb_task.o
    0x0800e8e4   0x0800e8e4   0x00000010   Data   RO         1375    .rodata.AHBPrescTable  system_stm32f1xx.o
    0x0800e8f4   0x0800e8f4   0x00000008   Data   RO         1376    .rodata.APBPrescTable  system_stm32f1xx.o
    0x0800e8fc   0x0800e8fc   0x00000003   Data   RO         2202    .rodata.CH4_requestConc.req_conc  ch4.o
    0x0800e8ff   0x0800e8ff   0x00000003   Data   RO         2201    .rodata.CH4_requestConc.req_point  ch4.o
    0x0800e902   0x0800e902   0x00000002   Data   RO          521    .rodata.HAL_RCC_GetSysClockFreq.aPredivFactorTable  stm32f1xx_hal_rcc.o
    0x0800e904   0x0800e904   0x0000000a   Data   RO         1833    .rodata.HMI_CLOSE_TOUCH  hmi_text_gbk.o
    0x0800e90e   0x0800e90e   0x0000000a   Data   RO         1835    .rodata.HMI_INTO_MENU  hmi_text_gbk.o
    0x0800e918   0x0800e918   0x0000000a   Data   RO         1834    .rodata.HMI_OPEN_TOUCH  hmi_text_gbk.o
    0x0800e922   0x0800e922   0x00000008   Data   RO         1836    .rodata.HMI_SCREEN_LIGHT  hmi_text_gbk.o
    0x0800e92a   0x0800e92a   0x00000014   Data   RO         1830    .rodata.HMI_TEXT_INITING_GBK  hmi_text_gbk.o
    0x0800e93e   0x0800e93e   0x00000014   Data   RO         1831    .rodata.HMI_TEXT_PREHEAT_GBK  hmi_text_gbk.o
    0x0800e952   0x0800e952   0x00000004   Data   RO         1841    .rodata.HMI_TEXT_READ_FAIL_CAB_GBK  hmi_text_gbk.o
    0x0800e956   0x0800e956   0x0000000e   Data   RO         1839    .rodata.HMI_TEXT_READ_FAIL_GBK  hmi_text_gbk.o
    0x0800e964   0x0800e964   0x00000011   Data   RO         1837    .rodata.HMI_TEXT_READ_ING_GBK  hmi_text_gbk.o
    0x0800e975   0x0800e975   0x00000011   Data   RO         1840    .rodata.HMI_TEXT_READ_NOSTABLE_GBK  hmi_text_gbk.o
    0x0800e986   0x0800e986   0x0000000e   Data   RO         1838    .rodata.HMI_TEXT_READ_OVER_GBK  hmi_text_gbk.o
    0x0800e994   0x0800e994   0x00000010   Data   RO          520    .rodata.cst16       stm32f1xx_hal_rcc.o
    0x0800e9a4   0x0800e9a4   0x0000000c   Data   RO         1616    .rodata.rtc_datetime_is_valid.month_table  rtc.o
    0x0800e9b0   0x0800e9b0   0x00000040   Data   RO         2199    .rodata.s_ch4_info_items  ch4.o
    0x0800e9f0   0x0800e9f0   0x0000001b   Data   RO           17    .rodata.str1.1      main.o
    0x0800ea0b   0x0800ea0b   0x00000029   Data   RO         1761    .rodata.str1.1      modbus_master.o
    0x0800ea34   0x0800ea34   0x000000fc   Data   RO         1970    .rodata.str1.1      usb_task.o
    0x0800eb30   0x0800eb30   0x0000008f   Data   RO         2054    .rodata.str1.1      bus485_task.o
    0x0800ebbf   0x0800ebbf   0x0000003b   Data   RO         2073    .rodata.str1.1      start_task.o
    0x0800ebfa   0x0800ebfa   0x0000010c   Data   RO         2089    .rodata.str1.1      fault_monitor.o
    0x0800ed06   0x0800ed06   0x00000033   Data   RO         2172    .rodata.str1.1      hmi_task.o
    0x0800ed39   0x0800ed39   0x00000003   PAD
    0x0800ed3c   0x0800ed3c   0x0000005b   Data   RO         2072    .rodata.str1.4      start_task.o
    0x0800ed97   0x0800ed97   0x00000001   PAD
    0x0800ed98   0x0800ed98   0x000001b0   Data   RO         1971    .rodata.usb_cmd_table  usb_task.o
    0x0800ef48   0x0800ef48   0x00000020   Data   RO         2679    Region$$Table       anon$$obj.o


    Execution Region RW_IRAM1 (Exec base: 0x20000000, Load base: 0x0800ef68, Size: 0x00008080, Max: 0x00010000, ABSOLUTE, COMPRESSED[0x00000128])

    Exec Addr    Load Addr    Size         Type   Attr      Idx    E Section Name        Object

    0x20000000   COMPRESSED   0x00000004   Data   RW         2657    .data               mc_w.l(errno.o)
    0x20000004   COMPRESSED   0x00000008   Data   RW          483    .data..L_MergedGlobals  stm32f1xx_hal.o
    0x2000000c   COMPRESSED   0x00000002   Data   RW         2174    .data..L_MergedGlobals  hmi_task.o
    0x2000000e   COMPRESSED   0x00000002   PAD
    0x20000010   COMPRESSED   0x00000018   Data   RW         2225    .data..L_MergedGlobals  c2h6.o
    0x20000028   COMPRESSED   0x0000000c   Data   RW         2222    .data.C2H6_SNverify.C2H6_in  c2h6.o
    0x20000034   COMPRESSED   0x0000000c   Data   RW         2223    .data.C2H6_conc.C2H6_in  c2h6.o
    0x20000040   COMPRESSED   0x00000014   Data   RW         2198    .data.CH4_data      ch4.o
    0x20000054   COMPRESSED   0x0000001c   Data   RW          137    .data.FS_Desc       usbd_desc.o
    0x20000070   COMPRESSED   0x00000001   Data   RW         2270    .data.H2_Getdata.s_h2_cmd  h2.o
    0x20000071   COMPRESSED   0x00000014   Data   RW         1832    .data.HMI_TEXT_INIT_ERR_ID_GBK  hmi_text_gbk.o
    0x20000085   COMPRESSED   0x00000001   Data   RW         2167    .data.HMI_param.0   hmi_task.o
    0x20000086   COMPRESSED   0x00000002   PAD
    0x20000088   COMPRESSED   0x00000004   Data   RW         1374    .data.SystemCoreClock  system_stm32f1xx.o
    0x2000008c   COMPRESSED   0x00000038   Data   RW         1506    .data.USBD_CDC      usbd_cdc.o
    0x200000c4   COMPRESSED   0x00000043   Data   RW         1508    .data.USBD_CDC_CfgFSDesc  usbd_cdc.o
    0x20000107   COMPRESSED   0x00000001   PAD
    0x20000108   COMPRESSED   0x00000043   Data   RW         1507    .data.USBD_CDC_CfgHSDesc  usbd_cdc.o
    0x2000014b   COMPRESSED   0x00000001   PAD
    0x2000014c   COMPRESSED   0x0000000a   Data   RW         1510    .data.USBD_CDC_DeviceQualifierDesc  usbd_cdc.o
    0x20000156   COMPRESSED   0x00000002   PAD
    0x20000158   COMPRESSED   0x00000008   Data   RW          174    .data.USBD_CDC_LineCoding  usbd_cdc_if.o
    0x20000160   COMPRESSED   0x00000043   Data   RW         1509    .data.USBD_CDC_OtherSpeedCfgDesc  usbd_cdc.o
    0x200001a3   COMPRESSED   0x00000001   PAD
    0x200001a4   COMPRESSED   0x00000012   Data   RW          138    .data.USBD_FS_DeviceDesc  usbd_desc.o
    0x200001b6   COMPRESSED   0x00000002   PAD
    0x200001b8   COMPRESSED   0x00000010   Data   RW          175    .data.USBD_Interface_fops_FS  usbd_cdc_if.o
    0x200001c8   COMPRESSED   0x00000004   Data   RW          139    .data.USBD_LangIDDesc  usbd_desc.o
    0x200001cc   COMPRESSED   0x0000001a   Data   RW          140    .data.USBD_StringSerial  usbd_desc.o
    0x200001e6   COMPRESSED   0x00000004   Data   RW         2171    .data._hmi_handle_gas_button_Cycletime.init_data  hmi_task.o
    0x200001ea   COMPRESSED   0x00000002   Data   RW         2168    .data.clean_time    hmi_task.o
    0x200001ec   COMPRESSED   0x00000004   Data   RW         2037    .data.gas_wait_sec  dataup.o
    0x200001f0   COMPRESSED   0x00000008   Data   RW         1972    .data.rtc_data      usb_task.o
    0x200001f8   COMPRESSED   0x00000004   Data   RW         1758    .data.s_modbus_log_writer  modbus_master.o
    0x200001fc   COMPRESSED   0x00000060   Data   RW         2020    .data.s_running_tasks  app_tasks.o
    0x2000025c   COMPRESSED   0x00000050   Data   RW         2021    .data.s_stop_tasks  app_tasks.o
    0x200002ac   COMPRESSED   0x00000004   PAD
    0x200002b0        -       0x00000060   Zero   RW           25    .bss..L_MergedGlobals  main.o
    0x20000310        -       0x0000000c   Zero   RW         1583    .bss..L_MergedGlobals  dgusii.o
    0x2000031c        -       0x0000001c   Zero   RW         1762    .bss..L_MergedGlobals  modbus_master.o
    0x20000338        -       0x00000020   Zero   RW         1789    .bss..L_MergedGlobals  modbus_master_h2.o
    0x20000358        -       0x00000058   Zero   RW         1974    .bss..L_MergedGlobals  usb_task.o
    0x200003b0        -       0x00000008   Zero   RW         1995    .bss..L_MergedGlobals  app_scheduler.o
    0x200003b8        -       0x0000007c   Zero   RW         2038    .bss..L_MergedGlobals  dataup.o
    0x20000434        -       0x00000028   Zero   RW         2090    .bss..L_MergedGlobals  fault_monitor.o
    0x2000045c        -       0x00000014   Zero   RW         2203    .bss..L_MergedGlobals  ch4.o
    0x20000470        -       0x00000028   Zero   RW         2255    .bss..L_MergedGlobals  c2h2.o
    0x20000498        -       0x00000020   Zero   RW         2271    .bss..L_MergedGlobals  h2.o
    0x200004b8        -       0x00000048   Zero   RW         2226    .bss..L_MergedGlobals.1  c2h6.o
    0x20000500        -       0x0000007c   Zero   RW         2039    .bss..L_MergedGlobals.12  dataup.o
    0x2000057c        -       0x00000054   Zero   RW         2175    .bss..L_MergedGlobals.33  hmi_task.o
    0x200005d0        -       0x00000001   Zero   RW         2200    .bss.CH4_requestConc.step  ch4.o
    0x200005d1        -       0x00000001   Zero   RW         1445    .bss.USBD_SetConfig.cfgidx  usbd_ctlreq.o
    0x200005d2   COMPRESSED   0x00000002   PAD
    0x200005d4        -       0x00000200   Zero   RW          141    .bss.USBD_StrDesc   usbd_desc.o
    0x200007d4        -       0x00000220   Zero   RW          253    .bss.USBD_static_malloc.mem  usbd_conf.o
    0x200009f4        -       0x00000400   Zero   RW          178    .bss.UserRxBufferFS  usbd_cdc_if.o
    0x20000df4        -       0x00000400   Zero   RW          179    .bss.UserTxBufferFS  usbd_cdc_if.o
    0x200011f4        -       0x000000ff   Zero   RW         2173    .bss._hmi_handle_param_save.s_param_buf  hmi_task.o
    0x200012f3   COMPRESSED   0x00000001   PAD
    0x200012f4        -       0x00000030   Zero   RW         2071    .bss.base_data      start_task.o
    0x20001324        -       0x000000c8   Zero   RW          177    .bss.g_usb_usart_rx_buffer  usbd_cdc_if.o
    0x200013ec        -       0x00000002   Zero   RW          176    .bss.g_usb_usart_rx_sta  usbd_cdc_if.o
    0x200013ee        -       0x00000040   Zero   RW         1969    .bss.get_sysVersion.sys_info  usb_task.o
    0x2000142e   COMPRESSED   0x00000002   PAD
    0x20001430        -       0x000002c4   Zero   RW          116    .bss.hUsbDeviceFS   usb_device.o
    0x200016f4        -       0x000002d8   Zero   RW          252    .bss.hpcd_USB_FS    usbd_conf.o
    0x200019cc        -       0x00000048   Zero   RW           19    .bss.htim2          main.o
    0x20001a14        -       0x00000048   Zero   RW           21    .bss.huart1         main.o
    0x20001a5c        -       0x00000048   Zero   RW           22    .bss.huart2         main.o
    0x20001aa4        -       0x00000048   Zero   RW           23    .bss.huart3         main.o
    0x20001aec        -       0x00000048   Zero   RW           20    .bss.huart4         main.o
    0x20001b34   COMPRESSED   0x00000004   PAD
    0x20001b38        -       0x00000020   Zero   RW          708    .bss.pFlash         stm32f1xx_hal_flash.o
    0x20001b58        -       0x00000004   Zero   RW         1869    .bss.s_addr         flash_storage.o
    0x20001b5c        -       0x0000001a   Zero   RW         2053    .bss.s_bus485_task  bus485_task.o
    0x20001b76   COMPRESSED   0x00000002   PAD
    0x20001b78        -       0x00004800   Zero   RW         1870    .bss.s_compact_buf  flash_storage.o
    0x20006378        -       0x00000a2c   Zero   RW         1581    .bss.s_dgusii_ctx   dgusii.o
    0x20006da4        -       0x00000004   Zero   RW         1582    .bss.s_dgusii_tick_ms  dgusii.o
    0x20006da8        -       0x00000001   Zero   RW         1629    .bss.s_fan_started  fan.o
    0x20006da9   COMPRESSED   0x00000003   PAD
    0x20006dac        -       0x00000078   Zero   RW         2088    .bss.s_fault_dump   fault_monitor.o
    0x20006e24        -       0x00000410   Zero   RW         1541    .bss.s_fifos        uart.o
    0x20007234        -       0x0000040c   Zero   RW         2166    .bss.s_hmi_frame_cache  hmi_task.o
    0x20007640        -       0x000001fc   Zero   RW         2165    .bss.s_hmi_log      hmi_task.o
    0x2000783c        -       0x00000100   Zero   RW         1788    .bss.s_modbus_h2_req_buf  modbus_master_h2.o
    0x2000793c        -       0x00000100   Zero   RW         1787    .bss.s_modbus_h2_rsp_buf  modbus_master_h2.o
    0x20007a3c        -       0x00000100   Zero   RW         1760    .bss.s_modbus_req_buf  modbus_master.o
    0x20007b3c        -       0x00000100   Zero   RW         1759    .bss.s_modbus_rsp_buf  modbus_master.o
    0x20007c3c        -       0x00000001   Zero   RW         1642    .bss.s_pump_started  pump.o
    0x20007c3d        -       0x00000001   Zero   RW         2296    .bss.s_solenoid_started  solenoid.o
    0x20007c3e        -       0x0000003c   Zero   RW         2224    .bss.s_tx_payload   c2h6.o
    0x20007c7a   COMPRESSED   0x00000002   PAD
    0x20007c7c        -       0x00000004   Zero   RW          482    .bss.uwTick         stm32f1xx_hal.o
    0x20007c80        -       0x00000400   Zero   RW            1    STACK               startup_stm32f103xe.o


==============================================================================

Image component sizes


      Code (inc. data)   RO Data    RW Data    ZI Data      Debug   Object Name

       160          0          0          0          8       2264   app_scheduler.o
        72          0          0        176          0       1998   app_tasks.o
       916        240        143          0         26       4787   bus485_task.o
       366          0          0          0         40       2449   c2h2.o
      1284         38          0         48        132       5809   c2h6.o
      1288          0         70         20         21       5864   ch4.o
        90          0          0          0          0       1409   dac.o
      1616        124          0          4        248       5770   dataup.o
       116          0          0          0          0       1398   dev_addr.o
        76          0          0          0          0       1841   dg408.o
       894          0          0          0       2620       5948   dgusii.o
       192          0          0          0          1       2732   fan.o
       712        120        268          0        160       5333   fault_monitor.o
      1592          0          0          0      18436      12143   flash_storage.o
       422          0          0          1         32       2445   h2.o
      4906        580         51          9       1883      18819   hmi_task.o
         0          0        144         20          0       1001   hmi_text_gbk.o
      1772          0         27          0        456      13522   main.o
      3308          0         41          4        540      33433   modbus_master.o
      1606          0          0          0        544       7049   modbus_master_h2.o
       168          0          0          0          1       2696   pump.o
       148          0          0          0          0       2367   rs485.o
       152          0          0          0          0       2378   rs485_h2_1.o
      1990          0         12          0          0       7437   rtc.o
       110          0          0          0          1       2770   solenoid.o
      2492        168        150          0         48       7789   start_task.o
        36          8        304          0       1024        768   startup_stm32f103xe.o
      2778          0          0          0          0       7252   stats.o
       188          0          0          8          4       6092   stm32f1xx_hal.o
       196          0          0          0          0       8747   stm32f1xx_hal_cortex.o
       290          0          0          0          0       7295   stm32f1xx_hal_dac.o
       542          0          0          0         32       5996   stm32f1xx_hal_flash.o
       238          0          0          0          0       7059   stm32f1xx_hal_flash_ex.o
       506         22          0          0          0       4700   stm32f1xx_hal_gpio.o
       892          0          0          0          0      11301   stm32f1xx_hal_msp.o
      3534          0          0          0          0      17472   stm32f1xx_hal_pcd.o
        76          0          0          0          0       4155   stm32f1xx_hal_pcd_ex.o
      1542          0         18          0          0       8070   stm32f1xx_hal_rcc.o
       258          0          0          0          0       3835   stm32f1xx_hal_rcc_ex.o
      1986         16          0          0          0      57830   stm32f1xx_hal_tim.o
       226          0          0          0          0      21399   stm32f1xx_hal_tim_ex.o
       628          0          0          0          0      33155   stm32f1xx_hal_uart.o
       258         16          0          0          0       6210   stm32f1xx_it.o
      3560          6          0          0          0      23368   stm32f1xx_ll_usb.o
         2          0         24          4          0       1581   system_stm32f1xx.o
       732         60         16          0       1040      10026   uart.o
       114          0          0          0        708       2921   usb_device.o
      3722        408        792          8        152      16573   usb_task.o
       778          0          0        267          0      10188   usbd_cdc.o
       774          0          0         24       2250       8228   usbd_cdc_if.o
       690          0          0          0       1272      16490   usbd_conf.o
       692          0          0          0          0       7930   usbd_core.o
      1412         40          0          0          1       9217   usbd_ctlreq.o
       560         68          0         76        512       4148   usbd_desc.o
       128          0          0          0          0       4421   usbd_ioreq.o

    ----------------------------------------------------------------------
     54096       1914       2096        680      32212     487878   Object Totals
         0          0         32          0          0          0   (incl. Generated)
       310          0          4         11         20          0   (incl. Padding)

    ----------------------------------------------------------------------

      Code (inc. data)   RO Data    RW Data    ZI Data      Debug   Library Member Name

        76          0          0          0          0         84   sqrt.o
        86          0          0          0          0          0   __dczerorl2.o
         0          0          0          0          0          0   entry.o
         0          0          0          0          0          0   entry10a.o
         0          0          0          0          0          0   entry11a.o
         8          4          0          0          0          0   entry2.o
         4          0          0          0          0          0   entry5.o
         0          0          0          0          0          0   entry7b.o
         0          0          0          0          0          0   entry8b.o
         8          4          0          0          0          0   entry9a.o
        12          6          0          4          0         68   errno.o
        30          0          0          0          0          0   handlers.o
        48         10          0          0          0         68   init.o
         0          0          0          0          0          0   iusefp.o
        30          0          0          0          0         68   llshl.o
        36          0          0          0          0         68   llsshr.o
        32          0          0          0          0         68   llushr.o
        26          0          0          0          0         80   memcmp.o
        64          0          0          0          0         76   memmovea.o
        36          0          0          0          0        108   memseta.o
      2402         96          0          0          0        756   printfa.o
        14          0          0          0          0         68   strlen.o
        44          0          0          0          0         80   uidiv.o
        98          0          0          0          0         92   uldiv.o
        48          0          0          0          0         68   cdrcmple.o
        56          0          0          0          0         88   d2f.o
       334          0          0          0          0        148   dadd.o
        54          0          0          0          0         80   dcmple.o
       222          0          0          0          0        100   ddiv.o
       186          0          0          0          0        176   depilogue.o
        48          0          0          0          0         68   dfixul.o
        26          0          0          0          0         76   dfltui.o
       228          0          0          0          0         96   dmul.o
       162          0          0          0          0        100   dsqrt.o
        38          0          0          0          0         68   f2d.o
       176          0          0          0          0        140   fadd.o
        28          0          0          0          0         68   fcmpge.o
        28          0          0          0          0         68   fcmpgt.o
        28          0          0          0          0         68   fcmple.o
        28          0          0          0          0         68   fcmplt.o
       124          0          0          0          0         88   fdiv.o
       110          0          0          0          0        168   fepilogue.o
        10          0          0          0          0         68   ffltui.o
       100          0          0          0          0         76   fmul.o

    ----------------------------------------------------------------------
      5096        120          0          4          0       3564   Library Totals
         8          0          0          0          0          0   (incl. Padding)

    ----------------------------------------------------------------------

      Code (inc. data)   RO Data    RW Data    ZI Data      Debug   Library Name

        76          0          0          0          0         84   m_ws.l
      2978        120          0          4          0       1600   mc_w.l
      2034          0          0          0          0       1880   mf_w.l

    ----------------------------------------------------------------------
      5096        120          0          4          0       3564   Library Totals

    ----------------------------------------------------------------------

==============================================================================


      Code (inc. data)   RO Data    RW Data    ZI Data      Debug   

     59192       2034       2096        684      32212     488658   Grand Totals
     59192       2034       2096        296      32212     488658   ELF Image Totals (compressed)
     59192       2034       2096        296          0          0   ROM Totals

==============================================================================

    Total RO  Size (Code + RO Data)                61288 (  59.85kB)
    Total RW  Size (RW Data + ZI Data)             32896 (  32.12kB)
    Total ROM Size (Code + RO Data + RW Data)      61584 (  60.14kB)

==============================================================================

