<html>
<body>
<pre>
<h1>µVision Build Log</h1>
<h2>Tool Versions:</h2>
IDE-Version: ¦ÌVision V5.43.1.0
Copyright (C) 2025 ARM Ltd and ARM Germany GmbH. All rights reserved.
License Information: 1 LGZN2024@outlook.com, 1, LIC=IK1BF-6WVQJ-WFLI7-EMWJD-A4NU7-C1SRW
 
Tool Versions:
Toolchain:       MDK-ARM Plus  Version: 5.43.0.0
Toolchain Path:  E:\Users\LGZN2\AppData\Local\Keil_v5\ARM\ARMCLANG\Bin
C Compiler:      ArmClang.exe V6.24
Assembler:       Armasm.exe V6.24
Linker/Locator:  ArmLink.exe V6.24
Library Manager: ArmAr.exe V6.24
Hex Converter:   FromElf.exe V6.24
CPU DLL:         SARMCM3.DLL V5.43.0.0
Dialog DLL:      DCM.DLL V1.17.5.0
Target DLL:      STLink\ST-LINKIII-KEIL_SWO.dll V3.3.1.0
Dialog DLL:      TCM.DLL V1.56.6.0
 
<h2>Project:</h2>
E:\code\stm32\las_new\MDK-ARM\lgas.uvprojx
Project File Date:  05/18/2026

<h2>Output:</h2>
*** Using Compiler 'V6.24', folder: 'E:\Users\LGZN2\AppData\Local\Keil_v5\ARM\ARMCLANG\Bin'
Rebuild target 'lgas'
Note: source file '..\DEVICE\rs485\rs485_h2.c' - object file renamed from 'lgas\rs485_h2.o' to 'lgas\rs485_h2_1.o'.
compiling loop_profiler.c...
compiling stm32f1xx_hal.c...
compiling stm32f1xx_hal_msp.c...
compiling usb_device.c...
compiling stm32f1xx_hal_pcd_ex.c...
compiling main.c...
compiling usbd_desc.c...
assembling startup_stm32f103xe.s...
compiling stm32f1xx_hal_gpio_ex.c...
compiling usbd_cdc_if.c...
compiling stm32f1xx_it.c...
compiling usbd_conf.c...
compiling stm32f1xx_hal_rcc.c...
compiling stm32f1xx_ll_usb.c...
compiling stm32f1xx_hal_pcd.c...
compiling stm32f1xx_hal_rcc_ex.c...
compiling stm32f1xx_hal_gpio.c...
compiling stm32f1xx_hal_pwr.c...
compiling stm32f1xx_hal_cortex.c...
compiling stm32f1xx_hal_flash.c...
compiling stm32f1xx_hal_dma.c...
compiling stm32f1xx_hal_flash_ex.c...
compiling stm32f1xx_hal_exti.c...
compiling stm32f1xx_hal_dac.c...
compiling stm32f1xx_hal_dac_ex.c...
compiling stm32f1xx_hal_rtc_ex.c...
compiling system_stm32f1xx.c...
compiling stm32f1xx_hal_rtc.c...
compiling stm32f1xx_hal_tim_ex.c...
compiling usbd_core.c...
compiling usbd_ctlreq.c...
compiling usbd_ioreq.c...
compiling stm32f1xx_hal_uart.c...
compiling uart.c...
compiling usbd_cdc.c...
compiling rs485.c...
compiling dgusii.c...
compiling rs485_h2.c...
compiling fan.c...
compiling stm32f1xx_hal_tim.c...
compiling pump.c...
compiling rtc.c...
compiling stats.c...
compiling modbus_master_h2.c...
compiling hmi_text_gbk.c...
compiling modbus_slave.c...
compiling fit.c...
compiling dev_addr.c...
compiling app_scheduler.c...
compiling flash_storage.c...
compiling modbus_master.c...
compiling app_tasks.c...
compiling usb_task.c...
compiling dataup.c...
compiling fault_monitor.c...
compiling bus485_task.c...
compiling start_task.c...
compiling dg408.c...
compiling CH4.c...
compiling C2H6.c...
compiling C2H2.c...
compiling HMI_task.c...
compiling H2.c...
compiling DAC.c...
compiling solenoid.c...
linking...
Program Size: Code=59192 RO-data=2096 RW-data=684 ZI-data=32212  
FromELF: creating hex file...
"lgas\lgas.axf" - 0 Error(s), 0 Warning(s).

<h2>Software Packages used:</h2>

Package Vendor: ARM
                https://www.keil.com/pack/ARM.CMSIS.6.2.0.pack
                ARM::CMSIS@6.2.0
                CMSIS (Common Microcontroller Software Interface Standard)
   * Component: CORE Version: 6.1.1

Package Vendor: Keil
                https://www.keil.com/pack/Keil.STM32F1xx_DFP.2.4.1.pack
                Keil::STM32F1xx_DFP@2.4.1
                STMicroelectronics STM32F1 Series Device Support, Drivers and Examples

<h2>Collection of Component include folders:</h2>
  ./RTE/_lgas
  C:/Users/LGZN2/AppData/Local/Arm/Packs/ARM/CMSIS/6.2.0/CMSIS/Core/Include
  C:/Users/LGZN2/AppData/Local/Arm/Packs/Keil/STM32F1xx_DFP/2.4.1/Device/Include

<h2>Collection of Component Files used:</h2>

   * Component: ARM::CMSIS:CORE@6.1.1
      Include file:  CMSIS/Core/Include/tz_context.h
Build Time Elapsed:  00:00:11
</pre>
</body>
</html>
