<!doctype html public "-//w3c//dtd html 4.0 transitional//en">
<html><head>
<title>Static Call Graph - [lgas\lgas.axf]</title></head>
<body><HR>
<H1>Static Call Graph for image lgas\lgas.axf</H1><HR>
<BR><P>#&#060CALLGRAPH&#062# ARM Linker, 6240002: Last Updated: Wed Jun  3 17:03:08 2026
<BR><P>
<H3>Maximum Stack Usage =        912 bytes + Unknown(Cycles, Untraceable Function Pointers)</H3><H3>
Call chain for Maximum Stack Depth:</H3>
main &rArr; start_task_run &rArr; C2H2_readinfo &rArr; modbus_master_read_input &rArr; modbus_master_poll &rArr; modbus_validate_read_regs &rArr; modbus_expect_exception_or_addr &rArr; __2snprintf
<P>
<H3>
Mutually Recursive functions
</H3> <LI><a href="#[38]">ADC1_2_IRQHandler</a>&nbsp;&nbsp;&nbsp;&rArr;&nbsp;&nbsp;&nbsp;<a href="#[38]">ADC1_2_IRQHandler</a><BR>
 <LI><a href="#[1d]">NMI_Handler</a>&nbsp;&nbsp;&nbsp;&rArr;&nbsp;&nbsp;&nbsp;<a href="#[1d]">NMI_Handler</a><BR>
</UL>
<P>
<H3>
Function Pointers
</H3><UL>
 <LI><a href="#[38]">ADC1_2_IRQHandler</a> from startup_stm32f103xe.o(.text) referenced from startup_stm32f103xe.o(RESET)
 <LI><a href="#[55]">ADC3_IRQHandler</a> from startup_stm32f103xe.o(.text) referenced from startup_stm32f103xe.o(RESET)
 <LI><a href="#[20]">BusFault_Handler</a> from stm32f1xx_it.o(.text.BusFault_Handler) referenced from startup_stm32f103xe.o(RESET)
 <LI><a href="#[3b]">CAN1_RX1_IRQHandler</a> from startup_stm32f103xe.o(.text) referenced from startup_stm32f103xe.o(RESET)
 <LI><a href="#[3c]">CAN1_SCE_IRQHandler</a> from startup_stm32f103xe.o(.text) referenced from startup_stm32f103xe.o(RESET)
 <LI><a href="#[13]">CDC_Control_FS</a> from usbd_cdc_if.o(.text.CDC_Control_FS) referenced 2 times from usbd_cdc_if.o(.data.USBD_Interface_fops_FS)
 <LI><a href="#[12]">CDC_DeInit_FS</a> from usbd_cdc_if.o(.text.CDC_DeInit_FS) referenced 2 times from usbd_cdc_if.o(.data.USBD_Interface_fops_FS)
 <LI><a href="#[11]">CDC_Init_FS</a> from usbd_cdc_if.o(.text.CDC_Init_FS) referenced 2 times from usbd_cdc_if.o(.data.USBD_Interface_fops_FS)
 <LI><a href="#[14]">CDC_Receive_FS</a> from usbd_cdc_if.o(.text.CDC_Receive_FS) referenced 2 times from usbd_cdc_if.o(.data.USBD_Interface_fops_FS)
 <LI><a href="#[31]">DMA1_Channel1_IRQHandler</a> from startup_stm32f103xe.o(.text) referenced from startup_stm32f103xe.o(RESET)
 <LI><a href="#[32]">DMA1_Channel2_IRQHandler</a> from startup_stm32f103xe.o(.text) referenced from startup_stm32f103xe.o(RESET)
 <LI><a href="#[33]">DMA1_Channel3_IRQHandler</a> from startup_stm32f103xe.o(.text) referenced from startup_stm32f103xe.o(RESET)
 <LI><a href="#[34]">DMA1_Channel4_IRQHandler</a> from startup_stm32f103xe.o(.text) referenced from startup_stm32f103xe.o(RESET)
 <LI><a href="#[35]">DMA1_Channel5_IRQHandler</a> from startup_stm32f103xe.o(.text) referenced from startup_stm32f103xe.o(RESET)
 <LI><a href="#[36]">DMA1_Channel6_IRQHandler</a> from startup_stm32f103xe.o(.text) referenced from startup_stm32f103xe.o(RESET)
 <LI><a href="#[37]">DMA1_Channel7_IRQHandler</a> from startup_stm32f103xe.o(.text) referenced from startup_stm32f103xe.o(RESET)
 <LI><a href="#[5e]">DMA2_Channel1_IRQHandler</a> from startup_stm32f103xe.o(.text) referenced from startup_stm32f103xe.o(RESET)
 <LI><a href="#[5f]">DMA2_Channel2_IRQHandler</a> from startup_stm32f103xe.o(.text) referenced from startup_stm32f103xe.o(RESET)
 <LI><a href="#[60]">DMA2_Channel3_IRQHandler</a> from startup_stm32f103xe.o(.text) referenced from startup_stm32f103xe.o(RESET)
 <LI><a href="#[61]">DMA2_Channel4_5_IRQHandler</a> from startup_stm32f103xe.o(.text) referenced from startup_stm32f103xe.o(RESET)
 <LI><a href="#[23]">DebugMon_Handler</a> from stm32f1xx_it.o(.text.DebugMon_Handler) referenced from startup_stm32f103xe.o(RESET)
 <LI><a href="#[2c]">EXTI0_IRQHandler</a> from startup_stm32f103xe.o(.text) referenced from startup_stm32f103xe.o(RESET)
 <LI><a href="#[4e]">EXTI15_10_IRQHandler</a> from startup_stm32f103xe.o(.text) referenced from startup_stm32f103xe.o(RESET)
 <LI><a href="#[2d]">EXTI1_IRQHandler</a> from startup_stm32f103xe.o(.text) referenced from startup_stm32f103xe.o(RESET)
 <LI><a href="#[2e]">EXTI2_IRQHandler</a> from startup_stm32f103xe.o(.text) referenced from startup_stm32f103xe.o(RESET)
 <LI><a href="#[2f]">EXTI3_IRQHandler</a> from startup_stm32f103xe.o(.text) referenced from startup_stm32f103xe.o(RESET)
 <LI><a href="#[30]">EXTI4_IRQHandler</a> from startup_stm32f103xe.o(.text) referenced from startup_stm32f103xe.o(RESET)
 <LI><a href="#[3d]">EXTI9_5_IRQHandler</a> from startup_stm32f103xe.o(.text) referenced from startup_stm32f103xe.o(RESET)
 <LI><a href="#[2a]">FLASH_IRQHandler</a> from startup_stm32f103xe.o(.text) referenced from startup_stm32f103xe.o(RESET)
 <LI><a href="#[56]">FSMC_IRQHandler</a> from startup_stm32f103xe.o(.text) referenced from startup_stm32f103xe.o(RESET)
 <LI><a href="#[1e]">HardFault_Handler</a> from stm32f1xx_it.o(.text.HardFault_Handler) referenced from startup_stm32f103xe.o(RESET)
 <LI><a href="#[46]">I2C1_ER_IRQHandler</a> from startup_stm32f103xe.o(.text) referenced from startup_stm32f103xe.o(RESET)
 <LI><a href="#[45]">I2C1_EV_IRQHandler</a> from startup_stm32f103xe.o(.text) referenced from startup_stm32f103xe.o(RESET)
 <LI><a href="#[48]">I2C2_ER_IRQHandler</a> from startup_stm32f103xe.o(.text) referenced from startup_stm32f103xe.o(RESET)
 <LI><a href="#[47]">I2C2_EV_IRQHandler</a> from startup_stm32f103xe.o(.text) referenced from startup_stm32f103xe.o(RESET)
 <LI><a href="#[1f]">MemManage_Handler</a> from stm32f1xx_it.o(.text.MemManage_Handler) referenced from startup_stm32f103xe.o(RESET)
 <LI><a href="#[1d]">NMI_Handler</a> from stm32f1xx_it.o(.text.NMI_Handler) referenced from startup_stm32f103xe.o(RESET)
 <LI><a href="#[27]">PVD_IRQHandler</a> from startup_stm32f103xe.o(.text) referenced from startup_stm32f103xe.o(RESET)
 <LI><a href="#[24]">PendSV_Handler</a> from stm32f1xx_it.o(.text.PendSV_Handler) referenced from startup_stm32f103xe.o(RESET)
 <LI><a href="#[2b]">RCC_IRQHandler</a> from startup_stm32f103xe.o(.text) referenced from startup_stm32f103xe.o(RESET)
 <LI><a href="#[4f]">RTC_Alarm_IRQHandler</a> from startup_stm32f103xe.o(.text) referenced from startup_stm32f103xe.o(RESET)
 <LI><a href="#[29]">RTC_IRQHandler</a> from startup_stm32f103xe.o(.text) referenced from startup_stm32f103xe.o(RESET)
 <LI><a href="#[1c]">Reset_Handler</a> from startup_stm32f103xe.o(.text) referenced from startup_stm32f103xe.o(RESET)
 <LI><a href="#[57]">SDIO_IRQHandler</a> from startup_stm32f103xe.o(.text) referenced from startup_stm32f103xe.o(RESET)
 <LI><a href="#[49]">SPI1_IRQHandler</a> from startup_stm32f103xe.o(.text) referenced from startup_stm32f103xe.o(RESET)
 <LI><a href="#[4a]">SPI2_IRQHandler</a> from startup_stm32f103xe.o(.text) referenced from startup_stm32f103xe.o(RESET)
 <LI><a href="#[59]">SPI3_IRQHandler</a> from startup_stm32f103xe.o(.text) referenced from startup_stm32f103xe.o(RESET)
 <LI><a href="#[22]">SVC_Handler</a> from stm32f1xx_it.o(.text.SVC_Handler) referenced from startup_stm32f103xe.o(RESET)
 <LI><a href="#[25]">SysTick_Handler</a> from stm32f1xx_it.o(.text.SysTick_Handler) referenced from startup_stm32f103xe.o(RESET)
 <LI><a href="#[63]">SystemInit</a> from system_stm32f1xx.o(.text.SystemInit) referenced from startup_stm32f103xe.o(.text)
 <LI><a href="#[28]">TAMPER_IRQHandler</a> from startup_stm32f103xe.o(.text) referenced from startup_stm32f103xe.o(RESET)
 <LI><a href="#[3e]">TIM1_BRK_IRQHandler</a> from startup_stm32f103xe.o(.text) referenced from startup_stm32f103xe.o(RESET)
 <LI><a href="#[41]">TIM1_CC_IRQHandler</a> from startup_stm32f103xe.o(.text) referenced from startup_stm32f103xe.o(RESET)
 <LI><a href="#[40]">TIM1_TRG_COM_IRQHandler</a> from startup_stm32f103xe.o(.text) referenced from startup_stm32f103xe.o(RESET)
 <LI><a href="#[3f]">TIM1_UP_IRQHandler</a> from startup_stm32f103xe.o(.text) referenced from startup_stm32f103xe.o(RESET)
 <LI><a href="#[42]">TIM2_IRQHandler</a> from startup_stm32f103xe.o(.text) referenced from startup_stm32f103xe.o(RESET)
 <LI><a href="#[43]">TIM3_IRQHandler</a> from startup_stm32f103xe.o(.text) referenced from startup_stm32f103xe.o(RESET)
 <LI><a href="#[44]">TIM4_IRQHandler</a> from startup_stm32f103xe.o(.text) referenced from startup_stm32f103xe.o(RESET)
 <LI><a href="#[58]">TIM5_IRQHandler</a> from startup_stm32f103xe.o(.text) referenced from startup_stm32f103xe.o(RESET)
 <LI><a href="#[5c]">TIM6_IRQHandler</a> from startup_stm32f103xe.o(.text) referenced from startup_stm32f103xe.o(RESET)
 <LI><a href="#[5d]">TIM7_IRQHandler</a> from startup_stm32f103xe.o(.text) referenced from startup_stm32f103xe.o(RESET)
 <LI><a href="#[51]">TIM8_BRK_IRQHandler</a> from startup_stm32f103xe.o(.text) referenced from startup_stm32f103xe.o(RESET)
 <LI><a href="#[54]">TIM8_CC_IRQHandler</a> from startup_stm32f103xe.o(.text) referenced from startup_stm32f103xe.o(RESET)
 <LI><a href="#[53]">TIM8_TRG_COM_IRQHandler</a> from startup_stm32f103xe.o(.text) referenced from startup_stm32f103xe.o(RESET)
 <LI><a href="#[52]">TIM8_UP_IRQHandler</a> from startup_stm32f103xe.o(.text) referenced from startup_stm32f103xe.o(RESET)
 <LI><a href="#[5a]">UART4_IRQHandler</a> from uart.o(.text.UART4_IRQHandler) referenced from startup_stm32f103xe.o(RESET)
 <LI><a href="#[5b]">UART5_IRQHandler</a> from startup_stm32f103xe.o(.text) referenced from startup_stm32f103xe.o(RESET)
 <LI><a href="#[4b]">USART1_IRQHandler</a> from uart.o(.text.USART1_IRQHandler) referenced from startup_stm32f103xe.o(RESET)
 <LI><a href="#[4c]">USART2_IRQHandler</a> from uart.o(.text.USART2_IRQHandler) referenced from startup_stm32f103xe.o(RESET)
 <LI><a href="#[4d]">USART3_IRQHandler</a> from uart.o(.text.USART3_IRQHandler) referenced from startup_stm32f103xe.o(RESET)
 <LI><a href="#[b]">USBD_CDC_DataIn</a> from usbd_cdc.o(.text.USBD_CDC_DataIn) referenced 2 times from usbd_cdc.o(.data.USBD_CDC)
 <LI><a href="#[c]">USBD_CDC_DataOut</a> from usbd_cdc.o(.text.USBD_CDC_DataOut) referenced 2 times from usbd_cdc.o(.data.USBD_CDC)
 <LI><a href="#[8]">USBD_CDC_DeInit</a> from usbd_cdc.o(.text.USBD_CDC_DeInit) referenced 2 times from usbd_cdc.o(.data.USBD_CDC)
 <LI><a href="#[a]">USBD_CDC_EP0_RxReady</a> from usbd_cdc.o(.text.USBD_CDC_EP0_RxReady) referenced 2 times from usbd_cdc.o(.data.USBD_CDC)
 <LI><a href="#[10]">USBD_CDC_GetDeviceQualifierDescriptor</a> from usbd_cdc.o(.text.USBD_CDC_GetDeviceQualifierDescriptor) referenced 2 times from usbd_cdc.o(.data.USBD_CDC)
 <LI><a href="#[e]">USBD_CDC_GetFSCfgDesc</a> from usbd_cdc.o(.text.USBD_CDC_GetFSCfgDesc) referenced 2 times from usbd_cdc.o(.data.USBD_CDC)
 <LI><a href="#[d]">USBD_CDC_GetHSCfgDesc</a> from usbd_cdc.o(.text.USBD_CDC_GetHSCfgDesc) referenced 2 times from usbd_cdc.o(.data.USBD_CDC)
 <LI><a href="#[f]">USBD_CDC_GetOtherSpeedCfgDesc</a> from usbd_cdc.o(.text.USBD_CDC_GetOtherSpeedCfgDesc) referenced 2 times from usbd_cdc.o(.data.USBD_CDC)
 <LI><a href="#[7]">USBD_CDC_Init</a> from usbd_cdc.o(.text.USBD_CDC_Init) referenced 2 times from usbd_cdc.o(.data.USBD_CDC)
 <LI><a href="#[9]">USBD_CDC_Setup</a> from usbd_cdc.o(.text.USBD_CDC_Setup) referenced 2 times from usbd_cdc.o(.data.USBD_CDC)
 <LI><a href="#[5]">USBD_FS_ConfigStrDescriptor</a> from usbd_desc.o(.text.USBD_FS_ConfigStrDescriptor) referenced 2 times from usbd_desc.o(.data.FS_Desc)
 <LI><a href="#[0]">USBD_FS_DeviceDescriptor</a> from usbd_desc.o(.text.USBD_FS_DeviceDescriptor) referenced 2 times from usbd_desc.o(.data.FS_Desc)
 <LI><a href="#[6]">USBD_FS_InterfaceStrDescriptor</a> from usbd_desc.o(.text.USBD_FS_InterfaceStrDescriptor) referenced 2 times from usbd_desc.o(.data.FS_Desc)
 <LI><a href="#[1]">USBD_FS_LangIDStrDescriptor</a> from usbd_desc.o(.text.USBD_FS_LangIDStrDescriptor) referenced 2 times from usbd_desc.o(.data.FS_Desc)
 <LI><a href="#[2]">USBD_FS_ManufacturerStrDescriptor</a> from usbd_desc.o(.text.USBD_FS_ManufacturerStrDescriptor) referenced 2 times from usbd_desc.o(.data.FS_Desc)
 <LI><a href="#[3]">USBD_FS_ProductStrDescriptor</a> from usbd_desc.o(.text.USBD_FS_ProductStrDescriptor) referenced 2 times from usbd_desc.o(.data.FS_Desc)
 <LI><a href="#[4]">USBD_FS_SerialStrDescriptor</a> from usbd_desc.o(.text.USBD_FS_SerialStrDescriptor) referenced 2 times from usbd_desc.o(.data.FS_Desc)
 <LI><a href="#[50]">USBWakeUp_IRQHandler</a> from startup_stm32f103xe.o(.text) referenced from startup_stm32f103xe.o(RESET)
 <LI><a href="#[39]">USB_HP_CAN1_TX_IRQHandler</a> from startup_stm32f103xe.o(.text) referenced from startup_stm32f103xe.o(RESET)
 <LI><a href="#[3a]">USB_LP_CAN1_RX0_IRQHandler</a> from stm32f1xx_it.o(.text.USB_LP_CAN1_RX0_IRQHandler) referenced from startup_stm32f103xe.o(RESET)
 <LI><a href="#[21]">UsageFault_Handler</a> from stm32f1xx_it.o(.text.UsageFault_Handler) referenced from startup_stm32f103xe.o(RESET)
 <LI><a href="#[26]">WWDG_IRQHandler</a> from startup_stm32f103xe.o(.text) referenced from startup_stm32f103xe.o(RESET)
 <LI><a href="#[64]">__main</a> from entry.o(.ARM.Collect$$$$00000000) referenced from startup_stm32f103xe.o(.text)
 <LI><a href="#[7a]">_cmd_getCH4info</a> from usb_task.o(.text._cmd_getCH4info) referenced from usb_task.o(.text.usb_task_process)
 <LI><a href="#[65]">_hmi_handle_button_key</a> from hmi_task.o(.text._hmi_handle_button_key) referenced from hmi_task.o(.text.HMI_task_poll)
 <LI><a href="#[6c]">_hmi_handle_fitfun_use</a> from hmi_task.o(.text._hmi_handle_fitfun_use) referenced from hmi_task.o(.text.HMI_task_poll)
 <LI><a href="#[68]">_hmi_handle_gas_button</a> from hmi_task.o(.text._hmi_handle_gas_button) referenced from hmi_task.o(.text.HMI_task_poll)
 <LI><a href="#[69]">_hmi_handle_gas_button_Cycletime</a> from hmi_task.o(.text._hmi_handle_gas_button_Cycletime) referenced from hmi_task.o(.text.HMI_task_poll)
 <LI><a href="#[66]">_hmi_handle_gas_select</a> from hmi_task.o(.text._hmi_handle_gas_select) referenced from hmi_task.o(.text.HMI_task_poll)
 <LI><a href="#[6b]">_hmi_handle_log_print</a> from hmi_task.o(.text._hmi_handle_log_print) referenced from hmi_task.o(.text.HMI_task_poll)
 <LI><a href="#[67]">_hmi_handle_param_input</a> from hmi_task.o(.text._hmi_handle_param_input) referenced from hmi_task.o(.text.HMI_task_poll)
 <LI><a href="#[6d]">_hmi_handle_param_save</a> from hmi_task.o(.text._hmi_handle_param_save) referenced from hmi_task.o(.text.HMI_task_poll)
 <LI><a href="#[6a]">_hmi_handle_pump_start</a> from hmi_task.o(.text._hmi_handle_pump_start) referenced from hmi_task.o(.text.HMI_task_poll)
 <LI><a href="#[80]">_snputc</a> from printfa.o(i._snputc) referenced from printfa.o(i.__0snprintf)
 <LI><a href="#[80]">_snputc</a> from printfa.o(i._snputc) referenced from printfa.o(i.__0vsnprintf)
 <LI><a href="#[81]">_sputc</a> from printfa.o(i._sputc) referenced from printfa.o(i.__0sprintf)
 <LI><a href="#[7d]">_usb_cmd_getC2H2data</a> from usb_task.o(.text._usb_cmd_getC2H2data) referenced from usb_task.o(.text.usb_task_process)
 <LI><a href="#[7c]">_usb_cmd_getC2H6data</a> from usb_task.o(.text._usb_cmd_getC2H6data) referenced from usb_task.o(.text.usb_task_process)
 <LI><a href="#[7e]">_usb_cmd_getH2temp</a> from usb_task.o(.text._usb_cmd_getH2temp) referenced from usb_task.o(.text.usb_task_process)
 <LI><a href="#[7f]">_usb_cmd_intomenu</a> from usb_task.o(.text._usb_cmd_intomenu) referenced from usb_task.o(.text.usb_task_process)
 <LI><a href="#[7b]">_usb_cmd_setCH4id</a> from usb_task.o(.text._usb_cmd_setCH4id) referenced from usb_task.o(.text.usb_task_process)
 <LI><a href="#[18]">app_task_bus485</a> from app_tasks.o(.text.app_task_bus485) referenced 2 times from app_tasks.o(.data.s_running_tasks)
 <LI><a href="#[18]">app_task_bus485</a> from app_tasks.o(.text.app_task_bus485) referenced 2 times from app_tasks.o(.data.s_stop_tasks)
 <LI><a href="#[19]">app_task_dataup</a> from app_tasks.o(.text.app_task_dataup) referenced 2 times from app_tasks.o(.data.s_running_tasks)
 <LI><a href="#[19]">app_task_dataup</a> from app_tasks.o(.text.app_task_dataup) referenced 2 times from app_tasks.o(.data.s_stop_tasks)
 <LI><a href="#[1a]">app_task_dgusii</a> from app_tasks.o(.text.app_task_dgusii) referenced 2 times from app_tasks.o(.data.s_running_tasks)
 <LI><a href="#[1a]">app_task_dgusii</a> from app_tasks.o(.text.app_task_dgusii) referenced 2 times from app_tasks.o(.data.s_stop_tasks)
 <LI><a href="#[16]">app_task_fault_monitor</a> from app_tasks.o(.text.app_task_fault_monitor) referenced 2 times from app_tasks.o(.data.s_running_tasks)
 <LI><a href="#[1b]">app_task_hmi</a> from app_tasks.o(.text.app_task_hmi) referenced 2 times from app_tasks.o(.data.s_running_tasks)
 <LI><a href="#[1b]">app_task_hmi</a> from app_tasks.o(.text.app_task_hmi) referenced 2 times from app_tasks.o(.data.s_stop_tasks)
 <LI><a href="#[17]">app_task_usb</a> from app_tasks.o(.text.app_task_usb) referenced 2 times from app_tasks.o(.data.s_running_tasks)
 <LI><a href="#[17]">app_task_usb</a> from app_tasks.o(.text.app_task_usb) referenced 2 times from app_tasks.o(.data.s_stop_tasks)
 <LI><a href="#[79]">dgusii_HMI_task</a> from hmi_task.o(.text.dgusii_HMI_task) referenced 2 times from main.o(.text.main)
 <LI><a href="#[70]">hmi_handle_button_key</a> from hmi_task.o(.text.hmi_handle_button_key) referenced 2 times from hmi_task.o(.text.dgusii_HMI_task)
 <LI><a href="#[73]">hmi_handle_close_sol</a> from hmi_task.o(.text.hmi_handle_close_sol) referenced 2 times from hmi_task.o(.text.dgusii_HMI_task)
 <LI><a href="#[74]">hmi_handle_disable_cyctime</a> from hmi_task.o(.text.hmi_handle_disable_cyctime) referenced 2 times from hmi_task.o(.text.dgusii_HMI_task)
 <LI><a href="#[76]">hmi_handle_enable_cyctime</a> from hmi_task.o(.text.hmi_handle_enable_cyctime) referenced 2 times from hmi_task.o(.text.dgusii_HMI_task)
 <LI><a href="#[77]">hmi_handle_fitfun_use</a> from hmi_task.o(.text.hmi_handle_fitfun_use) referenced 2 times from hmi_task.o(.text.dgusii_HMI_task)
 <LI><a href="#[72]">hmi_handle_gas_button</a> from hmi_task.o(.text.hmi_handle_gas_button) referenced 2 times from hmi_task.o(.text.dgusii_HMI_task)
 <LI><a href="#[78]">hmi_handle_gas_read</a> from hmi_task.o(.text.hmi_handle_gas_read) referenced 2 times from hmi_task.o(.text.dgusii_HMI_task)
 <LI><a href="#[6f]">hmi_handle_gas_select</a> from hmi_task.o(.text.hmi_handle_gas_select) referenced 2 times from hmi_task.o(.text.dgusii_HMI_task)
 <LI><a href="#[6e]">hmi_handle_log_data</a> from hmi_task.o(.text.hmi_handle_log_data) referenced 2 times from hmi_task.o(.text.dgusii_HMI_task)
 <LI><a href="#[75]">hmi_handle_log_print</a> from hmi_task.o(.text.hmi_handle_log_print) referenced 2 times from hmi_task.o(.text.dgusii_HMI_task)
 <LI><a href="#[71]">hmi_handle_param_input</a> from hmi_task.o(.text.hmi_handle_param_input) referenced 2 times from hmi_task.o(.text.dgusii_HMI_task)
 <LI><a href="#[62]">main</a> from main.o(.text.main) referenced from entry9a.o(.ARM.Collect$$$$0000000B)
 <LI><a href="#[15]">modbus_default_log_writer</a> from modbus_master.o(.text.modbus_default_log_writer) referenced 2 times from modbus_master.o(.data.s_modbus_log_writer)
 <LI><a href="#[96]">usb_cmd_base</a> from usb_task.o(.text.usb_cmd_base) referenced from usb_task.o(.rodata.usb_cmd_table)
 <LI><a href="#[9b]">usb_cmd_erase_log</a> from usb_task.o(.text.usb_cmd_erase_log) referenced from usb_task.o(.rodata.usb_cmd_table)
 <LI><a href="#[97]">usb_cmd_fixFLASHbase</a> from usb_task.o(.text.usb_cmd_fixFLASHbase) referenced from usb_task.o(.rodata.usb_cmd_table)
 <LI><a href="#[90]">usb_cmd_getC2H2conc</a> from usb_task.o(.text.usb_cmd_getC2H2conc) referenced from usb_task.o(.rodata.usb_cmd_table)
 <LI><a href="#[8e]">usb_cmd_getC2H2data</a> from usb_task.o(.text.usb_cmd_getC2H2data) referenced from usb_task.o(.rodata.usb_cmd_table)
 <LI><a href="#[91]">usb_cmd_getC2H6conc</a> from usb_task.o(.text.usb_cmd_getC2H6conc) referenced from usb_task.o(.rodata.usb_cmd_table)
 <LI><a href="#[88]">usb_cmd_getC2H6data</a> from usb_task.o(.text.usb_cmd_getC2H6data) referenced from usb_task.o(.rodata.usb_cmd_table)
 <LI><a href="#[8f]">usb_cmd_getCH4conc</a> from usb_task.o(.text.usb_cmd_getCH4conc) referenced from usb_task.o(.rodata.usb_cmd_table)
 <LI><a href="#[86]">usb_cmd_getCH4info</a> from usb_task.o(.text.usb_cmd_getCH4info) referenced from usb_task.o(.rodata.usb_cmd_table)
 <LI><a href="#[92]">usb_cmd_getH2conc</a> from usb_task.o(.text.usb_cmd_getH2conc) referenced from usb_task.o(.rodata.usb_cmd_table)
 <LI><a href="#[93]">usb_cmd_getH2temp</a> from usb_task.o(.text.usb_cmd_getH2temp) referenced from usb_task.o(.rodata.usb_cmd_table)
 <LI><a href="#[83]">usb_cmd_get_sysinfo</a> from usb_task.o(.text.usb_cmd_get_sysinfo) referenced from usb_task.o(.rodata.usb_cmd_table)
 <LI><a href="#[84]">usb_cmd_get_time</a> from usb_task.o(.text.usb_cmd_get_time) referenced from usb_task.o(.rodata.usb_cmd_table)
 <LI><a href="#[94]">usb_cmd_intomenu</a> from usb_task.o(.text.usb_cmd_intomenu) referenced from usb_task.o(.rodata.usb_cmd_table)
 <LI><a href="#[99]">usb_cmd_read_log</a> from usb_task.o(.text.usb_cmd_read_log) referenced from usb_task.o(.rodata.usb_cmd_table)
 <LI><a href="#[9c]">usb_cmd_read_log_raw</a> from usb_task.o(.text.usb_cmd_read_log_raw) referenced from usb_task.o(.rodata.usb_cmd_table)
 <LI><a href="#[98]">usb_cmd_read_param</a> from usb_task.o(.text.usb_cmd_read_param) referenced from usb_task.o(.rodata.usb_cmd_table)
 <LI><a href="#[87]">usb_cmd_setCH4id</a> from usb_task.o(.text.usb_cmd_setCH4id) referenced from usb_task.o(.rodata.usb_cmd_table)
 <LI><a href="#[89]">usb_cmd_setDAC</a> from usb_task.o(.text.usb_cmd_setDAC) referenced from usb_task.o(.rodata.usb_cmd_table)
 <LI><a href="#[8d]">usb_cmd_setDG408add</a> from usb_task.o(.text.usb_cmd_setDG408add) referenced from usb_task.o(.rodata.usb_cmd_table)
 <LI><a href="#[8a]">usb_cmd_setFANduty</a> from usb_task.o(.text.usb_cmd_setFANduty) referenced from usb_task.o(.rodata.usb_cmd_table)
 <LI><a href="#[8b]">usb_cmd_setPUMPduty</a> from usb_task.o(.text.usb_cmd_setPUMPduty) referenced from usb_task.o(.rodata.usb_cmd_table)
 <LI><a href="#[8c]">usb_cmd_setSOLduty</a> from usb_task.o(.text.usb_cmd_setSOLduty) referenced from usb_task.o(.rodata.usb_cmd_table)
 <LI><a href="#[85]">usb_cmd_set_baudrate</a> from usb_task.o(.text.usb_cmd_set_baudrate) referenced from usb_task.o(.rodata.usb_cmd_table)
 <LI><a href="#[82]">usb_cmd_set_time</a> from usb_task.o(.text.usb_cmd_set_time) referenced from usb_task.o(.rodata.usb_cmd_table)
 <LI><a href="#[95]">usb_cmd_touch_ctrl</a> from usb_task.o(.text.usb_cmd_touch_ctrl) referenced from usb_task.o(.rodata.usb_cmd_table)
 <LI><a href="#[9a]">usb_cmd_write_param</a> from usb_task.o(.text.usb_cmd_write_param) referenced from usb_task.o(.rodata.usb_cmd_table)
</UL>
<P>
<H3>
Global Symbols
</H3>
<P><STRONG><a name="[64]"></a>__main</STRONG> (Thumb, 0 bytes, Stack size unknown bytes, entry.o(.ARM.Collect$$$$00000000))
<BR>[Address Reference Count : 1]<UL><LI> startup_stm32f103xe.o(.text)
</UL>
<P><STRONG><a name="[1c8]"></a>_main_stk</STRONG> (Thumb, 0 bytes, Stack size unknown bytes, entry2.o(.ARM.Collect$$$$00000001))

<P><STRONG><a name="[9d]"></a>_main_scatterload</STRONG> (Thumb, 0 bytes, Stack size unknown bytes, entry5.o(.ARM.Collect$$$$00000004))
<BR><BR>[Calls]<UL><LI><a href="#[9e]">&gt;&gt;</a>&nbsp;&nbsp;&nbsp;__scatterload
</UL>

<P><STRONG><a name="[b8]"></a>__main_after_scatterload</STRONG> (Thumb, 0 bytes, Stack size unknown bytes, entry5.o(.ARM.Collect$$$$00000004))
<BR><BR>[Called By]<UL><LI><a href="#[9e]">&gt;&gt;</a>&nbsp;&nbsp;&nbsp;__scatterload
</UL>

<P><STRONG><a name="[1c9]"></a>_main_clock</STRONG> (Thumb, 0 bytes, Stack size unknown bytes, entry7b.o(.ARM.Collect$$$$00000008))

<P><STRONG><a name="[1ca]"></a>_main_cpp_init</STRONG> (Thumb, 0 bytes, Stack size unknown bytes, entry8b.o(.ARM.Collect$$$$0000000A))

<P><STRONG><a name="[1cb]"></a>_main_init</STRONG> (Thumb, 0 bytes, Stack size unknown bytes, entry9a.o(.ARM.Collect$$$$0000000B))

<P><STRONG><a name="[1cc]"></a>__rt_final_cpp</STRONG> (Thumb, 0 bytes, Stack size unknown bytes, entry10a.o(.ARM.Collect$$$$0000000D))

<P><STRONG><a name="[1cd]"></a>__rt_final_exit</STRONG> (Thumb, 0 bytes, Stack size unknown bytes, entry11a.o(.ARM.Collect$$$$0000000F))

<P><STRONG><a name="[1c]"></a>Reset_Handler</STRONG> (Thumb, 8 bytes, Stack size 0 bytes, startup_stm32f103xe.o(.text))
<BR>[Address Reference Count : 1]<UL><LI> startup_stm32f103xe.o(RESET)
</UL>
<P><STRONG><a name="[38]"></a>ADC1_2_IRQHandler</STRONG> (Thumb, 0 bytes, Stack size 0 bytes, startup_stm32f103xe.o(.text))
<BR><BR>[Calls]<UL><LI><a href="#[38]">&gt;&gt;</a>&nbsp;&nbsp;&nbsp;ADC1_2_IRQHandler
</UL>
<BR>[Called By]<UL><LI><a href="#[38]">&gt;&gt;</a>&nbsp;&nbsp;&nbsp;ADC1_2_IRQHandler
</UL>
<BR>[Address Reference Count : 1]<UL><LI> startup_stm32f103xe.o(RESET)
</UL>
<P><STRONG><a name="[55]"></a>ADC3_IRQHandler</STRONG> (Thumb, 0 bytes, Stack size 0 bytes, startup_stm32f103xe.o(.text))
<BR>[Address Reference Count : 1]<UL><LI> startup_stm32f103xe.o(RESET)
</UL>
<P><STRONG><a name="[3b]"></a>CAN1_RX1_IRQHandler</STRONG> (Thumb, 0 bytes, Stack size 0 bytes, startup_stm32f103xe.o(.text))
<BR>[Address Reference Count : 1]<UL><LI> startup_stm32f103xe.o(RESET)
</UL>
<P><STRONG><a name="[3c]"></a>CAN1_SCE_IRQHandler</STRONG> (Thumb, 0 bytes, Stack size 0 bytes, startup_stm32f103xe.o(.text))
<BR>[Address Reference Count : 1]<UL><LI> startup_stm32f103xe.o(RESET)
</UL>
<P><STRONG><a name="[31]"></a>DMA1_Channel1_IRQHandler</STRONG> (Thumb, 0 bytes, Stack size 0 bytes, startup_stm32f103xe.o(.text))
<BR>[Address Reference Count : 1]<UL><LI> startup_stm32f103xe.o(RESET)
</UL>
<P><STRONG><a name="[32]"></a>DMA1_Channel2_IRQHandler</STRONG> (Thumb, 0 bytes, Stack size 0 bytes, startup_stm32f103xe.o(.text))
<BR>[Address Reference Count : 1]<UL><LI> startup_stm32f103xe.o(RESET)
</UL>
<P><STRONG><a name="[33]"></a>DMA1_Channel3_IRQHandler</STRONG> (Thumb, 0 bytes, Stack size 0 bytes, startup_stm32f103xe.o(.text))
<BR>[Address Reference Count : 1]<UL><LI> startup_stm32f103xe.o(RESET)
</UL>
<P><STRONG><a name="[34]"></a>DMA1_Channel4_IRQHandler</STRONG> (Thumb, 0 bytes, Stack size 0 bytes, startup_stm32f103xe.o(.text))
<BR>[Address Reference Count : 1]<UL><LI> startup_stm32f103xe.o(RESET)
</UL>
<P><STRONG><a name="[35]"></a>DMA1_Channel5_IRQHandler</STRONG> (Thumb, 0 bytes, Stack size 0 bytes, startup_stm32f103xe.o(.text))
<BR>[Address Reference Count : 1]<UL><LI> startup_stm32f103xe.o(RESET)
</UL>
<P><STRONG><a name="[36]"></a>DMA1_Channel6_IRQHandler</STRONG> (Thumb, 0 bytes, Stack size 0 bytes, startup_stm32f103xe.o(.text))
<BR>[Address Reference Count : 1]<UL><LI> startup_stm32f103xe.o(RESET)
</UL>
<P><STRONG><a name="[37]"></a>DMA1_Channel7_IRQHandler</STRONG> (Thumb, 0 bytes, Stack size 0 bytes, startup_stm32f103xe.o(.text))
<BR>[Address Reference Count : 1]<UL><LI> startup_stm32f103xe.o(RESET)
</UL>
<P><STRONG><a name="[5e]"></a>DMA2_Channel1_IRQHandler</STRONG> (Thumb, 0 bytes, Stack size 0 bytes, startup_stm32f103xe.o(.text))
<BR>[Address Reference Count : 1]<UL><LI> startup_stm32f103xe.o(RESET)
</UL>
<P><STRONG><a name="[5f]"></a>DMA2_Channel2_IRQHandler</STRONG> (Thumb, 0 bytes, Stack size 0 bytes, startup_stm32f103xe.o(.text))
<BR>[Address Reference Count : 1]<UL><LI> startup_stm32f103xe.o(RESET)
</UL>
<P><STRONG><a name="[60]"></a>DMA2_Channel3_IRQHandler</STRONG> (Thumb, 0 bytes, Stack size 0 bytes, startup_stm32f103xe.o(.text))
<BR>[Address Reference Count : 1]<UL><LI> startup_stm32f103xe.o(RESET)
</UL>
<P><STRONG><a name="[61]"></a>DMA2_Channel4_5_IRQHandler</STRONG> (Thumb, 0 bytes, Stack size 0 bytes, startup_stm32f103xe.o(.text))
<BR>[Address Reference Count : 1]<UL><LI> startup_stm32f103xe.o(RESET)
</UL>
<P><STRONG><a name="[2c]"></a>EXTI0_IRQHandler</STRONG> (Thumb, 0 bytes, Stack size 0 bytes, startup_stm32f103xe.o(.text))
<BR>[Address Reference Count : 1]<UL><LI> startup_stm32f103xe.o(RESET)
</UL>
<P><STRONG><a name="[4e]"></a>EXTI15_10_IRQHandler</STRONG> (Thumb, 0 bytes, Stack size 0 bytes, startup_stm32f103xe.o(.text))
<BR>[Address Reference Count : 1]<UL><LI> startup_stm32f103xe.o(RESET)
</UL>
<P><STRONG><a name="[2d]"></a>EXTI1_IRQHandler</STRONG> (Thumb, 0 bytes, Stack size 0 bytes, startup_stm32f103xe.o(.text))
<BR>[Address Reference Count : 1]<UL><LI> startup_stm32f103xe.o(RESET)
</UL>
<P><STRONG><a name="[2e]"></a>EXTI2_IRQHandler</STRONG> (Thumb, 0 bytes, Stack size 0 bytes, startup_stm32f103xe.o(.text))
<BR>[Address Reference Count : 1]<UL><LI> startup_stm32f103xe.o(RESET)
</UL>
<P><STRONG><a name="[2f]"></a>EXTI3_IRQHandler</STRONG> (Thumb, 0 bytes, Stack size 0 bytes, startup_stm32f103xe.o(.text))
<BR>[Address Reference Count : 1]<UL><LI> startup_stm32f103xe.o(RESET)
</UL>
<P><STRONG><a name="[30]"></a>EXTI4_IRQHandler</STRONG> (Thumb, 0 bytes, Stack size 0 bytes, startup_stm32f103xe.o(.text))
<BR>[Address Reference Count : 1]<UL><LI> startup_stm32f103xe.o(RESET)
</UL>
<P><STRONG><a name="[3d]"></a>EXTI9_5_IRQHandler</STRONG> (Thumb, 0 bytes, Stack size 0 bytes, startup_stm32f103xe.o(.text))
<BR>[Address Reference Count : 1]<UL><LI> startup_stm32f103xe.o(RESET)
</UL>
<P><STRONG><a name="[2a]"></a>FLASH_IRQHandler</STRONG> (Thumb, 0 bytes, Stack size 0 bytes, startup_stm32f103xe.o(.text))
<BR>[Address Reference Count : 1]<UL><LI> startup_stm32f103xe.o(RESET)
</UL>
<P><STRONG><a name="[56]"></a>FSMC_IRQHandler</STRONG> (Thumb, 0 bytes, Stack size 0 bytes, startup_stm32f103xe.o(.text))
<BR>[Address Reference Count : 1]<UL><LI> startup_stm32f103xe.o(RESET)
</UL>
<P><STRONG><a name="[46]"></a>I2C1_ER_IRQHandler</STRONG> (Thumb, 0 bytes, Stack size 0 bytes, startup_stm32f103xe.o(.text))
<BR>[Address Reference Count : 1]<UL><LI> startup_stm32f103xe.o(RESET)
</UL>
<P><STRONG><a name="[45]"></a>I2C1_EV_IRQHandler</STRONG> (Thumb, 0 bytes, Stack size 0 bytes, startup_stm32f103xe.o(.text))
<BR>[Address Reference Count : 1]<UL><LI> startup_stm32f103xe.o(RESET)
</UL>
<P><STRONG><a name="[48]"></a>I2C2_ER_IRQHandler</STRONG> (Thumb, 0 bytes, Stack size 0 bytes, startup_stm32f103xe.o(.text))
<BR>[Address Reference Count : 1]<UL><LI> startup_stm32f103xe.o(RESET)
</UL>
<P><STRONG><a name="[47]"></a>I2C2_EV_IRQHandler</STRONG> (Thumb, 0 bytes, Stack size 0 bytes, startup_stm32f103xe.o(.text))
<BR>[Address Reference Count : 1]<UL><LI> startup_stm32f103xe.o(RESET)
</UL>
<P><STRONG><a name="[27]"></a>PVD_IRQHandler</STRONG> (Thumb, 0 bytes, Stack size 0 bytes, startup_stm32f103xe.o(.text))
<BR>[Address Reference Count : 1]<UL><LI> startup_stm32f103xe.o(RESET)
</UL>
<P><STRONG><a name="[2b]"></a>RCC_IRQHandler</STRONG> (Thumb, 0 bytes, Stack size 0 bytes, startup_stm32f103xe.o(.text))
<BR>[Address Reference Count : 1]<UL><LI> startup_stm32f103xe.o(RESET)
</UL>
<P><STRONG><a name="[4f]"></a>RTC_Alarm_IRQHandler</STRONG> (Thumb, 0 bytes, Stack size 0 bytes, startup_stm32f103xe.o(.text))
<BR>[Address Reference Count : 1]<UL><LI> startup_stm32f103xe.o(RESET)
</UL>
<P><STRONG><a name="[29]"></a>RTC_IRQHandler</STRONG> (Thumb, 0 bytes, Stack size 0 bytes, startup_stm32f103xe.o(.text))
<BR>[Address Reference Count : 1]<UL><LI> startup_stm32f103xe.o(RESET)
</UL>
<P><STRONG><a name="[57]"></a>SDIO_IRQHandler</STRONG> (Thumb, 0 bytes, Stack size 0 bytes, startup_stm32f103xe.o(.text))
<BR>[Address Reference Count : 1]<UL><LI> startup_stm32f103xe.o(RESET)
</UL>
<P><STRONG><a name="[49]"></a>SPI1_IRQHandler</STRONG> (Thumb, 0 bytes, Stack size 0 bytes, startup_stm32f103xe.o(.text))
<BR>[Address Reference Count : 1]<UL><LI> startup_stm32f103xe.o(RESET)
</UL>
<P><STRONG><a name="[4a]"></a>SPI2_IRQHandler</STRONG> (Thumb, 0 bytes, Stack size 0 bytes, startup_stm32f103xe.o(.text))
<BR>[Address Reference Count : 1]<UL><LI> startup_stm32f103xe.o(RESET)
</UL>
<P><STRONG><a name="[59]"></a>SPI3_IRQHandler</STRONG> (Thumb, 0 bytes, Stack size 0 bytes, startup_stm32f103xe.o(.text))
<BR>[Address Reference Count : 1]<UL><LI> startup_stm32f103xe.o(RESET)
</UL>
<P><STRONG><a name="[28]"></a>TAMPER_IRQHandler</STRONG> (Thumb, 0 bytes, Stack size 0 bytes, startup_stm32f103xe.o(.text))
<BR>[Address Reference Count : 1]<UL><LI> startup_stm32f103xe.o(RESET)
</UL>
<P><STRONG><a name="[3e]"></a>TIM1_BRK_IRQHandler</STRONG> (Thumb, 0 bytes, Stack size 0 bytes, startup_stm32f103xe.o(.text))
<BR>[Address Reference Count : 1]<UL><LI> startup_stm32f103xe.o(RESET)
</UL>
<P><STRONG><a name="[41]"></a>TIM1_CC_IRQHandler</STRONG> (Thumb, 0 bytes, Stack size 0 bytes, startup_stm32f103xe.o(.text))
<BR>[Address Reference Count : 1]<UL><LI> startup_stm32f103xe.o(RESET)
</UL>
<P><STRONG><a name="[40]"></a>TIM1_TRG_COM_IRQHandler</STRONG> (Thumb, 0 bytes, Stack size 0 bytes, startup_stm32f103xe.o(.text))
<BR>[Address Reference Count : 1]<UL><LI> startup_stm32f103xe.o(RESET)
</UL>
<P><STRONG><a name="[3f]"></a>TIM1_UP_IRQHandler</STRONG> (Thumb, 0 bytes, Stack size 0 bytes, startup_stm32f103xe.o(.text))
<BR>[Address Reference Count : 1]<UL><LI> startup_stm32f103xe.o(RESET)
</UL>
<P><STRONG><a name="[42]"></a>TIM2_IRQHandler</STRONG> (Thumb, 0 bytes, Stack size 0 bytes, startup_stm32f103xe.o(.text))
<BR>[Address Reference Count : 1]<UL><LI> startup_stm32f103xe.o(RESET)
</UL>
<P><STRONG><a name="[43]"></a>TIM3_IRQHandler</STRONG> (Thumb, 0 bytes, Stack size 0 bytes, startup_stm32f103xe.o(.text))
<BR>[Address Reference Count : 1]<UL><LI> startup_stm32f103xe.o(RESET)
</UL>
<P><STRONG><a name="[44]"></a>TIM4_IRQHandler</STRONG> (Thumb, 0 bytes, Stack size 0 bytes, startup_stm32f103xe.o(.text))
<BR>[Address Reference Count : 1]<UL><LI> startup_stm32f103xe.o(RESET)
</UL>
<P><STRONG><a name="[58]"></a>TIM5_IRQHandler</STRONG> (Thumb, 0 bytes, Stack size 0 bytes, startup_stm32f103xe.o(.text))
<BR>[Address Reference Count : 1]<UL><LI> startup_stm32f103xe.o(RESET)
</UL>
<P><STRONG><a name="[5c]"></a>TIM6_IRQHandler</STRONG> (Thumb, 0 bytes, Stack size 0 bytes, startup_stm32f103xe.o(.text))
<BR>[Address Reference Count : 1]<UL><LI> startup_stm32f103xe.o(RESET)
</UL>
<P><STRONG><a name="[5d]"></a>TIM7_IRQHandler</STRONG> (Thumb, 0 bytes, Stack size 0 bytes, startup_stm32f103xe.o(.text))
<BR>[Address Reference Count : 1]<UL><LI> startup_stm32f103xe.o(RESET)
</UL>
<P><STRONG><a name="[51]"></a>TIM8_BRK_IRQHandler</STRONG> (Thumb, 0 bytes, Stack size 0 bytes, startup_stm32f103xe.o(.text))
<BR>[Address Reference Count : 1]<UL><LI> startup_stm32f103xe.o(RESET)
</UL>
<P><STRONG><a name="[54]"></a>TIM8_CC_IRQHandler</STRONG> (Thumb, 0 bytes, Stack size 0 bytes, startup_stm32f103xe.o(.text))
<BR>[Address Reference Count : 1]<UL><LI> startup_stm32f103xe.o(RESET)
</UL>
<P><STRONG><a name="[53]"></a>TIM8_TRG_COM_IRQHandler</STRONG> (Thumb, 0 bytes, Stack size 0 bytes, startup_stm32f103xe.o(.text))
<BR>[Address Reference Count : 1]<UL><LI> startup_stm32f103xe.o(RESET)
</UL>
<P><STRONG><a name="[52]"></a>TIM8_UP_IRQHandler</STRONG> (Thumb, 0 bytes, Stack size 0 bytes, startup_stm32f103xe.o(.text))
<BR>[Address Reference Count : 1]<UL><LI> startup_stm32f103xe.o(RESET)
</UL>
<P><STRONG><a name="[5b]"></a>UART5_IRQHandler</STRONG> (Thumb, 0 bytes, Stack size 0 bytes, startup_stm32f103xe.o(.text))
<BR>[Address Reference Count : 1]<UL><LI> startup_stm32f103xe.o(RESET)
</UL>
<P><STRONG><a name="[50]"></a>USBWakeUp_IRQHandler</STRONG> (Thumb, 0 bytes, Stack size 0 bytes, startup_stm32f103xe.o(.text))
<BR>[Address Reference Count : 1]<UL><LI> startup_stm32f103xe.o(RESET)
</UL>
<P><STRONG><a name="[39]"></a>USB_HP_CAN1_TX_IRQHandler</STRONG> (Thumb, 0 bytes, Stack size 0 bytes, startup_stm32f103xe.o(.text))
<BR>[Address Reference Count : 1]<UL><LI> startup_stm32f103xe.o(RESET)
</UL>
<P><STRONG><a name="[26]"></a>WWDG_IRQHandler</STRONG> (Thumb, 0 bytes, Stack size 0 bytes, startup_stm32f103xe.o(.text))
<BR>[Address Reference Count : 1]<UL><LI> startup_stm32f103xe.o(RESET)
</UL>
<P><STRONG><a name="[1ce]"></a>___aeabi_memcpy8$move</STRONG> (Thumb, 0 bytes, Stack size 8 bytes, memmovea.o(.text), UNUSED)

<P><STRONG><a name="[c6]"></a>__aeabi_memcpy</STRONG> (Thumb, 64 bytes, Stack size 8 bytes, memmovea.o(.text))
<BR><BR>[Stack]<UL><LI>Max Depth = 8<LI>Call Chain = __aeabi_memcpy
</UL>
<BR>[Called By]<UL><LI><a href="#[16e]">&gt;&gt;</a>&nbsp;&nbsp;&nbsp;dgusii_request
<LI><a href="#[136]">&gt;&gt;</a>&nbsp;&nbsp;&nbsp;dgusii_send
<LI><a href="#[17b]">&gt;&gt;</a>&nbsp;&nbsp;&nbsp;dgusii_poll
<LI><a href="#[6d]">&gt;&gt;</a>&nbsp;&nbsp;&nbsp;_hmi_handle_param_save
<LI><a href="#[6b]">&gt;&gt;</a>&nbsp;&nbsp;&nbsp;_hmi_handle_log_print
<LI><a href="#[72]">&gt;&gt;</a>&nbsp;&nbsp;&nbsp;hmi_handle_gas_button
<LI><a href="#[71]">&gt;&gt;</a>&nbsp;&nbsp;&nbsp;hmi_handle_param_input
<LI><a href="#[70]">&gt;&gt;</a>&nbsp;&nbsp;&nbsp;hmi_handle_button_key
<LI><a href="#[6f]">&gt;&gt;</a>&nbsp;&nbsp;&nbsp;hmi_handle_gas_select
<LI><a href="#[6e]">&gt;&gt;</a>&nbsp;&nbsp;&nbsp;hmi_handle_log_data
<LI><a href="#[ca]">&gt;&gt;</a>&nbsp;&nbsp;&nbsp;C2H6_conc
<LI><a href="#[c3]">&gt;&gt;</a>&nbsp;&nbsp;&nbsp;C2H6_SNverify
<LI><a href="#[d4]">&gt;&gt;</a>&nbsp;&nbsp;&nbsp;CH4_ReadInfo
<LI><a href="#[d5]">&gt;&gt;</a>&nbsp;&nbsp;&nbsp;CH4_exec
<LI><a href="#[179]">&gt;&gt;</a>&nbsp;&nbsp;&nbsp;bus485_run
<LI><a href="#[cb]">&gt;&gt;</a>&nbsp;&nbsp;&nbsp;C2H6_run
<LI><a href="#[db]">&gt;&gt;</a>&nbsp;&nbsp;&nbsp;bus485_request
<LI><a href="#[1b4]">&gt;&gt;</a>&nbsp;&nbsp;&nbsp;storage_log_read_offset
<LI><a href="#[13c]">&gt;&gt;</a>&nbsp;&nbsp;&nbsp;storage_log_write
<LI><a href="#[138]">&gt;&gt;</a>&nbsp;&nbsp;&nbsp;storage_param_read_all
<LI><a href="#[171]">&gt;&gt;</a>&nbsp;&nbsp;&nbsp;storage_param_write_group
</UL>

<P><STRONG><a name="[1cf]"></a>__aeabi_memcpy4</STRONG> (Thumb, 0 bytes, Stack size 8 bytes, memmovea.o(.text), UNUSED)

<P><STRONG><a name="[18b]"></a>__aeabi_memmove</STRONG> (Thumb, 0 bytes, Stack size 8 bytes, memmovea.o(.text))
<BR><BR>[Stack]<UL><LI>Max Depth = 8<LI>Call Chain = __aeabi_memmove
</UL>
<BR>[Called By]<UL><LI><a href="#[17b]">&gt;&gt;</a>&nbsp;&nbsp;&nbsp;dgusii_poll
</UL>

<P><STRONG><a name="[1d0]"></a>__aeabi_memmove4</STRONG> (Thumb, 0 bytes, Stack size 8 bytes, memmovea.o(.text), UNUSED)

<P><STRONG><a name="[1d1]"></a>__aeabi_memmove8</STRONG> (Thumb, 0 bytes, Stack size 8 bytes, memmovea.o(.text), UNUSED)

<P><STRONG><a name="[a0]"></a>__aeabi_memset</STRONG> (Thumb, 14 bytes, Stack size 0 bytes, memseta.o(.text), UNUSED)
<BR><BR>[Called By]<UL><LI><a href="#[a1]">&gt;&gt;</a>&nbsp;&nbsp;&nbsp;_memset$wrapper
<LI><a href="#[9f]">&gt;&gt;</a>&nbsp;&nbsp;&nbsp;__aeabi_memclr
</UL>

<P><STRONG><a name="[1d2]"></a>__aeabi_memset4</STRONG> (Thumb, 0 bytes, Stack size 0 bytes, memseta.o(.text), UNUSED)

<P><STRONG><a name="[1d3]"></a>__aeabi_memset8</STRONG> (Thumb, 0 bytes, Stack size 0 bytes, memseta.o(.text), UNUSED)

<P><STRONG><a name="[9f]"></a>__aeabi_memclr</STRONG> (Thumb, 4 bytes, Stack size 0 bytes, memseta.o(.text), UNUSED)
<BR><BR>[Calls]<UL><LI><a href="#[a0]">&gt;&gt;</a>&nbsp;&nbsp;&nbsp;__aeabi_memset
</UL>

<P><STRONG><a name="[184]"></a>__aeabi_memclr4</STRONG> (Thumb, 0 bytes, Stack size 0 bytes, memseta.o(.text))
<BR><BR>[Called By]<UL><LI><a href="#[183]">&gt;&gt;</a>&nbsp;&nbsp;&nbsp;cleanUSB_rev_data
<LI><a href="#[19f]">&gt;&gt;</a>&nbsp;&nbsp;&nbsp;start_task_readbase
<LI><a href="#[19e]">&gt;&gt;</a>&nbsp;&nbsp;&nbsp;start_task_run
<LI><a href="#[189]">&gt;&gt;</a>&nbsp;&nbsp;&nbsp;dgusii_init
<LI><a href="#[b9]">&gt;&gt;</a>&nbsp;&nbsp;&nbsp;fault_monitor_capture
</UL>

<P><STRONG><a name="[1d4]"></a>__aeabi_memclr8</STRONG> (Thumb, 0 bytes, Stack size 0 bytes, memseta.o(.text), UNUSED)

<P><STRONG><a name="[a1]"></a>_memset$wrapper</STRONG> (Thumb, 18 bytes, Stack size 8 bytes, memseta.o(.text), UNUSED)
<BR><BR>[Calls]<UL><LI><a href="#[a0]">&gt;&gt;</a>&nbsp;&nbsp;&nbsp;__aeabi_memset
</UL>

<P><STRONG><a name="[c8]"></a>strlen</STRONG> (Thumb, 14 bytes, Stack size 0 bytes, strlen.o(.text))
<BR><BR>[Called By]<UL><LI><a href="#[19f]">&gt;&gt;</a>&nbsp;&nbsp;&nbsp;start_task_readbase
<LI><a href="#[19e]">&gt;&gt;</a>&nbsp;&nbsp;&nbsp;start_task_run
<LI><a href="#[15]">&gt;&gt;</a>&nbsp;&nbsp;&nbsp;modbus_default_log_writer
<LI><a href="#[1b5]">&gt;&gt;</a>&nbsp;&nbsp;&nbsp;uart_setBaudRate
<LI><a href="#[6f]">&gt;&gt;</a>&nbsp;&nbsp;&nbsp;hmi_handle_gas_select
<LI><a href="#[192]">&gt;&gt;</a>&nbsp;&nbsp;&nbsp;fault_monitor_emit_dump
<LI><a href="#[c3]">&gt;&gt;</a>&nbsp;&nbsp;&nbsp;C2H6_SNverify
<LI><a href="#[17a]">&gt;&gt;</a>&nbsp;&nbsp;&nbsp;updata_sensor
<LI><a href="#[db]">&gt;&gt;</a>&nbsp;&nbsp;&nbsp;bus485_request
<LI><a href="#[17d]">&gt;&gt;</a>&nbsp;&nbsp;&nbsp;usb_task_process
<LI><a href="#[98]">&gt;&gt;</a>&nbsp;&nbsp;&nbsp;usb_cmd_read_param
<LI><a href="#[96]">&gt;&gt;</a>&nbsp;&nbsp;&nbsp;usb_cmd_base
<LI><a href="#[87]">&gt;&gt;</a>&nbsp;&nbsp;&nbsp;usb_cmd_setCH4id
<LI><a href="#[83]">&gt;&gt;</a>&nbsp;&nbsp;&nbsp;usb_cmd_get_sysinfo
<LI><a href="#[7e]">&gt;&gt;</a>&nbsp;&nbsp;&nbsp;_usb_cmd_getH2temp
<LI><a href="#[7d]">&gt;&gt;</a>&nbsp;&nbsp;&nbsp;_usb_cmd_getC2H2data
<LI><a href="#[7c]">&gt;&gt;</a>&nbsp;&nbsp;&nbsp;_usb_cmd_getC2H6data
<LI><a href="#[7a]">&gt;&gt;</a>&nbsp;&nbsp;&nbsp;_cmd_getCH4info
</UL>

<P><STRONG><a name="[181]"></a>memcmp</STRONG> (Thumb, 26 bytes, Stack size 12 bytes, memcmp.o(.text))
<BR><BR>[Stack]<UL><LI>Max Depth = 12<LI>Call Chain = memcmp
</UL>
<BR>[Called By]<UL><LI><a href="#[db]">&gt;&gt;</a>&nbsp;&nbsp;&nbsp;bus485_request
</UL>

<P><STRONG><a name="[a2]"></a>__aeabi_fadd</STRONG> (Thumb, 164 bytes, Stack size 16 bytes, fadd.o(.text))
<BR><BR>[Stack]<UL><LI>Max Depth = 20<LI>Call Chain = __aeabi_fadd &rArr; _float_epilogue
</UL>
<BR>[Calls]<UL><LI><a href="#[a4]">&gt;&gt;</a>&nbsp;&nbsp;&nbsp;_float_round
<LI><a href="#[a3]">&gt;&gt;</a>&nbsp;&nbsp;&nbsp;_float_epilogue
</UL>
<BR>[Called By]<UL><LI><a href="#[a5]">&gt;&gt;</a>&nbsp;&nbsp;&nbsp;__aeabi_fsub
<LI><a href="#[c2]">&gt;&gt;</a>&nbsp;&nbsp;&nbsp;stats_getFilteredMean
<LI><a href="#[e4]">&gt;&gt;</a>&nbsp;&nbsp;&nbsp;H2_Getdata
<LI><a href="#[13d]">&gt;&gt;</a>&nbsp;&nbsp;&nbsp;HMI_dataup_conc_interim
<LI><a href="#[137]">&gt;&gt;</a>&nbsp;&nbsp;&nbsp;HMI_dataup_conc
<LI><a href="#[a6]">&gt;&gt;</a>&nbsp;&nbsp;&nbsp;__aeabi_frsub
</UL>

<P><STRONG><a name="[a5]"></a>__aeabi_fsub</STRONG> (Thumb, 6 bytes, Stack size 0 bytes, fadd.o(.text))
<BR><BR>[Stack]<UL><LI>Max Depth = 20<LI>Call Chain = __aeabi_fsub &rArr; __aeabi_fadd &rArr; _float_epilogue
</UL>
<BR>[Calls]<UL><LI><a href="#[a2]">&gt;&gt;</a>&nbsp;&nbsp;&nbsp;__aeabi_fadd
</UL>
<BR>[Called By]<UL><LI><a href="#[c2]">&gt;&gt;</a>&nbsp;&nbsp;&nbsp;stats_getFilteredMean
</UL>

<P><STRONG><a name="[a6]"></a>__aeabi_frsub</STRONG> (Thumb, 6 bytes, Stack size 0 bytes, fadd.o(.text), UNUSED)
<BR><BR>[Calls]<UL><LI><a href="#[a2]">&gt;&gt;</a>&nbsp;&nbsp;&nbsp;__aeabi_fadd
</UL>

<P><STRONG><a name="[d9]"></a>__aeabi_fmul</STRONG> (Thumb, 100 bytes, Stack size 8 bytes, fmul.o(.text))
<BR><BR>[Stack]<UL><LI>Max Depth = 8<LI>Call Chain = __aeabi_fmul
</UL>
<BR>[Called By]<UL><LI><a href="#[13d]">&gt;&gt;</a>&nbsp;&nbsp;&nbsp;HMI_dataup_conc_interim
<LI><a href="#[137]">&gt;&gt;</a>&nbsp;&nbsp;&nbsp;HMI_dataup_conc
<LI><a href="#[d8]">&gt;&gt;</a>&nbsp;&nbsp;&nbsp;CH4_getConc
<LI><a href="#[17a]">&gt;&gt;</a>&nbsp;&nbsp;&nbsp;updata_sensor
</UL>

<P><STRONG><a name="[a7]"></a>__aeabi_fdiv</STRONG> (Thumb, 124 bytes, Stack size 8 bytes, fdiv.o(.text))
<BR><BR>[Stack]<UL><LI>Max Depth = 8<LI>Call Chain = __aeabi_fdiv
</UL>
<BR>[Calls]<UL><LI><a href="#[a4]">&gt;&gt;</a>&nbsp;&nbsp;&nbsp;_float_round
</UL>
<BR>[Called By]<UL><LI><a href="#[c2]">&gt;&gt;</a>&nbsp;&nbsp;&nbsp;stats_getFilteredMean
<LI><a href="#[1af]">&gt;&gt;</a>&nbsp;&nbsp;&nbsp;stats_getStability
<LI><a href="#[e4]">&gt;&gt;</a>&nbsp;&nbsp;&nbsp;H2_Getdata
<LI><a href="#[d8]">&gt;&gt;</a>&nbsp;&nbsp;&nbsp;CH4_getConc
</UL>

<P><STRONG><a name="[a8]"></a>__aeabi_dadd</STRONG> (Thumb, 322 bytes, Stack size 48 bytes, dadd.o(.text))
<BR><BR>[Stack]<UL><LI>Max Depth = 88<LI>Call Chain = __aeabi_dadd &rArr; _double_epilogue &rArr; _double_round
</UL>
<BR>[Calls]<UL><LI><a href="#[aa]">&gt;&gt;</a>&nbsp;&nbsp;&nbsp;__aeabi_lasr
<LI><a href="#[a9]">&gt;&gt;</a>&nbsp;&nbsp;&nbsp;__aeabi_llsl
<LI><a href="#[ac]">&gt;&gt;</a>&nbsp;&nbsp;&nbsp;_double_round
<LI><a href="#[ab]">&gt;&gt;</a>&nbsp;&nbsp;&nbsp;_double_epilogue
</UL>
<BR>[Called By]<UL><LI><a href="#[c2]">&gt;&gt;</a>&nbsp;&nbsp;&nbsp;stats_getFilteredMean
<LI><a href="#[1af]">&gt;&gt;</a>&nbsp;&nbsp;&nbsp;stats_getStability
<LI><a href="#[ad]">&gt;&gt;</a>&nbsp;&nbsp;&nbsp;__aeabi_dsub
<LI><a href="#[1ae]">&gt;&gt;</a>&nbsp;&nbsp;&nbsp;stats_getSlope
<LI><a href="#[ae]">&gt;&gt;</a>&nbsp;&nbsp;&nbsp;__aeabi_drsub
<LI><a href="#[1c2]">&gt;&gt;</a>&nbsp;&nbsp;&nbsp;_fp_digits
</UL>

<P><STRONG><a name="[ad]"></a>__aeabi_dsub</STRONG> (Thumb, 6 bytes, Stack size 0 bytes, dadd.o(.text))
<BR><BR>[Stack]<UL><LI>Max Depth = 88<LI>Call Chain = __aeabi_dsub &rArr; __aeabi_dadd &rArr; _double_epilogue &rArr; _double_round
</UL>
<BR>[Calls]<UL><LI><a href="#[a8]">&gt;&gt;</a>&nbsp;&nbsp;&nbsp;__aeabi_dadd
</UL>
<BR>[Called By]<UL><LI><a href="#[c2]">&gt;&gt;</a>&nbsp;&nbsp;&nbsp;stats_getFilteredMean
<LI><a href="#[1af]">&gt;&gt;</a>&nbsp;&nbsp;&nbsp;stats_getStability
<LI><a href="#[1ae]">&gt;&gt;</a>&nbsp;&nbsp;&nbsp;stats_getSlope
</UL>

<P><STRONG><a name="[ae]"></a>__aeabi_drsub</STRONG> (Thumb, 6 bytes, Stack size 0 bytes, dadd.o(.text), UNUSED)
<BR><BR>[Calls]<UL><LI><a href="#[a8]">&gt;&gt;</a>&nbsp;&nbsp;&nbsp;__aeabi_dadd
</UL>

<P><STRONG><a name="[af]"></a>__aeabi_dmul</STRONG> (Thumb, 228 bytes, Stack size 48 bytes, dmul.o(.text))
<BR><BR>[Stack]<UL><LI>Max Depth = 88<LI>Call Chain = __aeabi_dmul &rArr; _double_epilogue &rArr; _double_round
</UL>
<BR>[Calls]<UL><LI><a href="#[ab]">&gt;&gt;</a>&nbsp;&nbsp;&nbsp;_double_epilogue
</UL>
<BR>[Called By]<UL><LI><a href="#[c2]">&gt;&gt;</a>&nbsp;&nbsp;&nbsp;stats_getFilteredMean
<LI><a href="#[1af]">&gt;&gt;</a>&nbsp;&nbsp;&nbsp;stats_getStability
<LI><a href="#[1ae]">&gt;&gt;</a>&nbsp;&nbsp;&nbsp;stats_getSlope
<LI><a href="#[1c2]">&gt;&gt;</a>&nbsp;&nbsp;&nbsp;_fp_digits
</UL>

<P><STRONG><a name="[b0]"></a>__aeabi_ddiv</STRONG> (Thumb, 222 bytes, Stack size 32 bytes, ddiv.o(.text))
<BR><BR>[Stack]<UL><LI>Max Depth = 40<LI>Call Chain = __aeabi_ddiv &rArr; _double_round
</UL>
<BR>[Calls]<UL><LI><a href="#[ac]">&gt;&gt;</a>&nbsp;&nbsp;&nbsp;_double_round
</UL>
<BR>[Called By]<UL><LI><a href="#[c2]">&gt;&gt;</a>&nbsp;&nbsp;&nbsp;stats_getFilteredMean
<LI><a href="#[1af]">&gt;&gt;</a>&nbsp;&nbsp;&nbsp;stats_getStability
<LI><a href="#[1ae]">&gt;&gt;</a>&nbsp;&nbsp;&nbsp;stats_getSlope
<LI><a href="#[1c2]">&gt;&gt;</a>&nbsp;&nbsp;&nbsp;_fp_digits
</UL>

<P><STRONG><a name="[1b1]"></a>__aeabi_fcmple</STRONG> (Thumb, 28 bytes, Stack size 0 bytes, fcmple.o(.text))
<BR><BR>[Called By]<UL><LI><a href="#[c2]">&gt;&gt;</a>&nbsp;&nbsp;&nbsp;stats_getFilteredMean
<LI><a href="#[1af]">&gt;&gt;</a>&nbsp;&nbsp;&nbsp;stats_getStability
</UL>

<P><STRONG><a name="[139]"></a>__aeabi_fcmplt</STRONG> (Thumb, 28 bytes, Stack size 0 bytes, fcmplt.o(.text))
<BR><BR>[Called By]<UL><LI><a href="#[13d]">&gt;&gt;</a>&nbsp;&nbsp;&nbsp;HMI_dataup_conc_interim
<LI><a href="#[137]">&gt;&gt;</a>&nbsp;&nbsp;&nbsp;HMI_dataup_conc
<LI><a href="#[17a]">&gt;&gt;</a>&nbsp;&nbsp;&nbsp;updata_sensor
</UL>

<P><STRONG><a name="[1b0]"></a>__aeabi_fcmpge</STRONG> (Thumb, 28 bytes, Stack size 0 bytes, fcmpge.o(.text))
<BR><BR>[Called By]<UL><LI><a href="#[c2]">&gt;&gt;</a>&nbsp;&nbsp;&nbsp;stats_getFilteredMean
</UL>

<P><STRONG><a name="[1ad]"></a>__aeabi_fcmpgt</STRONG> (Thumb, 28 bytes, Stack size 0 bytes, fcmpgt.o(.text))
<BR><BR>[Called By]<UL><LI><a href="#[c2]">&gt;&gt;</a>&nbsp;&nbsp;&nbsp;stats_getFilteredMean
<LI><a href="#[17a]">&gt;&gt;</a>&nbsp;&nbsp;&nbsp;updata_sensor
</UL>

<P><STRONG><a name="[1b2]"></a>__aeabi_dcmple</STRONG> (Thumb, 54 bytes, Stack size 12 bytes, dcmple.o(.text))
<BR><BR>[Stack]<UL><LI>Max Depth = 12<LI>Call Chain = __aeabi_dcmple
</UL>
<BR>[Called By]<UL><LI><a href="#[1ae]">&gt;&gt;</a>&nbsp;&nbsp;&nbsp;stats_getSlope
</UL>

<P><STRONG><a name="[b1]"></a>__aeabi_ui2f</STRONG> (Thumb, 10 bytes, Stack size 0 bytes, ffltui.o(.text))
<BR><BR>[Stack]<UL><LI>Max Depth = 4<LI>Call Chain = __aeabi_ui2f &rArr; _float_epilogue
</UL>
<BR>[Calls]<UL><LI><a href="#[a3]">&gt;&gt;</a>&nbsp;&nbsp;&nbsp;_float_epilogue
</UL>
<BR>[Called By]<UL><LI><a href="#[19f]">&gt;&gt;</a>&nbsp;&nbsp;&nbsp;start_task_readbase
<LI><a href="#[19e]">&gt;&gt;</a>&nbsp;&nbsp;&nbsp;start_task_run
<LI><a href="#[bf]">&gt;&gt;</a>&nbsp;&nbsp;&nbsp;C2H2_readinfo
<LI><a href="#[e9]">&gt;&gt;</a>&nbsp;&nbsp;&nbsp;H2_readConc
<LI><a href="#[e4]">&gt;&gt;</a>&nbsp;&nbsp;&nbsp;H2_Getdata
<LI><a href="#[d8]">&gt;&gt;</a>&nbsp;&nbsp;&nbsp;CH4_getConc
<LI><a href="#[17a]">&gt;&gt;</a>&nbsp;&nbsp;&nbsp;updata_sensor
</UL>

<P><STRONG><a name="[b2]"></a>__aeabi_ui2d</STRONG> (Thumb, 26 bytes, Stack size 16 bytes, dfltui.o(.text))
<BR><BR>[Stack]<UL><LI>Max Depth = 56<LI>Call Chain = __aeabi_ui2d &rArr; _double_epilogue &rArr; _double_round
</UL>
<BR>[Calls]<UL><LI><a href="#[ab]">&gt;&gt;</a>&nbsp;&nbsp;&nbsp;_double_epilogue
</UL>
<BR>[Called By]<UL><LI><a href="#[c2]">&gt;&gt;</a>&nbsp;&nbsp;&nbsp;stats_getFilteredMean
<LI><a href="#[1af]">&gt;&gt;</a>&nbsp;&nbsp;&nbsp;stats_getStability
<LI><a href="#[1ae]">&gt;&gt;</a>&nbsp;&nbsp;&nbsp;stats_getSlope
</UL>

<P><STRONG><a name="[16f]"></a>__aeabi_f2d</STRONG> (Thumb, 38 bytes, Stack size 0 bytes, f2d.o(.text))
<BR><BR>[Called By]<UL><LI><a href="#[19e]">&gt;&gt;</a>&nbsp;&nbsp;&nbsp;start_task_run
<LI><a href="#[c2]">&gt;&gt;</a>&nbsp;&nbsp;&nbsp;stats_getFilteredMean
<LI><a href="#[1af]">&gt;&gt;</a>&nbsp;&nbsp;&nbsp;stats_getStability
<LI><a href="#[1ae]">&gt;&gt;</a>&nbsp;&nbsp;&nbsp;stats_getSlope
<LI><a href="#[6c]">&gt;&gt;</a>&nbsp;&nbsp;&nbsp;_hmi_handle_fitfun_use
<LI><a href="#[17a]">&gt;&gt;</a>&nbsp;&nbsp;&nbsp;updata_sensor
<LI><a href="#[179]">&gt;&gt;</a>&nbsp;&nbsp;&nbsp;bus485_run
<LI><a href="#[99]">&gt;&gt;</a>&nbsp;&nbsp;&nbsp;usb_cmd_read_log
<LI><a href="#[98]">&gt;&gt;</a>&nbsp;&nbsp;&nbsp;usb_cmd_read_param
<LI><a href="#[96]">&gt;&gt;</a>&nbsp;&nbsp;&nbsp;usb_cmd_base
<LI><a href="#[7e]">&gt;&gt;</a>&nbsp;&nbsp;&nbsp;_usb_cmd_getH2temp
</UL>

<P><STRONG><a name="[b3]"></a>__aeabi_d2f</STRONG> (Thumb, 56 bytes, Stack size 8 bytes, d2f.o(.text))
<BR><BR>[Stack]<UL><LI>Max Depth = 8<LI>Call Chain = __aeabi_d2f
</UL>
<BR>[Calls]<UL><LI><a href="#[a4]">&gt;&gt;</a>&nbsp;&nbsp;&nbsp;_float_round
</UL>
<BR>[Called By]<UL><LI><a href="#[c2]">&gt;&gt;</a>&nbsp;&nbsp;&nbsp;stats_getFilteredMean
<LI><a href="#[1af]">&gt;&gt;</a>&nbsp;&nbsp;&nbsp;stats_getStability
<LI><a href="#[1ae]">&gt;&gt;</a>&nbsp;&nbsp;&nbsp;stats_getSlope
</UL>

<P><STRONG><a name="[1d5]"></a>__aeabi_uidiv</STRONG> (Thumb, 0 bytes, Stack size 12 bytes, uidiv.o(.text), UNUSED)

<P><STRONG><a name="[1c6]"></a>__aeabi_uidivmod</STRONG> (Thumb, 44 bytes, Stack size 12 bytes, uidiv.o(.text), UNUSED)
<BR><BR>[Called By]<UL><LI><a href="#[1bf]">&gt;&gt;</a>&nbsp;&nbsp;&nbsp;_printf_core
</UL>

<P><STRONG><a name="[b4]"></a>__aeabi_uldivmod</STRONG> (Thumb, 98 bytes, Stack size 40 bytes, uldiv.o(.text), UNUSED)
<BR><BR>[Calls]<UL><LI><a href="#[b5]">&gt;&gt;</a>&nbsp;&nbsp;&nbsp;__aeabi_llsr
<LI><a href="#[a9]">&gt;&gt;</a>&nbsp;&nbsp;&nbsp;__aeabi_llsl
</UL>
<BR>[Called By]<UL><LI><a href="#[1bf]">&gt;&gt;</a>&nbsp;&nbsp;&nbsp;_printf_core
<LI><a href="#[1c2]">&gt;&gt;</a>&nbsp;&nbsp;&nbsp;_fp_digits
</UL>

<P><STRONG><a name="[a9]"></a>__aeabi_llsl</STRONG> (Thumb, 30 bytes, Stack size 0 bytes, llshl.o(.text))
<BR><BR>[Called By]<UL><LI><a href="#[a8]">&gt;&gt;</a>&nbsp;&nbsp;&nbsp;__aeabi_dadd
<LI><a href="#[b4]">&gt;&gt;</a>&nbsp;&nbsp;&nbsp;__aeabi_uldivmod
<LI><a href="#[ab]">&gt;&gt;</a>&nbsp;&nbsp;&nbsp;_double_epilogue
<LI><a href="#[b7]">&gt;&gt;</a>&nbsp;&nbsp;&nbsp;__aeabi_d2ulz
</UL>

<P><STRONG><a name="[1d6]"></a>_ll_shift_l</STRONG> (Thumb, 0 bytes, Stack size 0 bytes, llshl.o(.text), UNUSED)

<P><STRONG><a name="[aa]"></a>__aeabi_lasr</STRONG> (Thumb, 36 bytes, Stack size 0 bytes, llsshr.o(.text))
<BR><BR>[Called By]<UL><LI><a href="#[a8]">&gt;&gt;</a>&nbsp;&nbsp;&nbsp;__aeabi_dadd
</UL>

<P><STRONG><a name="[1d7]"></a>_ll_sshift_r</STRONG> (Thumb, 0 bytes, Stack size 0 bytes, llsshr.o(.text), UNUSED)

<P><STRONG><a name="[1d8]"></a>__I$use$fp</STRONG> (Thumb, 0 bytes, Stack size 0 bytes, iusefp.o(.text), UNUSED)

<P><STRONG><a name="[a4]"></a>_float_round</STRONG> (Thumb, 18 bytes, Stack size 0 bytes, fepilogue.o(.text))
<BR><BR>[Called By]<UL><LI><a href="#[a2]">&gt;&gt;</a>&nbsp;&nbsp;&nbsp;__aeabi_fadd
<LI><a href="#[a7]">&gt;&gt;</a>&nbsp;&nbsp;&nbsp;__aeabi_fdiv
<LI><a href="#[b3]">&gt;&gt;</a>&nbsp;&nbsp;&nbsp;__aeabi_d2f
</UL>

<P><STRONG><a name="[a3]"></a>_float_epilogue</STRONG> (Thumb, 92 bytes, Stack size 4 bytes, fepilogue.o(.text))
<BR><BR>[Stack]<UL><LI>Max Depth = 4<LI>Call Chain = _float_epilogue
</UL>
<BR>[Called By]<UL><LI><a href="#[a2]">&gt;&gt;</a>&nbsp;&nbsp;&nbsp;__aeabi_fadd
<LI><a href="#[b1]">&gt;&gt;</a>&nbsp;&nbsp;&nbsp;__aeabi_ui2f
</UL>

<P><STRONG><a name="[ac]"></a>_double_round</STRONG> (Thumb, 30 bytes, Stack size 8 bytes, depilogue.o(.text))
<BR><BR>[Stack]<UL><LI>Max Depth = 8<LI>Call Chain = _double_round
</UL>
<BR>[Called By]<UL><LI><a href="#[b0]">&gt;&gt;</a>&nbsp;&nbsp;&nbsp;__aeabi_ddiv
<LI><a href="#[a8]">&gt;&gt;</a>&nbsp;&nbsp;&nbsp;__aeabi_dadd
<LI><a href="#[b6]">&gt;&gt;</a>&nbsp;&nbsp;&nbsp;_dsqrt
<LI><a href="#[ab]">&gt;&gt;</a>&nbsp;&nbsp;&nbsp;_double_epilogue
</UL>

<P><STRONG><a name="[ab]"></a>_double_epilogue</STRONG> (Thumb, 156 bytes, Stack size 32 bytes, depilogue.o(.text))
<BR><BR>[Stack]<UL><LI>Max Depth = 40<LI>Call Chain = _double_epilogue &rArr; _double_round
</UL>
<BR>[Calls]<UL><LI><a href="#[b5]">&gt;&gt;</a>&nbsp;&nbsp;&nbsp;__aeabi_llsr
<LI><a href="#[a9]">&gt;&gt;</a>&nbsp;&nbsp;&nbsp;__aeabi_llsl
<LI><a href="#[ac]">&gt;&gt;</a>&nbsp;&nbsp;&nbsp;_double_round
</UL>
<BR>[Called By]<UL><LI><a href="#[af]">&gt;&gt;</a>&nbsp;&nbsp;&nbsp;__aeabi_dmul
<LI><a href="#[b2]">&gt;&gt;</a>&nbsp;&nbsp;&nbsp;__aeabi_ui2d
<LI><a href="#[a8]">&gt;&gt;</a>&nbsp;&nbsp;&nbsp;__aeabi_dadd
</UL>

<P><STRONG><a name="[b6]"></a>_dsqrt</STRONG> (Thumb, 162 bytes, Stack size 32 bytes, dsqrt.o(.text))
<BR><BR>[Stack]<UL><LI>Max Depth = 40<LI>Call Chain = _dsqrt &rArr; _double_round
</UL>
<BR>[Calls]<UL><LI><a href="#[b5]">&gt;&gt;</a>&nbsp;&nbsp;&nbsp;__aeabi_llsr
<LI><a href="#[ac]">&gt;&gt;</a>&nbsp;&nbsp;&nbsp;_double_round
</UL>
<BR>[Called By]<UL><LI><a href="#[1ac]">&gt;&gt;</a>&nbsp;&nbsp;&nbsp;sqrt
</UL>

<P><STRONG><a name="[b7]"></a>__aeabi_d2ulz</STRONG> (Thumb, 48 bytes, Stack size 0 bytes, dfixul.o(.text), UNUSED)
<BR><BR>[Calls]<UL><LI><a href="#[b5]">&gt;&gt;</a>&nbsp;&nbsp;&nbsp;__aeabi_llsr
<LI><a href="#[a9]">&gt;&gt;</a>&nbsp;&nbsp;&nbsp;__aeabi_llsl
</UL>
<BR>[Called By]<UL><LI><a href="#[1c2]">&gt;&gt;</a>&nbsp;&nbsp;&nbsp;_fp_digits
</UL>

<P><STRONG><a name="[1c3]"></a>__aeabi_cdrcmple</STRONG> (Thumb, 48 bytes, Stack size 0 bytes, cdrcmple.o(.text), UNUSED)
<BR><BR>[Called By]<UL><LI><a href="#[1c2]">&gt;&gt;</a>&nbsp;&nbsp;&nbsp;_fp_digits
</UL>

<P><STRONG><a name="[9e]"></a>__scatterload</STRONG> (Thumb, 38 bytes, Stack size 0 bytes, init.o(.text))
<BR><BR>[Calls]<UL><LI><a href="#[b8]">&gt;&gt;</a>&nbsp;&nbsp;&nbsp;__main_after_scatterload
</UL>
<BR>[Called By]<UL><LI><a href="#[9d]">&gt;&gt;</a>&nbsp;&nbsp;&nbsp;_main_scatterload
</UL>

<P><STRONG><a name="[1d9]"></a>__scatterload_rt2</STRONG> (Thumb, 0 bytes, Stack size 0 bytes, init.o(.text), UNUSED)

<P><STRONG><a name="[b5]"></a>__aeabi_llsr</STRONG> (Thumb, 32 bytes, Stack size 0 bytes, llushr.o(.text))
<BR><BR>[Called By]<UL><LI><a href="#[b6]">&gt;&gt;</a>&nbsp;&nbsp;&nbsp;_dsqrt
<LI><a href="#[b4]">&gt;&gt;</a>&nbsp;&nbsp;&nbsp;__aeabi_uldivmod
<LI><a href="#[ab]">&gt;&gt;</a>&nbsp;&nbsp;&nbsp;_double_epilogue
<LI><a href="#[b7]">&gt;&gt;</a>&nbsp;&nbsp;&nbsp;__aeabi_d2ulz
</UL>

<P><STRONG><a name="[1da]"></a>_ll_ushift_r</STRONG> (Thumb, 0 bytes, Stack size 0 bytes, llushr.o(.text), UNUSED)

<P><STRONG><a name="[1db]"></a>__decompress</STRONG> (Thumb, 0 bytes, Stack size unknown bytes, __dczerorl2.o(.text), UNUSED)

<P><STRONG><a name="[1dc]"></a>__decompress1</STRONG> (Thumb, 86 bytes, Stack size unknown bytes, __dczerorl2.o(.text), UNUSED)

<P><STRONG><a name="[20]"></a>BusFault_Handler</STRONG> (Thumb, 50 bytes, Stack size 0 bytes, stm32f1xx_it.o(.text.BusFault_Handler))
<BR><BR>[Stack]<UL><LI>Max Depth = 24<LI>Call Chain = BusFault_Handler &rArr; fault_monitor_capture
</UL>
<BR>[Calls]<UL><LI><a href="#[b9]">&gt;&gt;</a>&nbsp;&nbsp;&nbsp;fault_monitor_capture
</UL>
<BR>[Address Reference Count : 1]<UL><LI> startup_stm32f103xe.o(RESET)
</UL>
<P><STRONG><a name="[ba]"></a>C2H2_Getdata</STRONG> (Thumb, 194 bytes, Stack size 24 bytes, c2h2.o(.text.C2H2_Getdata))
<BR><BR>[Stack]<UL><LI>Max Depth = 464<LI>Call Chain = C2H2_Getdata &rArr; modbus_master_poll &rArr; modbus_validate_read_regs &rArr; modbus_expect_exception_or_addr &rArr; __2snprintf
</UL>
<BR>[Calls]<UL><LI><a href="#[bc]">&gt;&gt;</a>&nbsp;&nbsp;&nbsp;modbus_master_start_read_input
<LI><a href="#[bb]">&gt;&gt;</a>&nbsp;&nbsp;&nbsp;modbus_master_poll
<LI><a href="#[be]">&gt;&gt;</a>&nbsp;&nbsp;&nbsp;modbus_master_get_state
<LI><a href="#[bd]">&gt;&gt;</a>&nbsp;&nbsp;&nbsp;modbus_master_clear
</UL>
<BR>[Called By]<UL><LI><a href="#[179]">&gt;&gt;</a>&nbsp;&nbsp;&nbsp;bus485_run
</UL>

<P><STRONG><a name="[bf]"></a>C2H2_readinfo</STRONG> (Thumb, 160 bytes, Stack size 72 bytes, c2h2.o(.text.C2H2_readinfo))
<BR><BR>[Stack]<UL><LI>Max Depth = 576<LI>Call Chain = C2H2_readinfo &rArr; modbus_master_read_input &rArr; modbus_master_poll &rArr; modbus_validate_read_regs &rArr; modbus_expect_exception_or_addr &rArr; __2snprintf
</UL>
<BR>[Calls]<UL><LI><a href="#[c1]">&gt;&gt;</a>&nbsp;&nbsp;&nbsp;HAL_Delay
<LI><a href="#[c2]">&gt;&gt;</a>&nbsp;&nbsp;&nbsp;stats_getFilteredMean
<LI><a href="#[c0]">&gt;&gt;</a>&nbsp;&nbsp;&nbsp;modbus_master_read_input
<LI><a href="#[b1]">&gt;&gt;</a>&nbsp;&nbsp;&nbsp;__aeabi_ui2f
</UL>
<BR>[Called By]<UL><LI><a href="#[19f]">&gt;&gt;</a>&nbsp;&nbsp;&nbsp;start_task_readbase
<LI><a href="#[19e]">&gt;&gt;</a>&nbsp;&nbsp;&nbsp;start_task_run
</UL>

<P><STRONG><a name="[c3]"></a>C2H6_SNverify</STRONG> (Thumb, 172 bytes, Stack size 88 bytes, c2h6.o(.text.C2H6_SNverify))
<BR><BR>[Stack]<UL><LI>Max Depth = 224<LI>Call Chain = C2H6_SNverify &rArr; C2H6_send_frame &rArr; uart_sendData &rArr; HAL_UART_Transmit
</UL>
<BR>[Calls]<UL><LI><a href="#[c9]">&gt;&gt;</a>&nbsp;&nbsp;&nbsp;usb_cdc_send_packet
<LI><a href="#[c1]">&gt;&gt;</a>&nbsp;&nbsp;&nbsp;HAL_Delay
<LI><a href="#[c5]">&gt;&gt;</a>&nbsp;&nbsp;&nbsp;uart_getData
<LI><a href="#[c8]">&gt;&gt;</a>&nbsp;&nbsp;&nbsp;strlen
<LI><a href="#[c6]">&gt;&gt;</a>&nbsp;&nbsp;&nbsp;__aeabi_memcpy
<LI><a href="#[c4]">&gt;&gt;</a>&nbsp;&nbsp;&nbsp;C2H6_send_frame
<LI><a href="#[c7]">&gt;&gt;</a>&nbsp;&nbsp;&nbsp;__2snprintf
</UL>
<BR>[Called By]<UL><LI><a href="#[19e]">&gt;&gt;</a>&nbsp;&nbsp;&nbsp;start_task_run
</UL>

<P><STRONG><a name="[ca]"></a>C2H6_conc</STRONG> (Thumb, 130 bytes, Stack size 88 bytes, c2h6.o(.text.C2H6_conc))
<BR><BR>[Stack]<UL><LI>Max Depth = 224<LI>Call Chain = C2H6_conc &rArr; C2H6_send_frame &rArr; uart_sendData &rArr; HAL_UART_Transmit
</UL>
<BR>[Calls]<UL><LI><a href="#[c1]">&gt;&gt;</a>&nbsp;&nbsp;&nbsp;HAL_Delay
<LI><a href="#[c5]">&gt;&gt;</a>&nbsp;&nbsp;&nbsp;uart_getData
<LI><a href="#[c6]">&gt;&gt;</a>&nbsp;&nbsp;&nbsp;__aeabi_memcpy
<LI><a href="#[c4]">&gt;&gt;</a>&nbsp;&nbsp;&nbsp;C2H6_send_frame
</UL>
<BR>[Called By]<UL><LI><a href="#[19f]">&gt;&gt;</a>&nbsp;&nbsp;&nbsp;start_task_readbase
<LI><a href="#[19e]">&gt;&gt;</a>&nbsp;&nbsp;&nbsp;start_task_run
</UL>

<P><STRONG><a name="[1b8]"></a>C2H6_reset</STRONG> (Thumb, 22 bytes, Stack size 0 bytes, c2h6.o(.text.C2H6_reset))
<BR><BR>[Called By]<UL><LI><a href="#[88]">&gt;&gt;</a>&nbsp;&nbsp;&nbsp;usb_cmd_getC2H6data
</UL>

<P><STRONG><a name="[cb]"></a>C2H6_run</STRONG> (Thumb, 568 bytes, Stack size 104 bytes, c2h6.o(.text.C2H6_run))
<BR><BR>[Stack]<UL><LI>Max Depth = 240<LI>Call Chain = C2H6_run &rArr; C2H6_send_frame &rArr; uart_sendData &rArr; HAL_UART_Transmit
</UL>
<BR>[Calls]<UL><LI><a href="#[c5]">&gt;&gt;</a>&nbsp;&nbsp;&nbsp;uart_getData
<LI><a href="#[c6]">&gt;&gt;</a>&nbsp;&nbsp;&nbsp;__aeabi_memcpy
<LI><a href="#[c4]">&gt;&gt;</a>&nbsp;&nbsp;&nbsp;C2H6_send_frame
<LI><a href="#[cc]">&gt;&gt;</a>&nbsp;&nbsp;&nbsp;ndelay_ms
<LI><a href="#[cd]">&gt;&gt;</a>&nbsp;&nbsp;&nbsp;ndelay_expired
</UL>
<BR>[Called By]<UL><LI><a href="#[17a]">&gt;&gt;</a>&nbsp;&nbsp;&nbsp;updata_sensor
<LI><a href="#[7c]">&gt;&gt;</a>&nbsp;&nbsp;&nbsp;_usb_cmd_getC2H6data
</UL>

<P><STRONG><a name="[d2]"></a>CH4_CloseProject</STRONG> (Thumb, 54 bytes, Stack size 16 bytes, ch4.o(.text.CH4_CloseProject))
<BR><BR>[Stack]<UL><LI>Max Depth = 512<LI>Call Chain = CH4_CloseProject &rArr; modbus_master_write_multi &rArr; modbus_master_poll &rArr; modbus_validate_read_regs &rArr; modbus_expect_exception_or_addr &rArr; __2snprintf
</UL>
<BR>[Calls]<UL><LI><a href="#[d3]">&gt;&gt;</a>&nbsp;&nbsp;&nbsp;modbus_master_write_multi
</UL>
<BR>[Called By]<UL><LI><a href="#[19e]">&gt;&gt;</a>&nbsp;&nbsp;&nbsp;start_task_run
</UL>

<P><STRONG><a name="[d4]"></a>CH4_ReadInfo</STRONG> (Thumb, 298 bytes, Stack size 24 bytes, ch4.o(.text.CH4_ReadInfo))
<BR><BR>[Stack]<UL><LI>Max Depth = 496<LI>Call Chain = CH4_ReadInfo &rArr; CH4_exec &rArr; modbus_master_poll &rArr; modbus_validate_read_regs &rArr; modbus_expect_exception_or_addr &rArr; __2snprintf
</UL>
<BR>[Calls]<UL><LI><a href="#[c1]">&gt;&gt;</a>&nbsp;&nbsp;&nbsp;HAL_Delay
<LI><a href="#[c6]">&gt;&gt;</a>&nbsp;&nbsp;&nbsp;__aeabi_memcpy
<LI><a href="#[d5]">&gt;&gt;</a>&nbsp;&nbsp;&nbsp;CH4_exec
</UL>
<BR>[Called By]<UL><LI><a href="#[19f]">&gt;&gt;</a>&nbsp;&nbsp;&nbsp;start_task_readbase
<LI><a href="#[19e]">&gt;&gt;</a>&nbsp;&nbsp;&nbsp;start_task_run
</UL>

<P><STRONG><a name="[d5]"></a>CH4_exec</STRONG> (Thumb, 616 bytes, Stack size 32 bytes, ch4.o(.text.CH4_exec))
<BR><BR>[Stack]<UL><LI>Max Depth = 472<LI>Call Chain = CH4_exec &rArr; modbus_master_poll &rArr; modbus_validate_read_regs &rArr; modbus_expect_exception_or_addr &rArr; __2snprintf
</UL>
<BR>[Calls]<UL><LI><a href="#[d7]">&gt;&gt;</a>&nbsp;&nbsp;&nbsp;modbus_master_start_write_multi
<LI><a href="#[d6]">&gt;&gt;</a>&nbsp;&nbsp;&nbsp;modbus_master_start_read_holding
<LI><a href="#[bb]">&gt;&gt;</a>&nbsp;&nbsp;&nbsp;modbus_master_poll
<LI><a href="#[be]">&gt;&gt;</a>&nbsp;&nbsp;&nbsp;modbus_master_get_state
<LI><a href="#[bd]">&gt;&gt;</a>&nbsp;&nbsp;&nbsp;modbus_master_clear
<LI><a href="#[c6]">&gt;&gt;</a>&nbsp;&nbsp;&nbsp;__aeabi_memcpy
<LI><a href="#[cc]">&gt;&gt;</a>&nbsp;&nbsp;&nbsp;ndelay_ms
<LI><a href="#[cd]">&gt;&gt;</a>&nbsp;&nbsp;&nbsp;ndelay_expired
</UL>
<BR>[Called By]<UL><LI><a href="#[d4]">&gt;&gt;</a>&nbsp;&nbsp;&nbsp;CH4_ReadInfo
<LI><a href="#[179]">&gt;&gt;</a>&nbsp;&nbsp;&nbsp;bus485_run
</UL>

<P><STRONG><a name="[16a]"></a>CH4_getCH4data</STRONG> (Thumb, 10 bytes, Stack size 0 bytes, ch4.o(.text.CH4_getCH4data))
<BR><BR>[Called By]<UL><LI><a href="#[7a]">&gt;&gt;</a>&nbsp;&nbsp;&nbsp;_cmd_getCH4info
</UL>

<P><STRONG><a name="[d8]"></a>CH4_getConc</STRONG> (Thumb, 160 bytes, Stack size 24 bytes, ch4.o(.text.CH4_getConc))
<BR><BR>[Stack]<UL><LI>Max Depth = 32<LI>Call Chain = CH4_getConc &rArr; __aeabi_fdiv
</UL>
<BR>[Calls]<UL><LI><a href="#[a7]">&gt;&gt;</a>&nbsp;&nbsp;&nbsp;__aeabi_fdiv
<LI><a href="#[d9]">&gt;&gt;</a>&nbsp;&nbsp;&nbsp;__aeabi_fmul
<LI><a href="#[b1]">&gt;&gt;</a>&nbsp;&nbsp;&nbsp;__aeabi_ui2f
</UL>
<BR>[Called By]<UL><LI><a href="#[17a]">&gt;&gt;</a>&nbsp;&nbsp;&nbsp;updata_sensor
</UL>

<P><STRONG><a name="[da]"></a>CH4_requestConc</STRONG> (Thumb, 84 bytes, Stack size 8 bytes, ch4.o(.text.CH4_requestConc))
<BR><BR>[Stack]<UL><LI>Max Depth = 204<LI>Call Chain = CH4_requestConc &rArr; bus485_request &rArr; usb_cdc_send_packet &rArr; USBD_CDC_TransmitPacket &rArr; USBD_LL_Transmit &rArr; HAL_PCD_EP_Transmit &rArr; USB_EPStartXfer
</UL>
<BR>[Calls]<UL><LI><a href="#[db]">&gt;&gt;</a>&nbsp;&nbsp;&nbsp;bus485_request
</UL>
<BR>[Called By]<UL><LI><a href="#[17a]">&gt;&gt;</a>&nbsp;&nbsp;&nbsp;updata_sensor
</UL>

<P><STRONG><a name="[dc]"></a>CH4_setCH4Ucode</STRONG> (Thumb, 66 bytes, Stack size 24 bytes, ch4.o(.text.CH4_setCH4Ucode))
<BR><BR>[Stack]<UL><LI>Max Depth = 520<LI>Call Chain = CH4_setCH4Ucode &rArr; modbus_master_write_multi &rArr; modbus_master_poll &rArr; modbus_validate_read_regs &rArr; modbus_expect_exception_or_addr &rArr; __2snprintf
</UL>
<BR>[Calls]<UL><LI><a href="#[d3]">&gt;&gt;</a>&nbsp;&nbsp;&nbsp;modbus_master_write_multi
</UL>
<BR>[Called By]<UL><LI><a href="#[19e]">&gt;&gt;</a>&nbsp;&nbsp;&nbsp;start_task_run
</UL>

<P><STRONG><a name="[dd]"></a>DAC_OutputInit</STRONG> (Thumb, 24 bytes, Stack size 8 bytes, dac.o(.text.DAC_OutputInit))
<BR><BR>[Stack]<UL><LI>Max Depth = 16<LI>Call Chain = DAC_OutputInit &rArr; HAL_DAC_Start
</UL>
<BR>[Calls]<UL><LI><a href="#[de]">&gt;&gt;</a>&nbsp;&nbsp;&nbsp;HAL_DAC_Start
</UL>
<BR>[Called By]<UL><LI><a href="#[62]">&gt;&gt;</a>&nbsp;&nbsp;&nbsp;main
</UL>

<P><STRONG><a name="[df]"></a>DAC_OutputSetMv</STRONG> (Thumb, 66 bytes, Stack size 8 bytes, dac.o(.text.DAC_OutputSetMv))
<BR><BR>[Stack]<UL><LI>Max Depth = 12<LI>Call Chain = DAC_OutputSetMv &rArr; HAL_DAC_SetValue
</UL>
<BR>[Calls]<UL><LI><a href="#[e0]">&gt;&gt;</a>&nbsp;&nbsp;&nbsp;HAL_DAC_SetValue
</UL>
<BR>[Called By]<UL><LI><a href="#[89]">&gt;&gt;</a>&nbsp;&nbsp;&nbsp;usb_cmd_setDAC
</UL>

<P><STRONG><a name="[23]"></a>DebugMon_Handler</STRONG> (Thumb, 2 bytes, Stack size 0 bytes, stm32f1xx_it.o(.text.DebugMon_Handler))
<BR>[Address Reference Count : 1]<UL><LI> startup_stm32f103xe.o(RESET)
</UL>
<P><STRONG><a name="[e1]"></a>Error_Handler</STRONG> (Thumb, 18 bytes, Stack size 0 bytes, main.o(.text.Error_Handler))
<BR><BR>[Stack]<UL><LI>Max Depth = 24<LI>Call Chain = Error_Handler &rArr; fault_monitor_capture
</UL>
<BR>[Calls]<UL><LI><a href="#[b9]">&gt;&gt;</a>&nbsp;&nbsp;&nbsp;fault_monitor_capture
</UL>
<BR>[Called By]<UL><LI><a href="#[15d]">&gt;&gt;</a>&nbsp;&nbsp;&nbsp;USBD_LL_Init
<LI><a href="#[10b]">&gt;&gt;</a>&nbsp;&nbsp;&nbsp;HAL_PCD_ResetCallback
<LI><a href="#[140]">&gt;&gt;</a>&nbsp;&nbsp;&nbsp;MX_USB_DEVICE_Init
</UL>

<P><STRONG><a name="[e2]"></a>FLASH_WaitForLastOperation</STRONG> (Thumb, 198 bytes, Stack size 16 bytes, stm32f1xx_hal_flash.o(.text.FLASH_WaitForLastOperation))
<BR><BR>[Stack]<UL><LI>Max Depth = 16<LI>Call Chain = FLASH_WaitForLastOperation
</UL>
<BR>[Calls]<UL><LI><a href="#[e3]">&gt;&gt;</a>&nbsp;&nbsp;&nbsp;HAL_GetTick
</UL>
<BR>[Called By]<UL><LI><a href="#[ee]">&gt;&gt;</a>&nbsp;&nbsp;&nbsp;HAL_FLASHEx_Erase
<LI><a href="#[ef]">&gt;&gt;</a>&nbsp;&nbsp;&nbsp;HAL_FLASH_Program
</UL>

<P><STRONG><a name="[e4]"></a>H2_Getdata</STRONG> (Thumb, 324 bytes, Stack size 24 bytes, h2.o(.text.H2_Getdata))
<BR><BR>[Stack]<UL><LI>Max Depth = 152<LI>Call Chain = H2_Getdata &rArr; modbus_master_h2_start_read_holding &rArr; rs485_h2_write &rArr; uart_sendData &rArr; HAL_UART_Transmit
</UL>
<BR>[Calls]<UL><LI><a href="#[a2]">&gt;&gt;</a>&nbsp;&nbsp;&nbsp;__aeabi_fadd
<LI><a href="#[a7]">&gt;&gt;</a>&nbsp;&nbsp;&nbsp;__aeabi_fdiv
<LI><a href="#[e8]">&gt;&gt;</a>&nbsp;&nbsp;&nbsp;modbus_master_h2_start_read_holding
<LI><a href="#[e5]">&gt;&gt;</a>&nbsp;&nbsp;&nbsp;modbus_master_h2_poll
<LI><a href="#[e7]">&gt;&gt;</a>&nbsp;&nbsp;&nbsp;modbus_master_h2_get_state
<LI><a href="#[e6]">&gt;&gt;</a>&nbsp;&nbsp;&nbsp;modbus_master_h2_clear
<LI><a href="#[b1]">&gt;&gt;</a>&nbsp;&nbsp;&nbsp;__aeabi_ui2f
</UL>
<BR>[Called By]<UL><LI><a href="#[179]">&gt;&gt;</a>&nbsp;&nbsp;&nbsp;bus485_run
</UL>

<P><STRONG><a name="[178]"></a>H2_getData</STRONG> (Thumb, 12 bytes, Stack size 0 bytes, h2.o(.text.H2_getData))
<BR><BR>[Called By]<UL><LI><a href="#[17a]">&gt;&gt;</a>&nbsp;&nbsp;&nbsp;updata_sensor
<LI><a href="#[7e]">&gt;&gt;</a>&nbsp;&nbsp;&nbsp;_usb_cmd_getH2temp
</UL>

<P><STRONG><a name="[e9]"></a>H2_readConc</STRONG> (Thumb, 86 bytes, Stack size 24 bytes, h2.o(.text.H2_readConc))
<BR><BR>[Stack]<UL><LI>Max Depth = 176<LI>Call Chain = H2_readConc &rArr; modbus_master_h2_read_holding &rArr; modbus_master_h2_start_read_holding &rArr; rs485_h2_write &rArr; uart_sendData &rArr; HAL_UART_Transmit
</UL>
<BR>[Calls]<UL><LI><a href="#[ea]">&gt;&gt;</a>&nbsp;&nbsp;&nbsp;modbus_master_h2_read_holding
<LI><a href="#[b1]">&gt;&gt;</a>&nbsp;&nbsp;&nbsp;__aeabi_ui2f
</UL>
<BR>[Called By]<UL><LI><a href="#[19f]">&gt;&gt;</a>&nbsp;&nbsp;&nbsp;start_task_readbase
<LI><a href="#[19e]">&gt;&gt;</a>&nbsp;&nbsp;&nbsp;start_task_run
</UL>

<P><STRONG><a name="[194]"></a>HAL_DAC_ConfigChannel</STRONG> (Thumb, 94 bytes, Stack size 8 bytes, stm32f1xx_hal_dac.o(.text.HAL_DAC_ConfigChannel))
<BR><BR>[Stack]<UL><LI>Max Depth = 8<LI>Call Chain = HAL_DAC_ConfigChannel
</UL>
<BR>[Called By]<UL><LI><a href="#[62]">&gt;&gt;</a>&nbsp;&nbsp;&nbsp;main
</UL>

<P><STRONG><a name="[eb]"></a>HAL_DAC_Init</STRONG> (Thumb, 46 bytes, Stack size 8 bytes, stm32f1xx_hal_dac.o(.text.HAL_DAC_Init))
<BR><BR>[Stack]<UL><LI>Max Depth = 84<LI>Call Chain = HAL_DAC_Init &rArr; HAL_DAC_MspInit &rArr; HAL_GPIO_Init
</UL>
<BR>[Calls]<UL><LI><a href="#[ec]">&gt;&gt;</a>&nbsp;&nbsp;&nbsp;HAL_DAC_MspInit
</UL>
<BR>[Called By]<UL><LI><a href="#[62]">&gt;&gt;</a>&nbsp;&nbsp;&nbsp;main
</UL>

<P><STRONG><a name="[ec]"></a>HAL_DAC_MspInit</STRONG> (Thumb, 102 bytes, Stack size 32 bytes, stm32f1xx_hal_msp.o(.text.HAL_DAC_MspInit))
<BR><BR>[Stack]<UL><LI>Max Depth = 76<LI>Call Chain = HAL_DAC_MspInit &rArr; HAL_GPIO_Init
</UL>
<BR>[Calls]<UL><LI><a href="#[ed]">&gt;&gt;</a>&nbsp;&nbsp;&nbsp;HAL_GPIO_Init
</UL>
<BR>[Called By]<UL><LI><a href="#[eb]">&gt;&gt;</a>&nbsp;&nbsp;&nbsp;HAL_DAC_Init
</UL>

<P><STRONG><a name="[e0]"></a>HAL_DAC_SetValue</STRONG> (Thumb, 54 bytes, Stack size 4 bytes, stm32f1xx_hal_dac.o(.text.HAL_DAC_SetValue))
<BR><BR>[Stack]<UL><LI>Max Depth = 4<LI>Call Chain = HAL_DAC_SetValue
</UL>
<BR>[Called By]<UL><LI><a href="#[df]">&gt;&gt;</a>&nbsp;&nbsp;&nbsp;DAC_OutputSetMv
</UL>

<P><STRONG><a name="[de]"></a>HAL_DAC_Start</STRONG> (Thumb, 96 bytes, Stack size 8 bytes, stm32f1xx_hal_dac.o(.text.HAL_DAC_Start))
<BR><BR>[Stack]<UL><LI>Max Depth = 8<LI>Call Chain = HAL_DAC_Start
</UL>
<BR>[Called By]<UL><LI><a href="#[dd]">&gt;&gt;</a>&nbsp;&nbsp;&nbsp;DAC_OutputInit
</UL>

<P><STRONG><a name="[c1]"></a>HAL_Delay</STRONG> (Thumb, 40 bytes, Stack size 16 bytes, stm32f1xx_hal.o(.text.HAL_Delay))
<BR><BR>[Stack]<UL><LI>Max Depth = 16<LI>Call Chain = HAL_Delay
</UL>
<BR>[Calls]<UL><LI><a href="#[e3]">&gt;&gt;</a>&nbsp;&nbsp;&nbsp;HAL_GetTick
</UL>
<BR>[Called By]<UL><LI><a href="#[19f]">&gt;&gt;</a>&nbsp;&nbsp;&nbsp;start_task_readbase
<LI><a href="#[19e]">&gt;&gt;</a>&nbsp;&nbsp;&nbsp;start_task_run
<LI><a href="#[62]">&gt;&gt;</a>&nbsp;&nbsp;&nbsp;main
<LI><a href="#[bf]">&gt;&gt;</a>&nbsp;&nbsp;&nbsp;C2H2_readinfo
<LI><a href="#[ca]">&gt;&gt;</a>&nbsp;&nbsp;&nbsp;C2H6_conc
<LI><a href="#[c3]">&gt;&gt;</a>&nbsp;&nbsp;&nbsp;C2H6_SNverify
<LI><a href="#[d4]">&gt;&gt;</a>&nbsp;&nbsp;&nbsp;CH4_ReadInfo
</UL>

<P><STRONG><a name="[ee]"></a>HAL_FLASHEx_Erase</STRONG> (Thumb, 238 bytes, Stack size 32 bytes, stm32f1xx_hal_flash_ex.o(.text.HAL_FLASHEx_Erase))
<BR><BR>[Stack]<UL><LI>Max Depth = 48<LI>Call Chain = HAL_FLASHEx_Erase &rArr; FLASH_WaitForLastOperation
</UL>
<BR>[Calls]<UL><LI><a href="#[e2]">&gt;&gt;</a>&nbsp;&nbsp;&nbsp;FLASH_WaitForLastOperation
</UL>
<BR>[Called By]<UL><LI><a href="#[1aa]">&gt;&gt;</a>&nbsp;&nbsp;&nbsp;param_erase_write
<LI><a href="#[185]">&gt;&gt;</a>&nbsp;&nbsp;&nbsp;dev_addr_save
<LI><a href="#[1b3]">&gt;&gt;</a>&nbsp;&nbsp;&nbsp;storage_log_erase
<LI><a href="#[13c]">&gt;&gt;</a>&nbsp;&nbsp;&nbsp;storage_log_write
</UL>

<P><STRONG><a name="[187]"></a>HAL_FLASH_Lock</STRONG> (Thumb, 20 bytes, Stack size 0 bytes, stm32f1xx_hal_flash.o(.text.HAL_FLASH_Lock))
<BR><BR>[Called By]<UL><LI><a href="#[1aa]">&gt;&gt;</a>&nbsp;&nbsp;&nbsp;param_erase_write
<LI><a href="#[185]">&gt;&gt;</a>&nbsp;&nbsp;&nbsp;dev_addr_save
<LI><a href="#[1b3]">&gt;&gt;</a>&nbsp;&nbsp;&nbsp;storage_log_erase
<LI><a href="#[13c]">&gt;&gt;</a>&nbsp;&nbsp;&nbsp;storage_log_write
</UL>

<P><STRONG><a name="[ef]"></a>HAL_FLASH_Program</STRONG> (Thumb, 278 bytes, Stack size 32 bytes, stm32f1xx_hal_flash.o(.text.HAL_FLASH_Program))
<BR><BR>[Stack]<UL><LI>Max Depth = 48<LI>Call Chain = HAL_FLASH_Program &rArr; FLASH_WaitForLastOperation
</UL>
<BR>[Calls]<UL><LI><a href="#[e2]">&gt;&gt;</a>&nbsp;&nbsp;&nbsp;FLASH_WaitForLastOperation
</UL>
<BR>[Called By]<UL><LI><a href="#[1aa]">&gt;&gt;</a>&nbsp;&nbsp;&nbsp;param_erase_write
<LI><a href="#[185]">&gt;&gt;</a>&nbsp;&nbsp;&nbsp;dev_addr_save
<LI><a href="#[13c]">&gt;&gt;</a>&nbsp;&nbsp;&nbsp;storage_log_write
</UL>

<P><STRONG><a name="[186]"></a>HAL_FLASH_Unlock</STRONG> (Thumb, 46 bytes, Stack size 0 bytes, stm32f1xx_hal_flash.o(.text.HAL_FLASH_Unlock))
<BR><BR>[Called By]<UL><LI><a href="#[1aa]">&gt;&gt;</a>&nbsp;&nbsp;&nbsp;param_erase_write
<LI><a href="#[185]">&gt;&gt;</a>&nbsp;&nbsp;&nbsp;dev_addr_save
<LI><a href="#[1b3]">&gt;&gt;</a>&nbsp;&nbsp;&nbsp;storage_log_erase
<LI><a href="#[13c]">&gt;&gt;</a>&nbsp;&nbsp;&nbsp;storage_log_write
</UL>

<P><STRONG><a name="[ed]"></a>HAL_GPIO_Init</STRONG> (Thumb, 486 bytes, Stack size 44 bytes, stm32f1xx_hal_gpio.o(.text.HAL_GPIO_Init))
<BR><BR>[Stack]<UL><LI>Max Depth = 44<LI>Call Chain = HAL_GPIO_Init
</UL>
<BR>[Called By]<UL><LI><a href="#[12f]">&gt;&gt;</a>&nbsp;&nbsp;&nbsp;HAL_UART_MspInit
<LI><a href="#[ec]">&gt;&gt;</a>&nbsp;&nbsp;&nbsp;HAL_DAC_MspInit
<LI><a href="#[19b]">&gt;&gt;</a>&nbsp;&nbsp;&nbsp;rtc_init
<LI><a href="#[129]">&gt;&gt;</a>&nbsp;&nbsp;&nbsp;HAL_TIM_MspPostInit
<LI><a href="#[62]">&gt;&gt;</a>&nbsp;&nbsp;&nbsp;main
<LI><a href="#[18c]">&gt;&gt;</a>&nbsp;&nbsp;&nbsp;ds1302_read_reg
<LI><a href="#[18d]">&gt;&gt;</a>&nbsp;&nbsp;&nbsp;ds1302_write_byte
</UL>

<P><STRONG><a name="[18e]"></a>HAL_GPIO_ReadPin</STRONG> (Thumb, 10 bytes, Stack size 0 bytes, stm32f1xx_hal_gpio.o(.text.HAL_GPIO_ReadPin))
<BR><BR>[Called By]<UL><LI><a href="#[18c]">&gt;&gt;</a>&nbsp;&nbsp;&nbsp;ds1302_read_reg
</UL>

<P><STRONG><a name="[134]"></a>HAL_GPIO_WritePin</STRONG> (Thumb, 10 bytes, Stack size 0 bytes, stm32f1xx_hal_gpio.o(.text.HAL_GPIO_WritePin))
<BR><BR>[Called By]<UL><LI><a href="#[19e]">&gt;&gt;</a>&nbsp;&nbsp;&nbsp;start_task_run
<LI><a href="#[133]">&gt;&gt;</a>&nbsp;&nbsp;&nbsp;HMI_Powerstatus
<LI><a href="#[19b]">&gt;&gt;</a>&nbsp;&nbsp;&nbsp;rtc_init
<LI><a href="#[62]">&gt;&gt;</a>&nbsp;&nbsp;&nbsp;main
<LI><a href="#[1ab]">&gt;&gt;</a>&nbsp;&nbsp;&nbsp;rtc_set_datetime
<LI><a href="#[18c]">&gt;&gt;</a>&nbsp;&nbsp;&nbsp;ds1302_read_reg
<LI><a href="#[18d]">&gt;&gt;</a>&nbsp;&nbsp;&nbsp;ds1302_write_byte
<LI><a href="#[1a5]">&gt;&gt;</a>&nbsp;&nbsp;&nbsp;rs485_h2_write
<LI><a href="#[1a3]">&gt;&gt;</a>&nbsp;&nbsp;&nbsp;rs485_h2_init
<LI><a href="#[182]">&gt;&gt;</a>&nbsp;&nbsp;&nbsp;rs485_write
<LI><a href="#[1a6]">&gt;&gt;</a>&nbsp;&nbsp;&nbsp;rs485_init
<LI><a href="#[188]">&gt;&gt;</a>&nbsp;&nbsp;&nbsp;dg408_select
</UL>

<P><STRONG><a name="[e3]"></a>HAL_GetTick</STRONG> (Thumb, 12 bytes, Stack size 0 bytes, stm32f1xx_hal.o(.text.HAL_GetTick))
<BR><BR>[Called By]<UL><LI><a href="#[e2]">&gt;&gt;</a>&nbsp;&nbsp;&nbsp;FLASH_WaitForLastOperation
<LI><a href="#[123]">&gt;&gt;</a>&nbsp;&nbsp;&nbsp;HAL_RCCEx_PeriphCLKConfig
<LI><a href="#[124]">&gt;&gt;</a>&nbsp;&nbsp;&nbsp;HAL_RCC_ClockConfig
<LI><a href="#[125]">&gt;&gt;</a>&nbsp;&nbsp;&nbsp;HAL_RCC_OscConfig
<LI><a href="#[c9]">&gt;&gt;</a>&nbsp;&nbsp;&nbsp;usb_cdc_send_packet
<LI><a href="#[c1]">&gt;&gt;</a>&nbsp;&nbsp;&nbsp;HAL_Delay
<LI><a href="#[b9]">&gt;&gt;</a>&nbsp;&nbsp;&nbsp;fault_monitor_capture
<LI><a href="#[ea]">&gt;&gt;</a>&nbsp;&nbsp;&nbsp;modbus_master_h2_read_holding
<LI><a href="#[e8]">&gt;&gt;</a>&nbsp;&nbsp;&nbsp;modbus_master_h2_start_read_holding
<LI><a href="#[e5]">&gt;&gt;</a>&nbsp;&nbsp;&nbsp;modbus_master_h2_poll
<LI><a href="#[1a5]">&gt;&gt;</a>&nbsp;&nbsp;&nbsp;rs485_h2_write
<LI><a href="#[182]">&gt;&gt;</a>&nbsp;&nbsp;&nbsp;rs485_write
<LI><a href="#[132]">&gt;&gt;</a>&nbsp;&nbsp;&nbsp;HAL_UART_Transmit
</UL>

<P><STRONG><a name="[14a]"></a>HAL_IncTick</STRONG> (Thumb, 26 bytes, Stack size 0 bytes, stm32f1xx_hal.o(.text.HAL_IncTick))
<BR><BR>[Called By]<UL><LI><a href="#[25]">&gt;&gt;</a>&nbsp;&nbsp;&nbsp;SysTick_Handler
</UL>

<P><STRONG><a name="[f0]"></a>HAL_Init</STRONG> (Thumb, 38 bytes, Stack size 8 bytes, stm32f1xx_hal.o(.text.HAL_Init))
<BR><BR>[Stack]<UL><LI>Max Depth = 32<LI>Call Chain = HAL_Init &rArr; HAL_InitTick &rArr; HAL_NVIC_SetPriority
</UL>
<BR>[Calls]<UL><LI><a href="#[f2]">&gt;&gt;</a>&nbsp;&nbsp;&nbsp;HAL_InitTick
<LI><a href="#[f1]">&gt;&gt;</a>&nbsp;&nbsp;&nbsp;HAL_NVIC_SetPriorityGrouping
<LI><a href="#[f3]">&gt;&gt;</a>&nbsp;&nbsp;&nbsp;HAL_MspInit
</UL>
<BR>[Called By]<UL><LI><a href="#[62]">&gt;&gt;</a>&nbsp;&nbsp;&nbsp;main
</UL>

<P><STRONG><a name="[f2]"></a>HAL_InitTick</STRONG> (Thumb, 72 bytes, Stack size 16 bytes, stm32f1xx_hal.o(.text.HAL_InitTick))
<BR><BR>[Stack]<UL><LI>Max Depth = 24<LI>Call Chain = HAL_InitTick &rArr; HAL_NVIC_SetPriority
</UL>
<BR>[Calls]<UL><LI><a href="#[f4]">&gt;&gt;</a>&nbsp;&nbsp;&nbsp;HAL_SYSTICK_Config
<LI><a href="#[f5]">&gt;&gt;</a>&nbsp;&nbsp;&nbsp;HAL_NVIC_SetPriority
</UL>
<BR>[Called By]<UL><LI><a href="#[124]">&gt;&gt;</a>&nbsp;&nbsp;&nbsp;HAL_RCC_ClockConfig
<LI><a href="#[f0]">&gt;&gt;</a>&nbsp;&nbsp;&nbsp;HAL_Init
</UL>

<P><STRONG><a name="[f3]"></a>HAL_MspInit</STRONG> (Thumb, 66 bytes, Stack size 8 bytes, stm32f1xx_hal_msp.o(.text.HAL_MspInit))
<BR><BR>[Stack]<UL><LI>Max Depth = 8<LI>Call Chain = HAL_MspInit
</UL>
<BR>[Called By]<UL><LI><a href="#[f0]">&gt;&gt;</a>&nbsp;&nbsp;&nbsp;HAL_Init
</UL>

<P><STRONG><a name="[117]"></a>HAL_NVIC_EnableIRQ</STRONG> (Thumb, 34 bytes, Stack size 0 bytes, stm32f1xx_hal_cortex.o(.text.HAL_NVIC_EnableIRQ))
<BR><BR>[Called By]<UL><LI><a href="#[111]">&gt;&gt;</a>&nbsp;&nbsp;&nbsp;HAL_PCD_MspInit
<LI><a href="#[12f]">&gt;&gt;</a>&nbsp;&nbsp;&nbsp;HAL_UART_MspInit
</UL>

<P><STRONG><a name="[f5]"></a>HAL_NVIC_SetPriority</STRONG> (Thumb, 86 bytes, Stack size 8 bytes, stm32f1xx_hal_cortex.o(.text.HAL_NVIC_SetPriority))
<BR><BR>[Stack]<UL><LI>Max Depth = 8<LI>Call Chain = HAL_NVIC_SetPriority
</UL>
<BR>[Called By]<UL><LI><a href="#[f2]">&gt;&gt;</a>&nbsp;&nbsp;&nbsp;HAL_InitTick
<LI><a href="#[111]">&gt;&gt;</a>&nbsp;&nbsp;&nbsp;HAL_PCD_MspInit
<LI><a href="#[12f]">&gt;&gt;</a>&nbsp;&nbsp;&nbsp;HAL_UART_MspInit
</UL>

<P><STRONG><a name="[f1]"></a>HAL_NVIC_SetPriorityGrouping</STRONG> (Thumb, 32 bytes, Stack size 0 bytes, stm32f1xx_hal_cortex.o(.text.HAL_NVIC_SetPriorityGrouping))
<BR><BR>[Called By]<UL><LI><a href="#[f0]">&gt;&gt;</a>&nbsp;&nbsp;&nbsp;HAL_Init
</UL>

<P><STRONG><a name="[160]"></a>HAL_PCDEx_PMAConfig</STRONG> (Thumb, 76 bytes, Stack size 8 bytes, stm32f1xx_hal_pcd_ex.o(.text.HAL_PCDEx_PMAConfig))
<BR><BR>[Stack]<UL><LI>Max Depth = 8<LI>Call Chain = HAL_PCDEx_PMAConfig
</UL>
<BR>[Called By]<UL><LI><a href="#[15d]">&gt;&gt;</a>&nbsp;&nbsp;&nbsp;USBD_LL_Init
</UL>

<P><STRONG><a name="[120]"></a>HAL_PCDEx_SetConnectionState</STRONG> (Thumb, 2 bytes, Stack size 0 bytes, usbd_conf.o(.text.HAL_PCDEx_SetConnectionState))
<BR><BR>[Called By]<UL><LI><a href="#[11e]">&gt;&gt;</a>&nbsp;&nbsp;&nbsp;HAL_PCD_Start
</UL>

<P><STRONG><a name="[f6]"></a>HAL_PCD_DataInStageCallback</STRONG> (Thumb, 20 bytes, Stack size 0 bytes, usbd_conf.o(.text.HAL_PCD_DataInStageCallback))
<BR><BR>[Stack]<UL><LI>Max Depth = 84<LI>Call Chain = HAL_PCD_DataInStageCallback &rArr; USBD_LL_DataInStage &rArr; USBD_CtlReceiveStatus &rArr; USBD_LL_PrepareReceive &rArr; HAL_PCD_EP_Receive &rArr; USB_EPStartXfer
</UL>
<BR>[Calls]<UL><LI><a href="#[f7]">&gt;&gt;</a>&nbsp;&nbsp;&nbsp;USBD_LL_DataInStage
</UL>
<BR>[Called By]<UL><LI><a href="#[106]">&gt;&gt;</a>&nbsp;&nbsp;&nbsp;HAL_PCD_IRQHandler
</UL>

[...]
<BR><BR>[Stack]<UL><LI>Max Depth = 144<LI>Call Chain = usb_cmd_write_param &rArr; storage_param_write_group &rArr; param_erase_write &rArr; HAL_FLASHEx_Erase &rArr; FLASH_WaitForLastOperation
</UL>
<BR>[Calls]<UL><LI><a href="#[171]">&gt;&gt;</a>&nbsp;&nbsp;&nbsp;storage_param_write_group
</UL>
<BR>[Address Reference Count : 1]<UL><LI> usb_task.o(.rodata.usb_cmd_table)
</UL>
<P><STRONG><a name="[9b]"></a>usb_cmd_erase_log</STRONG> (Thumb, 28 bytes, Stack size 8 bytes, usb_task.o(.text.usb_cmd_erase_log))
<BR><BR>[Stack]<UL><LI>Max Depth = 108<LI>Call Chain = usb_cmd_erase_log &rArr; usb_cdc_send_packet &rArr; USBD_CDC_TransmitPacket &rArr; USBD_LL_Transmit &rArr; HAL_PCD_EP_Transmit &rArr; USB_EPStartXfer
</UL>
<BR>[Calls]<UL><LI><a href="#[c9]">&gt;&gt;</a>&nbsp;&nbsp;&nbsp;usb_cdc_send_packet
<LI><a href="#[1b3]">&gt;&gt;</a>&nbsp;&nbsp;&nbsp;storage_log_erase
</UL>
<BR>[Address Reference Count : 1]<UL><LI> usb_task.o(.rodata.usb_cmd_table)
</UL>
<P><STRONG><a name="[9c]"></a>usb_cmd_read_log_raw</STRONG> (Thumb, 84 bytes, Stack size 280 bytes, usb_task.o(.text.usb_cmd_read_log_raw))
<BR><BR>[Stack]<UL><LI>Max Depth = 380<LI>Call Chain = usb_cmd_read_log_raw &rArr; usb_cdc_send_packet &rArr; USBD_CDC_TransmitPacket &rArr; USBD_LL_Transmit &rArr; HAL_PCD_EP_Transmit &rArr; USB_EPStartXfer
</UL>
<BR>[Calls]<UL><LI><a href="#[c9]">&gt;&gt;</a>&nbsp;&nbsp;&nbsp;usb_cdc_send_packet
<LI><a href="#[1b4]">&gt;&gt;</a>&nbsp;&nbsp;&nbsp;storage_log_read_offset
<LI><a href="#[1b9]">&gt;&gt;</a>&nbsp;&nbsp;&nbsp;storage_log_size
</UL>
<BR>[Address Reference Count : 1]<UL><LI> usb_task.o(.rodata.usb_cmd_table)
</UL>
<P><STRONG><a name="[16]"></a>app_task_fault_monitor</STRONG> (Thumb, 24 bytes, Stack size 0 bytes, app_tasks.o(.text.app_task_fault_monitor))
<BR>[Address Reference Count : 1]<UL><LI> app_tasks.o(.data.s_running_tasks)
</UL>
<P><STRONG><a name="[17]"></a>app_task_usb</STRONG> (Thumb, 4 bytes, Stack size 0 bytes, app_tasks.o(.text.app_task_usb))
<BR><BR>[Stack]<UL><LI>Max Depth = 180<LI>Call Chain = app_task_usb &rArr; usb_task_process &rArr; usb_cdc_send_packet &rArr; USBD_CDC_TransmitPacket &rArr; USBD_LL_Transmit &rArr; HAL_PCD_EP_Transmit &rArr; USB_EPStartXfer
</UL>
<BR>[Calls]<UL><LI><a href="#[17d]">&gt;&gt;</a>&nbsp;&nbsp;&nbsp;usb_task_process
</UL>
<BR>[Address Reference Count : 2]<UL><LI> app_tasks.o(.data.s_running_tasks)
<LI> app_tasks.o(.data.s_stop_tasks)
</UL>
<P><STRONG><a name="[18]"></a>app_task_bus485</STRONG> (Thumb, 4 bytes, Stack size 0 bytes, app_tasks.o(.text.app_task_bus485))
<BR><BR>[Stack]<UL><LI>Max Depth = 696<LI>Call Chain = app_task_bus485 &rArr; bus485_run &rArr; CH4_exec &rArr; modbus_master_poll &rArr; modbus_validate_read_regs &rArr; modbus_expect_exception_or_addr &rArr; __2snprintf
</UL>
<BR>[Calls]<UL><LI><a href="#[179]">&gt;&gt;</a>&nbsp;&nbsp;&nbsp;bus485_run
</UL>
<BR>[Address Reference Count : 2]<UL><LI> app_tasks.o(.data.s_running_tasks)
<LI> app_tasks.o(.data.s_stop_tasks)
</UL>
<P><STRONG><a name="[19]"></a>app_task_dataup</STRONG> (Thumb, 4 bytes, Stack size 0 bytes, app_tasks.o(.text.app_task_dataup))
<BR><BR>[Stack]<UL><LI>Max Depth = 376<LI>Call Chain = app_task_dataup &rArr; updata_sensor &rArr; stats_getFilteredMean &rArr; stats_getSlope &rArr; __aeabi_dsub &rArr; __aeabi_dadd &rArr; _double_epilogue &rArr; _double_round
</UL>
<BR>[Calls]<UL><LI><a href="#[17a]">&gt;&gt;</a>&nbsp;&nbsp;&nbsp;updata_sensor
</UL>
<BR>[Address Reference Count : 2]<UL><LI> app_tasks.o(.data.s_running_tasks)
<LI> app_tasks.o(.data.s_stop_tasks)
</UL>
<P><STRONG><a name="[1a]"></a>app_task_dgusii</STRONG> (Thumb, 4 bytes, Stack size 0 bytes, app_tasks.o(.text.app_task_dgusii))
<BR><BR>[Stack]<UL><LI>Max Depth = 352<LI>Call Chain = app_task_dgusii &rArr; dgusii_poll &rArr; uart_sendData &rArr; HAL_UART_Transmit
</UL>
<BR>[Calls]<UL><LI><a href="#[17b]">&gt;&gt;</a>&nbsp;&nbsp;&nbsp;dgusii_poll
</UL>
<BR>[Address Reference Count : 2]<UL><LI> app_tasks.o(.data.s_running_tasks)
<LI> app_tasks.o(.data.s_stop_tasks)
</UL>
<P><STRONG><a name="[1b]"></a>app_task_hmi</STRONG> (Thumb, 4 bytes, Stack size 0 bytes, app_tasks.o(.text.app_task_hmi))
<BR><BR>[Stack]<UL><LI>Max Depth = 8<LI>Call Chain = app_task_hmi &rArr; HMI_task_poll
</UL>
<BR>[Calls]<UL><LI><a href="#[17c]">&gt;&gt;</a>&nbsp;&nbsp;&nbsp;HMI_task_poll
</UL>
<BR>[Address Reference Count : 2]<UL><LI> app_tasks.o(.data.s_running_tasks)
<LI> app_tasks.o(.data.s_stop_tasks)
</UL>
<P><STRONG><a name="[192]"></a>fault_monitor_emit_dump</STRONG> (Thumb, 400 bytes, Stack size 192 bytes, fault_monitor.o(.text.fault_monitor_emit_dump), UNUSED)
<BR><BR>[Calls]<UL><LI><a href="#[ce]">&gt;&gt;</a>&nbsp;&nbsp;&nbsp;uart_sendData
<LI><a href="#[c8]">&gt;&gt;</a>&nbsp;&nbsp;&nbsp;strlen
<LI><a href="#[c7]">&gt;&gt;</a>&nbsp;&nbsp;&nbsp;__2snprintf
</UL>

<P><STRONG><a name="[6e]"></a>hmi_handle_log_data</STRONG> (Thumb, 168 bytes, Stack size 16 bytes, hmi_task.o(.text.hmi_handle_log_data))
<BR><BR>[Stack]<UL><LI>Max Depth = 268<LI>Call Chain = hmi_handle_log_data &rArr; hmi_log_dbg &rArr; usb_cdc_send_packet &rArr; USBD_CDC_TransmitPacket &rArr; USBD_LL_Transmit &rArr; HAL_PCD_EP_Transmit &rArr; USB_EPStartXfer
</UL>
<BR>[Calls]<UL><LI><a href="#[174]">&gt;&gt;</a>&nbsp;&nbsp;&nbsp;dgusii_tick_ms
<LI><a href="#[c6]">&gt;&gt;</a>&nbsp;&nbsp;&nbsp;__aeabi_memcpy
<LI><a href="#[170]">&gt;&gt;</a>&nbsp;&nbsp;&nbsp;hmi_log_dbg
</UL>
<BR>[Called By]<UL><LI><a href="#[79]">&gt;&gt;</a>&nbsp;&nbsp;&nbsp;dgusii_HMI_task
</UL>
<BR>[Address Reference Count : 1]<UL><LI> hmi_task.o(.text.dgusii_HMI_task)
</UL>
<P><STRONG><a name="[6f]"></a>hmi_handle_gas_select</STRONG> (Thumb, 100 bytes, Stack size 32 bytes, hmi_task.o(.text.hmi_handle_gas_select))
<BR><BR>[Stack]<UL><LI>Max Depth = 132<LI>Call Chain = hmi_handle_gas_select &rArr; usb_cdc_send_packet &rArr; USBD_CDC_TransmitPacket &rArr; USBD_LL_Transmit &rArr; HAL_PCD_EP_Transmit &rArr; USB_EPStartXfer
</UL>
<BR>[Calls]<UL><LI><a href="#[c9]">&gt;&gt;</a>&nbsp;&nbsp;&nbsp;usb_cdc_send_packet
<LI><a href="#[c8]">&gt;&gt;</a>&nbsp;&nbsp;&nbsp;strlen
<LI><a href="#[c6]">&gt;&gt;</a>&nbsp;&nbsp;&nbsp;__aeabi_memcpy
<LI><a href="#[16b]">&gt;&gt;</a>&nbsp;&nbsp;&nbsp;__2sprintf
</UL>
<BR>[Address Reference Count : 1]<UL><LI> hmi_task.o(.text.dgusii_HMI_task)
</UL>
<P><STRONG><a name="[70]"></a>hmi_handle_button_key</STRONG> (Thumb, 132 bytes, Stack size 16 bytes, hmi_task.o(.text.hmi_handle_button_key))
<BR><BR>[Stack]<UL><LI>Max Depth = 116<LI>Call Chain = hmi_handle_button_key &rArr; usb_cdc_send_packet &rArr; USBD_CDC_TransmitPacket &rArr; USBD_LL_Transmit &rArr; HAL_PCD_EP_Transmit &rArr; USB_EPStartXfer
</UL>
<BR>[Calls]<UL><LI><a href="#[c9]">&gt;&gt;</a>&nbsp;&nbsp;&nbsp;usb_cdc_send_packet
<LI><a href="#[16d]">&gt;&gt;</a>&nbsp;&nbsp;&nbsp;pump_set_strength
<LI><a href="#[136]">&gt;&gt;</a>&nbsp;&nbsp;&nbsp;dgusii_send
<LI><a href="#[146]">&gt;&gt;</a>&nbsp;&nbsp;&nbsp;app_scheduler_millis
<LI><a href="#[c6]">&gt;&gt;</a>&nbsp;&nbsp;&nbsp;__aeabi_memcpy
</UL>
<BR>[Address Reference Count : 1]<UL><LI> hmi_task.o(.text.dgusii_HMI_task)
</UL>
<P><STRONG><a name="[71]"></a>hmi_handle_param_input</STRONG> (Thumb, 48 bytes, Stack size 8 bytes, hmi_task.o(.text.hmi_handle_param_input))
<BR><BR>[Stack]<UL><LI>Max Depth = 16<LI>Call Chain = hmi_handle_param_input &rArr; __aeabi_memcpy
</UL>
<BR>[Calls]<UL><LI><a href="#[c6]">&gt;&gt;</a>&nbsp;&nbsp;&nbsp;__aeabi_memcpy
</UL>
<BR>[Address Reference Count : 1]<UL><LI> hmi_task.o(.text.dgusii_HMI_task)
</UL>
<P><STRONG><a name="[72]"></a>hmi_handle_gas_button</STRONG> (Thumb, 60 bytes, Stack size 8 bytes, hmi_task.o(.text.hmi_handle_gas_button))
<BR><BR>[Stack]<UL><LI>Max Depth = 24<LI>Call Chain = hmi_handle_gas_button &rArr; dgusii_send &rArr; __aeabi_memcpy
</UL>
<BR>[Calls]<UL><LI><a href="#[136]">&gt;&gt;</a>&nbsp;&nbsp;&nbsp;dgusii_send
<LI><a href="#[c6]">&gt;&gt;</a>&nbsp;&nbsp;&nbsp;__aeabi_memcpy
</UL>
<BR>[Address Reference Count : 1]<UL><LI> hmi_task.o(.text.dgusii_HMI_task)
</UL>
<P><STRONG><a name="[73]"></a>hmi_handle_close_sol</STRONG> (Thumb, 6 bytes, Stack size 0 bytes, hmi_task.o(.text.hmi_handle_close_sol))
<BR><BR>[Stack]<UL><LI>Max Depth = 24<LI>Call Chain = hmi_handle_close_sol &rArr; solenoid_set_duty
</UL>
<BR>[Calls]<UL><LI><a href="#[176]">&gt;&gt;</a>&nbsp;&nbsp;&nbsp;solenoid_set_duty
</UL>
<BR>[Address Reference Count : 1]<UL><LI> hmi_task.o(.text.dgusii_HMI_task)
</UL>
<P><STRONG><a name="[74]"></a>hmi_handle_disable_cyctime</STRONG> (Thumb, 36 bytes, Stack size 8 bytes, hmi_task.o(.text.hmi_handle_disable_cyctime))
<BR><BR>[Stack]<UL><LI>Max Depth = 32<LI>Call Chain = hmi_handle_disable_cyctime &rArr; solenoid_set_duty
</UL>
<BR>[Calls]<UL><LI><a href="#[176]">&gt;&gt;</a>&nbsp;&nbsp;&nbsp;solenoid_set_duty
</UL>
<BR>[Address Reference Count : 1]<UL><LI> hmi_task.o(.text.dgusii_HMI_task)
</UL>
<P><STRONG><a name="[75]"></a>hmi_handle_log_print</STRONG> (Thumb, 92 bytes, Stack size 8 bytes, hmi_task.o(.text.hmi_handle_log_print))
<BR><BR>[Stack]<UL><LI>Max Depth = 260<LI>Call Chain = hmi_handle_log_print &rArr; hmi_log_dbg &rArr; usb_cdc_send_packet &rArr; USBD_CDC_TransmitPacket &rArr; USBD_LL_Transmit &rArr; HAL_PCD_EP_Transmit &rArr; USB_EPStartXfer
</UL>
<BR>[Calls]<UL><LI><a href="#[170]">&gt;&gt;</a>&nbsp;&nbsp;&nbsp;hmi_log_dbg
</UL>
<BR>[Address Reference Count : 1]<UL><LI> hmi_task.o(.text.dgusii_HMI_task)
</UL>
<P><STRONG><a name="[76]"></a>hmi_handle_enable_cyctime</STRONG> (Thumb, 166 bytes, Stack size 24 bytes, hmi_task.o(.text.hmi_handle_enable_cyctime))
<BR><BR>[Stack]<UL><LI>Max Depth = 48<LI>Call Chain = hmi_handle_enable_cyctime &rArr; solenoid_set_duty
</UL>
<BR>[Calls]<UL><LI><a href="#[16d]">&gt;&gt;</a>&nbsp;&nbsp;&nbsp;pump_set_strength
<LI><a href="#[136]">&gt;&gt;</a>&nbsp;&nbsp;&nbsp;dgusii_send
<LI><a href="#[146]">&gt;&gt;</a>&nbsp;&nbsp;&nbsp;app_scheduler_millis
<LI><a href="#[176]">&gt;&gt;</a>&nbsp;&nbsp;&nbsp;solenoid_set_duty
</UL>
<BR>[Address Reference Count : 1]<UL><LI> hmi_task.o(.text.dgusii_HMI_task)
</UL>
<P><STRONG><a name="[77]"></a>hmi_handle_fitfun_use</STRONG> (Thumb, 18 bytes, Stack size 0 bytes, hmi_task.o(.text.hmi_handle_fitfun_use))
<BR>[Address Reference Count : 1]<UL><LI> hmi_task.o(.text.dgusii_HMI_task)
</UL>
<P><STRONG><a name="[78]"></a>hmi_handle_gas_read</STRONG> (Thumb, 112 bytes, Stack size 16 bytes, hmi_task.o(.text.hmi_handle_gas_read))
<BR><BR>[Stack]<UL><LI>Max Depth = 32<LI>Call Chain = hmi_handle_gas_read &rArr; dgusii_send &rArr; __aeabi_memcpy
</UL>
<BR>[Calls]<UL><LI><a href="#[136]">&gt;&gt;</a>&nbsp;&nbsp;&nbsp;dgusii_send
<LI><a href="#[172]">&gt;&gt;</a>&nbsp;&nbsp;&nbsp;dataup_set_enable
</UL>
<BR>[Address Reference Count : 1]<UL><LI> hmi_task.o(.text.dgusii_HMI_task)
</UL>
<P><STRONG><a name="[170]"></a>hmi_log_dbg</STRONG> (Thumb, 60 bytes, Stack size 152 bytes, hmi_task.o(.text.hmi_log_dbg))
<BR><BR>[Stack]<UL><LI>Max Depth = 252<LI>Call Chain = hmi_log_dbg &rArr; usb_cdc_send_packet &rArr; USBD_CDC_TransmitPacket &rArr; USBD_LL_Transmit &rArr; HAL_PCD_EP_Transmit &rArr; USB_EPStartXfer
</UL>
<BR>[Calls]<UL><LI><a href="#[c9]">&gt;&gt;</a>&nbsp;&nbsp;&nbsp;usb_cdc_send_packet
<LI><a href="#[193]">&gt;&gt;</a>&nbsp;&nbsp;&nbsp;vsnprintf
</UL>
<BR>[Called By]<UL><LI><a href="#[6c]">&gt;&gt;</a>&nbsp;&nbsp;&nbsp;_hmi_handle_fitfun_use
<LI><a href="#[6b]">&gt;&gt;</a>&nbsp;&nbsp;&nbsp;_hmi_handle_log_print
<LI><a href="#[75]">&gt;&gt;</a>&nbsp;&nbsp;&nbsp;hmi_handle_log_print
<LI><a href="#[6e]">&gt;&gt;</a>&nbsp;&nbsp;&nbsp;hmi_handle_log_data
</UL>

<P><STRONG><a name="[65]"></a>_hmi_handle_button_key</STRONG> (Thumb, 288 bytes, Stack size 32 bytes, hmi_task.o(.text._hmi_handle_button_key))
<BR><BR>[Stack]<UL><LI>Max Depth = 56<LI>Call Chain = _hmi_handle_button_key &rArr; dgusii_request &rArr; __aeabi_memcpy
</UL>
<BR>[Calls]<UL><LI><a href="#[16d]">&gt;&gt;</a>&nbsp;&nbsp;&nbsp;pump_set_strength
<LI><a href="#[16e]">&gt;&gt;</a>&nbsp;&nbsp;&nbsp;dgusii_request
<LI><a href="#[136]">&gt;&gt;</a>&nbsp;&nbsp;&nbsp;dgusii_send
<LI><a href="#[146]">&gt;&gt;</a>&nbsp;&nbsp;&nbsp;app_scheduler_millis
</UL>
<BR>[Address Reference Count : 1]<UL><LI> hmi_task.o(.text.HMI_task_poll)
</UL>
<P><STRONG><a name="[66]"></a>_hmi_handle_gas_select</STRONG> (Thumb, 20 bytes, Stack size 0 bytes, hmi_task.o(.text._hmi_handle_gas_select))
<BR>[Address Reference Count : 1]<UL><LI> hmi_task.o(.text.HMI_task_poll)
</UL>
<P><STRONG><a name="[67]"></a>_hmi_handle_param_input</STRONG> (Thumb, 20 bytes, Stack size 0 bytes, hmi_task.o(.text._hmi_handle_param_input))
<BR>[Address Reference Count : 1]<UL><LI> hmi_task.o(.text.HMI_task_poll)
</UL>
<P><STRONG><a name="[68]"></a>_hmi_handle_gas_button</STRONG> (Thumb, 360 bytes, Stack size 40 bytes, hmi_task.o(.text._hmi_handle_gas_button))
<BR><BR>[Stack]<UL><LI>Max Depth = 56<LI>Call Chain = _hmi_handle_gas_button &rArr; dgusii_send &rArr; __aeabi_memcpy
</UL>
<BR>[Calls]<UL><LI><a href="#[136]">&gt;&gt;</a>&nbsp;&nbsp;&nbsp;dgusii_send
<LI><a href="#[146]">&gt;&gt;</a>&nbsp;&nbsp;&nbsp;app_scheduler_millis
<LI><a href="#[172]">&gt;&gt;</a>&nbsp;&nbsp;&nbsp;dataup_set_enable
<LI><a href="#[16c]">&gt;&gt;</a>&nbsp;&nbsp;&nbsp;app_scheduler_delay_ms
</UL>
<BR>[Address Reference Count : 1]<UL><LI> hmi_task.o(.text.HMI_task_poll)
</UL>
<P><STRONG><a name="[69]"></a>_hmi_handle_gas_button_Cycletime</STRONG> (Thumb, 268 bytes, Stack size 80 bytes, hmi_task.o(.text._hmi_handle_gas_button_Cycletime))
<BR><BR>[Stack]<UL><LI>Max Depth = 236<LI>Call Chain = _hmi_handle_gas_button_Cycletime &rArr; rtc_get_datetime &rArr; ds1302_read_reg &rArr; ds1302_write_byte &rArr; HAL_GPIO_Init
</UL>
<BR>[Calls]<UL><LI><a href="#[c9]">&gt;&gt;</a>&nbsp;&nbsp;&nbsp;usb_cdc_send_packet
<LI><a href="#[13b]">&gt;&gt;</a>&nbsp;&nbsp;&nbsp;rtc_get_datetime
<LI><a href="#[136]">&gt;&gt;</a>&nbsp;&nbsp;&nbsp;dgusii_send
<LI><a href="#[146]">&gt;&gt;</a>&nbsp;&nbsp;&nbsp;app_scheduler_millis
<LI><a href="#[c7]">&gt;&gt;</a>&nbsp;&nbsp;&nbsp;__2snprintf
</UL>
<BR>[Address Reference Count : 1]<UL><LI> hmi_task.o(.text.HMI_task_poll)
</UL>
<P><STRONG><a name="[6a]"></a>_hmi_handle_pump_start</STRONG> (Thumb, 244 bytes, Stack size 24 bytes, hmi_task.o(.text._hmi_handle_pump_start))
<BR><BR>[Stack]<UL><LI>Max Depth = 48<LI>Call Chain = _hmi_handle_pump_start &rArr; solenoid_set_duty
</UL>
<BR>[Calls]<UL><LI><a href="#[16d]">&gt;&gt;</a>&nbsp;&nbsp;&nbsp;pump_set_strength
<LI><a href="#[136]">&gt;&gt;</a>&nbsp;&nbsp;&nbsp;dgusii_send
<LI><a href="#[146]">&gt;&gt;</a>&nbsp;&nbsp;&nbsp;app_scheduler_millis
<LI><a href="#[176]">&gt;&gt;</a>&nbsp;&nbsp;&nbsp;solenoid_set_duty
</UL>
<BR>[Address Reference Count : 1]<UL><LI> hmi_task.o(.text.HMI_task_poll)
</UL>
<P><STRONG><a name="[6b]"></a>_hmi_handle_log_print</STRONG> (Thumb, 512 bytes, Stack size 40 bytes, hmi_task.o(.text._hmi_handle_log_print))
<BR><BR>[Stack]<UL><LI>Max Depth = 292<LI>Call Chain = _hmi_handle_log_print &rArr; hmi_log_dbg &rArr; usb_cdc_send_packet &rArr; USBD_CDC_TransmitPacket &rArr; USBD_LL_Transmit &rArr; HAL_PCD_EP_Transmit &rArr; USB_EPStartXfer
</UL>
<BR>[Calls]<UL><LI><a href="#[c9]">&gt;&gt;</a>&nbsp;&nbsp;&nbsp;usb_cdc_send_packet
<LI><a href="#[136]">&gt;&gt;</a>&nbsp;&nbsp;&nbsp;dgusii_send
<LI><a href="#[175]">&gt;&gt;</a>&nbsp;&nbsp;&nbsp;dgusii_recover
<LI><a href="#[173]">&gt;&gt;</a>&nbsp;&nbsp;&nbsp;dgusii_timeout_expired
<LI><a href="#[174]">&gt;&gt;</a>&nbsp;&nbsp;&nbsp;dgusii_tick_ms
<LI><a href="#[c6]">&gt;&gt;</a>&nbsp;&nbsp;&nbsp;__aeabi_memcpy
<LI><a href="#[170]">&gt;&gt;</a>&nbsp;&nbsp;&nbsp;hmi_log_dbg
</UL>
<BR>[Address Reference Count : 1]<UL><LI> hmi_task.o(.text.HMI_task_poll)
</UL>
<P><STRONG><a name="[6c]"></a>_hmi_handle_fitfun_use</STRONG> (Thumb, 264 bytes, Stack size 48 bytes, hmi_task.o(.text._hmi_handle_fitfun_use))
<BR><BR>[Stack]<UL><LI>Max Depth = 300<LI>Call Chain = _hmi_handle_fitfun_use &rArr; hmi_log_dbg &rArr; usb_cdc_send_packet &rArr; USBD_CDC_TransmitPacket &rArr; USBD_LL_Transmit &rArr; HAL_PCD_EP_Transmit &rArr; USB_EPStartXfer
</UL>
<BR>[Calls]<UL><LI><a href="#[16f]">&gt;&gt;</a>&nbsp;&nbsp;&nbsp;__aeabi_f2d
<LI><a href="#[16e]">&gt;&gt;</a>&nbsp;&nbsp;&nbsp;dgusii_request
<LI><a href="#[170]">&gt;&gt;</a>&nbsp;&nbsp;&nbsp;hmi_log_dbg
<LI><a href="#[171]">&gt;&gt;</a>&nbsp;&nbsp;&nbsp;storage_param_write_group
</UL>
<BR>[Address Reference Count : 1]<UL><LI> hmi_task.o(.text.HMI_task_poll)
</UL>
<P><STRONG><a name="[6d]"></a>_hmi_handle_param_save</STRONG> (Thumb, 116 bytes, Stack size 24 bytes, hmi_task.o(.text._hmi_handle_param_save))
<BR><BR>[Stack]<UL><LI>Max Depth = 144<LI>Call Chain = _hmi_handle_param_save &rArr; storage_log_write &rArr; HAL_FLASHEx_Erase &rArr; FLASH_WaitForLastOperation
</UL>
<BR>[Calls]<UL><LI><a href="#[16e]">&gt;&gt;</a>&nbsp;&nbsp;&nbsp;dgusii_request
<LI><a href="#[c6]">&gt;&gt;</a>&nbsp;&nbsp;&nbsp;__aeabi_memcpy
<LI><a href="#[13c]">&gt;&gt;</a>&nbsp;&nbsp;&nbsp;storage_log_write
</UL>
<BR>[Address Reference Count : 1]<UL><LI> hmi_task.o(.text.HMI_task_poll)
</UL>
<P><STRONG><a name="[c4]"></a>C2H6_send_frame</STRONG> (Thumb, 360 bytes, Stack size 104 bytes, c2h6.o(.text.C2H6_send_frame))
<BR><BR>[Stack]<UL><LI>Max Depth = 136<LI>Call Chain = C2H6_send_frame &rArr; uart_sendData &rArr; HAL_UART_Transmit
</UL>
<BR>[Calls]<UL><LI><a href="#[ce]">&gt;&gt;</a>&nbsp;&nbsp;&nbsp;uart_sendData
</UL>
<BR>[Called By]<UL><LI><a href="#[ca]">&gt;&gt;</a>&nbsp;&nbsp;&nbsp;C2H6_conc
<LI><a href="#[c3]">&gt;&gt;</a>&nbsp;&nbsp;&nbsp;C2H6_SNverify
<LI><a href="#[cb]">&gt;&gt;</a>&nbsp;&nbsp;&nbsp;C2H6_run
</UL>

<P><STRONG><a name="[1c2]"></a>_fp_digits</STRONG> (Thumb, 366 bytes, Stack size 64 bytes, printfa.o(i._fp_digits), UNUSED)
<BR><BR>[Calls]<UL><LI><a href="#[af]">&gt;&gt;</a>&nbsp;&nbsp;&nbsp;__aeabi_dmul
<LI><a href="#[b0]">&gt;&gt;</a>&nbsp;&nbsp;&nbsp;__aeabi_ddiv
<LI><a href="#[a8]">&gt;&gt;</a>&nbsp;&nbsp;&nbsp;__aeabi_dadd
<LI><a href="#[b4]">&gt;&gt;</a>&nbsp;&nbsp;&nbsp;__aeabi_uldivmod
<LI><a href="#[b7]">&gt;&gt;</a>&nbsp;&nbsp;&nbsp;__aeabi_d2ulz
<LI><a href="#[1c3]">&gt;&gt;</a>&nbsp;&nbsp;&nbsp;__aeabi_cdrcmple
</UL>
<BR>[Called By]<UL><LI><a href="#[1bf]">&gt;&gt;</a>&nbsp;&nbsp;&nbsp;_printf_core
</UL>

<P><STRONG><a name="[1bf]"></a>_printf_core</STRONG> (Thumb, 1744 bytes, Stack size 136 bytes, printfa.o(i._printf_core), UNUSED)
<BR><BR>[Calls]<UL><LI><a href="#[b4]">&gt;&gt;</a>&nbsp;&nbsp;&nbsp;__aeabi_uldivmod
<LI><a href="#[1c6]">&gt;&gt;</a>&nbsp;&nbsp;&nbsp;__aeabi_uidivmod
<LI><a href="#[1c4]">&gt;&gt;</a>&nbsp;&nbsp;&nbsp;_printf_pre_padding
<LI><a href="#[1c5]">&gt;&gt;</a>&nbsp;&nbsp;&nbsp;_printf_post_padding
<LI><a href="#[1c2]">&gt;&gt;</a>&nbsp;&nbsp;&nbsp;_fp_digits
</UL>
<BR>[Called By]<UL><LI><a href="#[1c1]">&gt;&gt;</a>&nbsp;&nbsp;&nbsp;__0vsnprintf
<LI><a href="#[1c0]">&gt;&gt;</a>&nbsp;&nbsp;&nbsp;__0sprintf
<LI><a href="#[1be]">&gt;&gt;</a>&nbsp;&nbsp;&nbsp;__0snprintf
</UL>

<P><STRONG><a name="[1c5]"></a>_printf_post_padding</STRONG> (Thumb, 36 bytes, Stack size 24 bytes, printfa.o(i._printf_post_padding), UNUSED)
<BR><BR>[Called By]<UL><LI><a href="#[1bf]">&gt;&gt;</a>&nbsp;&nbsp;&nbsp;_printf_core
</UL>

<P><STRONG><a name="[1c4]"></a>_printf_pre_padding</STRONG> (Thumb, 46 bytes, Stack size 24 bytes, printfa.o(i._printf_pre_padding), UNUSED)
<BR><BR>[Called By]<UL><LI><a href="#[1bf]">&gt;&gt;</a>&nbsp;&nbsp;&nbsp;_printf_core
</UL>

<P><STRONG><a name="[80]"></a>_snputc</STRONG> (Thumb, 22 bytes, Stack size 0 bytes, printfa.o(i._snputc))
<BR>[Address Reference Count : 2]<UL><LI> printfa.o(i.__0snprintf)
<LI> printfa.o(i.__0vsnprintf)
</UL>
<P><STRONG><a name="[81]"></a>_sputc</STRONG> (Thumb, 10 bytes, Stack size 0 bytes, printfa.o(i._sputc))
<BR><BR>[Called By]<UL><LI><a href="#[1c0]">&gt;&gt;</a>&nbsp;&nbsp;&nbsp;__0sprintf
</UL>
<BR>[Address Reference Count : 1]<UL><LI> printfa.o(i.__0sprintf)
</UL><P>
<H3>
Undefined Global Symbols
</H3><HR></body></html>
